  Determining projects to restore...
C:\projects\platform-engineering-copilot\src\Platform.Engineering.Copilot.State\Platform.Engineering.Copilot.State.csproj : warning NU1510: PackageReference System.Text.Json will not be pruned. This package is automatically available and does not need to be referenced explicitly. Remove the PackageReference item. [C:\projects\platform-engineering-copilot\Platform.Engineering.Copilot.sln]
C:\projects\platform-engineering-copilot\src\Platform.Engineering.Copilot.Channels\Platform.Engineering.Copilot.Channels.csproj : warning NU1510: PackageReference System.Text.Json will not be pruned. This package is automatically available and does not need to be referenced explicitly. Remove the PackageReference item. [C:\projects\platform-engineering-copilot\Platform.Engineering.Copilot.sln]
C:\projects\platform-engineering-copilot\src\Platform.Engineering.Copilot.Channels\Platform.Engineering.Copilot.Channels.csproj : warning NU1903: Package 'Newtonsoft.Json' 11.0.2 has a known high severity vulnerability, https://github.com/advisories/GHSA-5crp-9r3c-p9vr [C:\projects\platform-engineering-copilot\Platform.Engineering.Copilot.sln]
C:\projects\platform-engineering-copilot\tests\Platform.Engineering.Copilot.Mcp.Tests\Platform.Engineering.Copilot.Mcp.Tests.csproj : warning NU1608: Detected package version outside of dependency constraint: Microsoft.SemanticKernel.Connectors.AzureOpenAI 1.26.0 requires Azure.AI.OpenAI (= 2.1.0-beta.1) but version Azure.AI.OpenAI 2.1.0 was resolved. [C:\projects\platform-engineering-copilot\Platform.Engineering.Copilot.sln]
C:\projects\platform-engineering-copilot\tests\Platform.Engineering.Copilot.Core.Tests\Platform.Engineering.Copilot.Core.Tests.csproj : warning NU1902: Package 'MessagePack' 2.5.108 has a known moderate severity vulnerability, https://github.com/advisories/GHSA-2f33-pr97-265q [C:\projects\platform-engineering-copilot\Platform.Engineering.Copilot.sln]
C:\projects\platform-engineering-copilot\tests\Platform.Engineering.Copilot.Mcp.Tests\Platform.Engineering.Copilot.Mcp.Tests.csproj : warning NU1608: Detected package version outside of dependency constraint: Microsoft.SemanticKernel.Connectors.OpenAI 1.26.0 requires OpenAI (= 2.1.0-beta.1) but version OpenAI 2.2.0-beta.4 was resolved. [C:\projects\platform-engineering-copilot\Platform.Engineering.Copilot.sln]
C:\projects\platform-engineering-copilot\tests\Platform.Engineering.Copilot.Agents.Tests\Platform.Engineering.Copilot.Agents.Tests.csproj : warning NU1608: Detected package version outside of dependency constraint: Microsoft.SemanticKernel.Connectors.AzureOpenAI 1.26.0 requires Azure.AI.OpenAI (= 2.1.0-beta.1) but version Azure.AI.OpenAI 2.1.0 was resolved. [C:\projects\platform-engineering-copilot\Platform.Engineering.Copilot.sln]
C:\projects\platform-engineering-copilot\tests\Platform.Engineering.Copilot.Core.Tests\Platform.Engineering.Copilot.Core.Tests.csproj : warning NU1902: Package 'MessagePack' 2.5.108 has a known moderate severity vulnerability, https://github.com/advisories/GHSA-2x83-8g95-xh59 [C:\projects\platform-engineering-copilot\Platform.Engineering.Copilot.sln]
C:\projects\platform-engineering-copilot\tests\Platform.Engineering.Copilot.Mcp.Tests\Platform.Engineering.Copilot.Mcp.Tests.csproj : warning NU1902: Package 'MessagePack' 2.5.108 has a known moderate severity vulnerability, https://github.com/advisories/GHSA-2f33-pr97-265q [C:\projects\platform-engineering-copilot\Platform.Engineering.Copilot.sln]
C:\projects\platform-engineering-copilot\tests\Platform.Engineering.Copilot.Core.Tests\Platform.Engineering.Copilot.Core.Tests.csproj : warning NU1902: Package 'MessagePack' 2.5.108 has a known moderate severity vulnerability, https://github.com/advisories/GHSA-4qm4-8hg2-g2xm [C:\projects\platform-engineering-copilot\Platform.Engineering.Copilot.sln]
C:\projects\platform-engineering-copilot\tests\Platform.Engineering.Copilot.Agents.Tests\Platform.Engineering.Copilot.Agents.Tests.csproj : warning NU1608: Detected package version outside of dependency constraint: Microsoft.SemanticKernel.Connectors.OpenAI 1.26.0 requires OpenAI (= 2.1.0-beta.1) but version OpenAI 2.2.0-beta.4 was resolved. [C:\projects\platform-engineering-copilot\Platform.Engineering.Copilot.sln]
C:\projects\platform-engineering-copilot\tests\Platform.Engineering.Copilot.Mcp.Tests\Platform.Engineering.Copilot.Mcp.Tests.csproj : warning NU1902: Package 'MessagePack' 2.5.108 has a known moderate severity vulnerability, https://github.com/advisories/GHSA-2x83-8g95-xh59 [C:\projects\platform-engineering-copilot\Platform.Engineering.Copilot.sln]
C:\projects\platform-engineering-copilot\tests\Platform.Engineering.Copilot.Core.Tests\Platform.Engineering.Copilot.Core.Tests.csproj : warning NU1902: Package 'MessagePack' 2.5.108 has a known moderate severity vulnerability, https://github.com/advisories/GHSA-cj9g-3mj2-g8vv [C:\projects\platform-engineering-copilot\Platform.Engineering.Copilot.sln]
C:\projects\platform-engineering-copilot\tests\Platform.Engineering.Copilot.Agents.Tests\Platform.Engineering.Copilot.Agents.Tests.csproj : warning NU1902: Package 'MessagePack' 2.5.108 has a known moderate severity vulnerability, https://github.com/advisories/GHSA-2f33-pr97-265q [C:\projects\platform-engineering-copilot\Platform.Engineering.Copilot.sln]
C:\projects\platform-engineering-copilot\src\Platform.Engineering.Copilot.Chat\Platform.Engineering.Copilot.Chat.csproj : warning NU1510: PackageReference Microsoft.AspNetCore.SignalR will not be pruned. This package is automatically available and does not need to be referenced explicitly. Remove the PackageReference item. [C:\projects\platform-engineering-copilot\Platform.Engineering.Copilot.sln]
C:\projects\platform-engineering-copilot\tests\Platform.Engineering.Copilot.Mcp.Tests\Platform.Engineering.Copilot.Mcp.Tests.csproj : warning NU1902: Package 'MessagePack' 2.5.108 has a known moderate severity vulnerability, https://github.com/advisories/GHSA-4qm4-8hg2-g2xm [C:\projects\platform-engineering-copilot\Platform.Engineering.Copilot.sln]
C:\projects\platform-engineering-copilot\tests\Platform.Engineering.Copilot.Core.Tests\Platform.Engineering.Copilot.Core.Tests.csproj : warning NU1902: Package 'MessagePack' 2.5.108 has a known moderate severity vulnerability, https://github.com/advisories/GHSA-cxmj-83gh-fp49 [C:\projects\platform-engineering-copilot\Platform.Engineering.Copilot.sln]
C:\projects\platform-engineering-copilot\tests\Platform.Engineering.Copilot.Agents.Tests\Platform.Engineering.Copilot.Agents.Tests.csproj : warning NU1902: Package 'MessagePack' 2.5.108 has a known moderate severity vulnerability, https://github.com/advisories/GHSA-2x83-8g95-xh59 [C:\projects\platform-engineering-copilot\Platform.Engineering.Copilot.sln]
C:\projects\platform-engineering-copilot\src\Platform.Engineering.Copilot.Chat\Platform.Engineering.Copilot.Chat.csproj : warning NU1510: PackageReference System.Text.Json will not be pruned. This package is automatically available and does not need to be referenced explicitly. Remove the PackageReference item. [C:\projects\platform-engineering-copilot\Platform.Engineering.Copilot.sln]
C:\projects\platform-engineering-copilot\tests\Platform.Engineering.Copilot.Mcp.Tests\Platform.Engineering.Copilot.Mcp.Tests.csproj : warning NU1902: Package 'MessagePack' 2.5.108 has a known moderate severity vulnerability, https://github.com/advisories/GHSA-cj9g-3mj2-g8vv [C:\projects\platform-engineering-copilot\Platform.Engineering.Copilot.sln]
C:\projects\platform-engineering-copilot\tests\Platform.Engineering.Copilot.Core.Tests\Platform.Engineering.Copilot.Core.Tests.csproj : warning NU1903: Package 'MessagePack' 2.5.108 has a known high severity vulnerability, https://github.com/advisories/GHSA-hv8m-jj95-wg3x [C:\projects\platform-engineering-copilot\Platform.Engineering.Copilot.sln]
C:\projects\platform-engineering-copilot\tests\Platform.Engineering.Copilot.Agents.Tests\Platform.Engineering.Copilot.Agents.Tests.csproj : warning NU1902: Package 'MessagePack' 2.5.108 has a known moderate severity vulnerability, https://github.com/advisories/GHSA-4qm4-8hg2-g2xm [C:\projects\platform-engineering-copilot\Platform.Engineering.Copilot.sln]
C:\projects\platform-engineering-copilot\src\Platform.Engineering.Copilot.Chat\Platform.Engineering.Copilot.Chat.csproj : warning NU1510: PackageReference Microsoft.AspNetCore.Http.Features will not be pruned. This package is automatically available and does not need to be referenced explicitly. Remove the PackageReference item. [C:\projects\platform-engineering-copilot\Platform.Engineering.Copilot.sln]
C:\projects\platform-engineering-copilot\tests\Platform.Engineering.Copilot.Mcp.Tests\Platform.Engineering.Copilot.Mcp.Tests.csproj : warning NU1902: Package 'MessagePack' 2.5.108 has a known moderate severity vulnerability, https://github.com/advisories/GHSA-cxmj-83gh-fp49 [C:\projects\platform-engineering-copilot\Platform.Engineering.Copilot.sln]
C:\projects\platform-engineering-copilot\tests\Platform.Engineering.Copilot.Core.Tests\Platform.Engineering.Copilot.Core.Tests.csproj : warning NU1902: Package 'MessagePack' 2.5.108 has a known moderate severity vulnerability, https://github.com/advisories/GHSA-q2h6-ghwm-5qm8 [C:\projects\platform-engineering-copilot\Platform.Engineering.Copilot.sln]
C:\projects\platform-engineering-copilot\tests\Platform.Engineering.Copilot.Agents.Tests\Platform.Engineering.Copilot.Agents.Tests.csproj : warning NU1902: Package 'MessagePack' 2.5.108 has a known moderate severity vulnerability, https://github.com/advisories/GHSA-cj9g-3mj2-g8vv [C:\projects\platform-engineering-copilot\Platform.Engineering.Copilot.sln]
C:\projects\platform-engineering-copilot\src\Platform.Engineering.Copilot.Chat\Platform.Engineering.Copilot.Chat.csproj : warning NU1608: Detected package version outside of dependency constraint: Microsoft.SemanticKernel.Connectors.AzureOpenAI 1.26.0 requires Azure.AI.OpenAI (= 2.1.0-beta.1) but version Azure.AI.OpenAI 2.1.0 was resolved. [C:\projects\platform-engineering-copilot\Platform.Engineering.Copilot.sln]
C:\projects\platform-engineering-copilot\tests\Platform.Engineering.Copilot.Mcp.Tests\Platform.Engineering.Copilot.Mcp.Tests.csproj : warning NU1903: Package 'MessagePack' 2.5.108 has a known high severity vulnerability, https://github.com/advisories/GHSA-hv8m-jj95-wg3x [C:\projects\platform-engineering-copilot\Platform.Engineering.Copilot.sln]
C:\projects\platform-engineering-copilot\tests\Platform.Engineering.Copilot.Core.Tests\Platform.Engineering.Copilot.Core.Tests.csproj : warning NU1902: Package 'MessagePack' 2.5.108 has a known moderate severity vulnerability, https://github.com/advisories/GHSA-qhmf-xw27-6rqr [C:\projects\platform-engineering-copilot\Platform.Engineering.Copilot.sln]
C:\projects\platform-engineering-copilot\tests\Platform.Engineering.Copilot.Agents.Tests\Platform.Engineering.Copilot.Agents.Tests.csproj : warning NU1902: Package 'MessagePack' 2.5.108 has a known moderate severity vulnerability, https://github.com/advisories/GHSA-cxmj-83gh-fp49 [C:\projects\platform-engineering-copilot\Platform.Engineering.Copilot.sln]
C:\projects\platform-engineering-copilot\src\Platform.Engineering.Copilot.Chat\Platform.Engineering.Copilot.Chat.csproj : warning NU1608: Detected package version outside of dependency constraint: Microsoft.SemanticKernel.Connectors.OpenAI 1.26.0 requires OpenAI (= 2.1.0-beta.1) but version OpenAI 2.2.0-beta.4 was resolved. [C:\projects\platform-engineering-copilot\Platform.Engineering.Copilot.sln]
C:\projects\platform-engineering-copilot\tests\Platform.Engineering.Copilot.Mcp.Tests\Platform.Engineering.Copilot.Mcp.Tests.csproj : warning NU1902: Package 'MessagePack' 2.5.108 has a known moderate severity vulnerability, https://github.com/advisories/GHSA-q2h6-ghwm-5qm8 [C:\projects\platform-engineering-copilot\Platform.Engineering.Copilot.sln]
C:\projects\platform-engineering-copilot\tests\Platform.Engineering.Copilot.Core.Tests\Platform.Engineering.Copilot.Core.Tests.csproj : warning NU1902: Package 'MessagePack' 2.5.108 has a known moderate severity vulnerability, https://github.com/advisories/GHSA-v72x-2h86-7f8m [C:\projects\platform-engineering-copilot\Platform.Engineering.Copilot.sln]
C:\projects\platform-engineering-copilot\tests\Platform.Engineering.Copilot.Agents.Tests\Platform.Engineering.Copilot.Agents.Tests.csproj : warning NU1903: Package 'MessagePack' 2.5.108 has a known high severity vulnerability, https://github.com/advisories/GHSA-hv8m-jj95-wg3x [C:\projects\platform-engineering-copilot\Platform.Engineering.Copilot.sln]
C:\projects\platform-engineering-copilot\tests\Platform.Engineering.Copilot.Mcp.Tests\Platform.Engineering.Copilot.Mcp.Tests.csproj : warning NU1902: Package 'MessagePack' 2.5.108 has a known moderate severity vulnerability, https://github.com/advisories/GHSA-qhmf-xw27-6rqr [C:\projects\platform-engineering-copilot\Platform.Engineering.Copilot.sln]
C:\projects\platform-engineering-copilot\src\Platform.Engineering.Copilot.Chat\Platform.Engineering.Copilot.Chat.csproj : warning NU1902: Package 'MessagePack' 2.5.108 has a known moderate severity vulnerability, https://github.com/advisories/GHSA-2f33-pr97-265q [C:\projects\platform-engineering-copilot\Platform.Engineering.Copilot.sln]
C:\projects\platform-engineering-copilot\tests\Platform.Engineering.Copilot.Agents.Tests\Platform.Engineering.Copilot.Agents.Tests.csproj : warning NU1902: Package 'MessagePack' 2.5.108 has a known moderate severity vulnerability, https://github.com/advisories/GHSA-q2h6-ghwm-5qm8 [C:\projects\platform-engineering-copilot\Platform.Engineering.Copilot.sln]
C:\projects\platform-engineering-copilot\tests\Platform.Engineering.Copilot.Core.Tests\Platform.Engineering.Copilot.Core.Tests.csproj : warning NU1903: Package 'MessagePack' 2.5.108 has a known high severity vulnerability, https://github.com/advisories/GHSA-vh6j-jc39-fggf [C:\projects\platform-engineering-copilot\Platform.Engineering.Copilot.sln]
C:\projects\platform-engineering-copilot\tests\Platform.Engineering.Copilot.Core.Tests\Platform.Engineering.Copilot.Core.Tests.csproj : warning NU1902: Package 'MessagePack' 2.5.108 has a known moderate severity vulnerability, https://github.com/advisories/GHSA-w567-gjr2-hm5j [C:\projects\platform-engineering-copilot\Platform.Engineering.Copilot.sln]
C:\projects\platform-engineering-copilot\src\Platform.Engineering.Copilot.Chat\Platform.Engineering.Copilot.Chat.csproj : warning NU1902: Package 'MessagePack' 2.5.108 has a known moderate severity vulnerability, https://github.com/advisories/GHSA-2x83-8g95-xh59 [C:\projects\platform-engineering-copilot\Platform.Engineering.Copilot.sln]
C:\projects\platform-engineering-copilot\tests\Platform.Engineering.Copilot.Mcp.Tests\Platform.Engineering.Copilot.Mcp.Tests.csproj : warning NU1902: Package 'MessagePack' 2.5.108 has a known moderate severity vulnerability, https://github.com/advisories/GHSA-v72x-2h86-7f8m [C:\projects\platform-engineering-copilot\Platform.Engineering.Copilot.sln]
C:\projects\platform-engineering-copilot\tests\Platform.Engineering.Copilot.Agents.Tests\Platform.Engineering.Copilot.Agents.Tests.csproj : warning NU1902: Package 'MessagePack' 2.5.108 has a known moderate severity vulnerability, https://github.com/advisories/GHSA-qhmf-xw27-6rqr [C:\projects\platform-engineering-copilot\Platform.Engineering.Copilot.sln]
C:\projects\platform-engineering-copilot\tests\Platform.Engineering.Copilot.Core.Tests\Platform.Engineering.Copilot.Core.Tests.csproj : warning NU1902: Package 'MessagePack' 2.5.108 has a known moderate severity vulnerability, https://github.com/advisories/GHSA-wfr3-xj75-pfwh [C:\projects\platform-engineering-copilot\Platform.Engineering.Copilot.sln]
C:\projects\platform-engineering-copilot\src\Platform.Engineering.Copilot.Chat\Platform.Engineering.Copilot.Chat.csproj : warning NU1902: Package 'MessagePack' 2.5.108 has a known moderate severity vulnerability, https://github.com/advisories/GHSA-4qm4-8hg2-g2xm [C:\projects\platform-engineering-copilot\Platform.Engineering.Copilot.sln]
C:\projects\platform-engineering-copilot\tests\Platform.Engineering.Copilot.Mcp.Tests\Platform.Engineering.Copilot.Mcp.Tests.csproj : warning NU1903: Package 'MessagePack' 2.5.108 has a known high severity vulnerability, https://github.com/advisories/GHSA-vh6j-jc39-fggf [C:\projects\platform-engineering-copilot\Platform.Engineering.Copilot.sln]
C:\projects\platform-engineering-copilot\tests\Platform.Engineering.Copilot.Agents.Tests\Platform.Engineering.Copilot.Agents.Tests.csproj : warning NU1902: Package 'MessagePack' 2.5.108 has a known moderate severity vulnerability, https://github.com/advisories/GHSA-v72x-2h86-7f8m [C:\projects\platform-engineering-copilot\Platform.Engineering.Copilot.sln]
C:\projects\platform-engineering-copilot\tests\Platform.Engineering.Copilot.Core.Tests\Platform.Engineering.Copilot.Core.Tests.csproj : warning NU1903: Package 'Microsoft.Kiota.Abstractions' 1.13.0 has a known high severity vulnerability, https://github.com/advisories/GHSA-7j59-v9qr-6fq9 [C:\projects\platform-engineering-copilot\Platform.Engineering.Copilot.sln]
C:\projects\platform-engineering-copilot\src\Platform.Engineering.Copilot.Chat\Platform.Engineering.Copilot.Chat.csproj : warning NU1902: Package 'MessagePack' 2.5.108 has a known moderate severity vulnerability, https://github.com/advisories/GHSA-cj9g-3mj2-g8vv [C:\projects\platform-engineering-copilot\Platform.Engineering.Copilot.sln]
C:\projects\platform-engineering-copilot\tests\Platform.Engineering.Copilot.Mcp.Tests\Platform.Engineering.Copilot.Mcp.Tests.csproj : warning NU1902: Package 'MessagePack' 2.5.108 has a known moderate severity vulnerability, https://github.com/advisories/GHSA-w567-gjr2-hm5j [C:\projects\platform-engineering-copilot\Platform.Engineering.Copilot.sln]
C:\projects\platform-engineering-copilot\tests\Platform.Engineering.Copilot.Agents.Tests\Platform.Engineering.Copilot.Agents.Tests.csproj : warning NU1903: Package 'MessagePack' 2.5.108 has a known high severity vulnerability, https://github.com/advisories/GHSA-vh6j-jc39-fggf [C:\projects\platform-engineering-copilot\Platform.Engineering.Copilot.sln]
C:\projects\platform-engineering-copilot\src\Platform.Engineering.Copilot.Chat\Platform.Engineering.Copilot.Chat.csproj : warning NU1902: Package 'MessagePack' 2.5.108 has a known moderate severity vulnerability, https://github.com/advisories/GHSA-cxmj-83gh-fp49 [C:\projects\platform-engineering-copilot\Platform.Engineering.Copilot.sln]
C:\projects\platform-engineering-copilot\tests\Platform.Engineering.Copilot.Mcp.Tests\Platform.Engineering.Copilot.Mcp.Tests.csproj : warning NU1902: Package 'MessagePack' 2.5.108 has a known moderate severity vulnerability, https://github.com/advisories/GHSA-wfr3-xj75-pfwh [C:\projects\platform-engineering-copilot\Platform.Engineering.Copilot.sln]
C:\projects\platform-engineering-copilot\tests\Platform.Engineering.Copilot.Agents.Tests\Platform.Engineering.Copilot.Agents.Tests.csproj : warning NU1902: Package 'MessagePack' 2.5.108 has a known moderate severity vulnerability, https://github.com/advisories/GHSA-w567-gjr2-hm5j [C:\projects\platform-engineering-copilot\Platform.Engineering.Copilot.sln]
C:\projects\platform-engineering-copilot\src\Platform.Engineering.Copilot.Chat\Platform.Engineering.Copilot.Chat.csproj : warning NU1903: Package 'MessagePack' 2.5.108 has a known high severity vulnerability, https://github.com/advisories/GHSA-hv8m-jj95-wg3x [C:\projects\platform-engineering-copilot\Platform.Engineering.Copilot.sln]
C:\projects\platform-engineering-copilot\tests\Platform.Engineering.Copilot.Mcp.Tests\Platform.Engineering.Copilot.Mcp.Tests.csproj : warning NU1903: Package 'Microsoft.Kiota.Abstractions' 1.13.0 has a known high severity vulnerability, https://github.com/advisories/GHSA-7j59-v9qr-6fq9 [C:\projects\platform-engineering-copilot\Platform.Engineering.Copilot.sln]
C:\projects\platform-engineering-copilot\tests\Platform.Engineering.Copilot.Agents.Tests\Platform.Engineering.Copilot.Agents.Tests.csproj : warning NU1902: Package 'MessagePack' 2.5.108 has a known moderate severity vulnerability, https://github.com/advisories/GHSA-wfr3-xj75-pfwh [C:\projects\platform-engineering-copilot\Platform.Engineering.Copilot.sln]
C:\projects\platform-engineering-copilot\tests\Platform.Engineering.Copilot.Core.Tests\Platform.Engineering.Copilot.Core.Tests.csproj : warning NU1902: Package 'Microsoft.Rest.ClientRuntime' 2.3.20 has a known moderate severity vulnerability, https://github.com/advisories/GHSA-whph-446h-6m9v [C:\projects\platform-engineering-copilot\Platform.Engineering.Copilot.sln]
C:\projects\platform-engineering-copilot\src\Platform.Engineering.Copilot.Chat\Platform.Engineering.Copilot.Chat.csproj : warning NU1902: Package 'MessagePack' 2.5.108 has a known moderate severity vulnerability, https://github.com/advisories/GHSA-q2h6-ghwm-5qm8 [C:\projects\platform-engineering-copilot\Platform.Engineering.Copilot.sln]
C:\projects\platform-engineering-copilot\tests\Platform.Engineering.Copilot.Mcp.Tests\Platform.Engineering.Copilot.Mcp.Tests.csproj : warning NU1902: Package 'Microsoft.Rest.ClientRuntime' 2.3.20 has a known moderate severity vulnerability, https://github.com/advisories/GHSA-whph-446h-6m9v [C:\projects\platform-engineering-copilot\Platform.Engineering.Copilot.sln]
C:\projects\platform-engineering-copilot\tests\Platform.Engineering.Copilot.Agents.Tests\Platform.Engineering.Copilot.Agents.Tests.csproj : warning NU1903: Package 'Microsoft.Kiota.Abstractions' 1.13.0 has a known high severity vulnerability, https://github.com/advisories/GHSA-7j59-v9qr-6fq9 [C:\projects\platform-engineering-copilot\Platform.Engineering.Copilot.sln]
C:\projects\platform-engineering-copilot\tests\Platform.Engineering.Copilot.Core.Tests\Platform.Engineering.Copilot.Core.Tests.csproj : warning NU1904: Package 'Microsoft.SemanticKernel.Core' 1.26.0 has a known critical severity vulnerability, https://github.com/advisories/GHSA-2ww3-72rp-wpp4 [C:\projects\platform-engineering-copilot\Platform.Engineering.Copilot.sln]
C:\projects\platform-engineering-copilot\src\Platform.Engineering.Copilot.Chat\Platform.Engineering.Copilot.Chat.csproj : warning NU1902: Package 'MessagePack' 2.5.108 has a known moderate severity vulnerability, https://github.com/advisories/GHSA-qhmf-xw27-6rqr [C:\projects\platform-engineering-copilot\Platform.Engineering.Copilot.sln]
C:\projects\platform-engineering-copilot\tests\Platform.Engineering.Copilot.Mcp.Tests\Platform.Engineering.Copilot.Mcp.Tests.csproj : warning NU1904: Package 'Microsoft.SemanticKernel.Core' 1.26.0 has a known critical severity vulnerability, https://github.com/advisories/GHSA-2ww3-72rp-wpp4 [C:\projects\platform-engineering-copilot\Platform.Engineering.Copilot.sln]
C:\projects\platform-engineering-copilot\tests\Platform.Engineering.Copilot.Agents.Tests\Platform.Engineering.Copilot.Agents.Tests.csproj : warning NU1902: Package 'Microsoft.Rest.ClientRuntime' 2.3.20 has a known moderate severity vulnerability, https://github.com/advisories/GHSA-whph-446h-6m9v [C:\projects\platform-engineering-copilot\Platform.Engineering.Copilot.sln]
C:\projects\platform-engineering-copilot\tests\Platform.Engineering.Copilot.Mcp.Tests\Platform.Engineering.Copilot.Mcp.Tests.csproj : warning NU1902: Package 'OpenTelemetry.Api' 1.8.1 has a known moderate severity vulnerability, https://github.com/advisories/GHSA-g94r-2vxg-569j [C:\projects\platform-engineering-copilot\Platform.Engineering.Copilot.sln]
C:\projects\platform-engineering-copilot\src\Platform.Engineering.Copilot.Chat\Platform.Engineering.Copilot.Chat.csproj : warning NU1902: Package 'MessagePack' 2.5.108 has a known moderate severity vulnerability, https://github.com/advisories/GHSA-v72x-2h86-7f8m [C:\projects\platform-engineering-copilot\Platform.Engineering.Copilot.sln]
C:\projects\platform-engineering-copilot\tests\Platform.Engineering.Copilot.Core.Tests\Platform.Engineering.Copilot.Core.Tests.csproj : warning NU1903: Package 'System.IO.Packaging' 8.0.0 has a known high severity vulnerability, https://github.com/advisories/GHSA-f32c-w444-8ppv [C:\projects\platform-engineering-copilot\Platform.Engineering.Copilot.sln]
C:\projects\platform-engineering-copilot\tests\Platform.Engineering.Copilot.Agents.Tests\Platform.Engineering.Copilot.Agents.Tests.csproj : warning NU1904: Package 'Microsoft.SemanticKernel.Core' 1.26.0 has a known critical severity vulnerability, https://github.com/advisories/GHSA-2ww3-72rp-wpp4 [C:\projects\platform-engineering-copilot\Platform.Engineering.Copilot.sln]
C:\projects\platform-engineering-copilot\tests\Platform.Engineering.Copilot.Mcp.Tests\Platform.Engineering.Copilot.Mcp.Tests.csproj : warning NU1903: Package 'System.Security.Cryptography.Xml' 9.0.0 has a known high severity vulnerability, https://github.com/advisories/GHSA-23rf-6693-g89p [C:\projects\platform-engineering-copilot\Platform.Engineering.Copilot.sln]
C:\projects\platform-engineering-copilot\src\Platform.Engineering.Copilot.Chat\Platform.Engineering.Copilot.Chat.csproj : warning NU1903: Package 'MessagePack' 2.5.108 has a known high severity vulnerability, https://github.com/advisories/GHSA-vh6j-jc39-fggf [C:\projects\platform-engineering-copilot\Platform.Engineering.Copilot.sln]
C:\projects\platform-engineering-copilot\tests\Platform.Engineering.Copilot.Core.Tests\Platform.Engineering.Copilot.Core.Tests.csproj : warning NU1903: Package 'System.IO.Packaging' 8.0.0 has a known high severity vulnerability, https://github.com/advisories/GHSA-qj66-m88j-hmgj [C:\projects\platform-engineering-copilot\Platform.Engineering.Copilot.sln]
C:\projects\platform-engineering-copilot\tests\Platform.Engineering.Copilot.Agents.Tests\Platform.Engineering.Copilot.Agents.Tests.csproj : warning NU1903: Package 'System.Security.Cryptography.Xml' 9.0.0 has a known high severity vulnerability, https://github.com/advisories/GHSA-23rf-6693-g89p [C:\projects\platform-engineering-copilot\Platform.Engineering.Copilot.sln]
C:\projects\platform-engineering-copilot\tests\Platform.Engineering.Copilot.Mcp.Tests\Platform.Engineering.Copilot.Mcp.Tests.csproj : warning NU1903: Package 'System.Security.Cryptography.Xml' 9.0.0 has a known high severity vulnerability, https://github.com/advisories/GHSA-37gx-xxp4-5rgx [C:\projects\platform-engineering-copilot\Platform.Engineering.Copilot.sln]
C:\projects\platform-engineering-copilot\tests\Platform.Engineering.Copilot.Core.Tests\Platform.Engineering.Copilot.Core.Tests.csproj : warning NU1903: Package 'System.Security.Cryptography.Xml' 9.0.0 has a known high severity vulnerability, https://github.com/advisories/GHSA-23rf-6693-g89p [C:\projects\platform-engineering-copilot\Platform.Engineering.Copilot.sln]
C:\projects\platform-engineering-copilot\tests\Platform.Engineering.Copilot.Agents.Tests\Platform.Engineering.Copilot.Agents.Tests.csproj : warning NU1903: Package 'System.Security.Cryptography.Xml' 9.0.0 has a known high severity vulnerability, https://github.com/advisories/GHSA-37gx-xxp4-5rgx [C:\projects\platform-engineering-copilot\Platform.Engineering.Copilot.sln]
C:\projects\platform-engineering-copilot\tests\Platform.Engineering.Copilot.Mcp.Tests\Platform.Engineering.Copilot.Mcp.Tests.csproj : warning NU1903: Package 'System.Security.Cryptography.Xml' 9.0.0 has a known high severity vulnerability, https://github.com/advisories/GHSA-6588-8gv4-xfgh [C:\projects\platform-engineering-copilot\Platform.Engineering.Copilot.sln]
C:\projects\platform-engineering-copilot\src\Platform.Engineering.Copilot.Chat\Platform.Engineering.Copilot.Chat.csproj : warning NU1902: Package 'MessagePack' 2.5.108 has a known moderate severity vulnerability, https://github.com/advisories/GHSA-w567-gjr2-hm5j [C:\projects\platform-engineering-copilot\Platform.Engineering.Copilot.sln]
C:\projects\platform-engineering-copilot\tests\Platform.Engineering.Copilot.Core.Tests\Platform.Engineering.Copilot.Core.Tests.csproj : warning NU1903: Package 'System.Security.Cryptography.Xml' 9.0.0 has a known high severity vulnerability, https://github.com/advisories/GHSA-37gx-xxp4-5rgx [C:\projects\platform-engineering-copilot\Platform.Engineering.Copilot.sln]
C:\projects\platform-engineering-copilot\tests\Platform.Engineering.Copilot.Agents.Tests\Platform.Engineering.Copilot.Agents.Tests.csproj : warning NU1903: Package 'System.Security.Cryptography.Xml' 9.0.0 has a known high severity vulnerability, https://github.com/advisories/GHSA-6588-8gv4-xfgh [C:\projects\platform-engineering-copilot\Platform.Engineering.Copilot.sln]
C:\projects\platform-engineering-copilot\tests\Platform.Engineering.Copilot.Mcp.Tests\Platform.Engineering.Copilot.Mcp.Tests.csproj : warning NU1903: Package 'System.Security.Cryptography.Xml' 9.0.0 has a known high severity vulnerability, https://github.com/advisories/GHSA-8q5v-6pqq-x66h [C:\projects\platform-engineering-copilot\Platform.Engineering.Copilot.sln]
C:\projects\platform-engineering-copilot\src\Platform.Engineering.Copilot.Chat\Platform.Engineering.Copilot.Chat.csproj : warning NU1902: Package 'MessagePack' 2.5.108 has a known moderate severity vulnerability, https://github.com/advisories/GHSA-wfr3-xj75-pfwh [C:\projects\platform-engineering-copilot\Platform.Engineering.Copilot.sln]
C:\projects\platform-engineering-copilot\tests\Platform.Engineering.Copilot.Agents.Tests\Platform.Engineering.Copilot.Agents.Tests.csproj : warning NU1903: Package 'System.Security.Cryptography.Xml' 9.0.0 has a known high severity vulnerability, https://github.com/advisories/GHSA-8q5v-6pqq-x66h [C:\projects\platform-engineering-copilot\Platform.Engineering.Copilot.sln]
C:\projects\platform-engineering-copilot\tests\Platform.Engineering.Copilot.Core.Tests\Platform.Engineering.Copilot.Core.Tests.csproj : warning NU1903: Package 'System.Security.Cryptography.Xml' 9.0.0 has a known high severity vulnerability, https://github.com/advisories/GHSA-6588-8gv4-xfgh [C:\projects\platform-engineering-copilot\Platform.Engineering.Copilot.sln]
C:\projects\platform-engineering-copilot\tests\Platform.Engineering.Copilot.Mcp.Tests\Platform.Engineering.Copilot.Mcp.Tests.csproj : warning NU1903: Package 'System.Security.Cryptography.Xml' 9.0.0 has a known high severity vulnerability, https://github.com/advisories/GHSA-cvvh-rhrc-wg4q [C:\projects\platform-engineering-copilot\Platform.Engineering.Copilot.sln]
C:\projects\platform-engineering-copilot\src\Platform.Engineering.Copilot.Chat\Platform.Engineering.Copilot.Chat.csproj : warning NU1903: Package 'Microsoft.Kiota.Abstractions' 1.13.0 has a known high severity vulnerability, https://github.com/advisories/GHSA-7j59-v9qr-6fq9 [C:\projects\platform-engineering-copilot\Platform.Engineering.Copilot.sln]
C:\projects\platform-engineering-copilot\tests\Platform.Engineering.Copilot.Agents.Tests\Platform.Engineering.Copilot.Agents.Tests.csproj : warning NU1903: Package 'System.Security.Cryptography.Xml' 9.0.0 has a known high severity vulnerability, https://github.com/advisories/GHSA-cvvh-rhrc-wg4q [C:\projects\platform-engineering-copilot\Platform.Engineering.Copilot.sln]
C:\projects\platform-engineering-copilot\tests\Platform.Engineering.Copilot.Core.Tests\Platform.Engineering.Copilot.Core.Tests.csproj : warning NU1903: Package 'System.Security.Cryptography.Xml' 9.0.0 has a known high severity vulnerability, https://github.com/advisories/GHSA-8q5v-6pqq-x66h [C:\projects\platform-engineering-copilot\Platform.Engineering.Copilot.sln]
C:\projects\platform-engineering-copilot\src\Platform.Engineering.Copilot.Chat\Platform.Engineering.Copilot.Chat.csproj : warning NU1903: Package 'Microsoft.OpenApi' 2.0.0 has a known high severity vulnerability, https://github.com/advisories/GHSA-v5pm-xwqc-g5wc [C:\projects\platform-engineering-copilot\Platform.Engineering.Copilot.sln]
C:\projects\platform-engineering-copilot\tests\Platform.Engineering.Copilot.Agents.Tests\Platform.Engineering.Copilot.Agents.Tests.csproj : warning NU1903: Package 'System.Security.Cryptography.Xml' 9.0.0 has a known high severity vulnerability, https://github.com/advisories/GHSA-g8r8-53c2-pm3f [C:\projects\platform-engineering-copilot\Platform.Engineering.Copilot.sln]
C:\projects\platform-engineering-copilot\tests\Platform.Engineering.Copilot.Mcp.Tests\Platform.Engineering.Copilot.Mcp.Tests.csproj : warning NU1903: Package 'System.Security.Cryptography.Xml' 9.0.0 has a known high severity vulnerability, https://github.com/advisories/GHSA-g8r8-53c2-pm3f [C:\projects\platform-engineering-copilot\Platform.Engineering.Copilot.sln]
C:\projects\platform-engineering-copilot\tests\Platform.Engineering.Copilot.Core.Tests\Platform.Engineering.Copilot.Core.Tests.csproj : warning NU1903: Package 'System.Security.Cryptography.Xml' 9.0.0 has a known high severity vulnerability, https://github.com/advisories/GHSA-cvvh-rhrc-wg4q [C:\projects\platform-engineering-copilot\Platform.Engineering.Copilot.sln]
C:\projects\platform-engineering-copilot\src\Platform.Engineering.Copilot.Chat\Platform.Engineering.Copilot.Chat.csproj : warning NU1902: Package 'Microsoft.Rest.ClientRuntime' 2.3.20 has a known moderate severity vulnerability, https://github.com/advisories/GHSA-whph-446h-6m9v [C:\projects\platform-engineering-copilot\Platform.Engineering.Copilot.sln]
C:\projects\platform-engineering-copilot\tests\Platform.Engineering.Copilot.Agents.Tests\Platform.Engineering.Copilot.Agents.Tests.csproj : warning NU1903: Package 'System.Security.Cryptography.Xml' 9.0.0 has a known high severity vulnerability, https://github.com/advisories/GHSA-mmjf-rqrv-855v [C:\projects\platform-engineering-copilot\Platform.Engineering.Copilot.sln]
C:\projects\platform-engineering-copilot\tests\Platform.Engineering.Copilot.Mcp.Tests\Platform.Engineering.Copilot.Mcp.Tests.csproj : warning NU1903: Package 'System.Security.Cryptography.Xml' 9.0.0 has a known high severity vulnerability, https://github.com/advisories/GHSA-mmjf-rqrv-855v [C:\projects\platform-engineering-copilot\Platform.Engineering.Copilot.sln]
C:\projects\platform-engineering-copilot\tests\Platform.Engineering.Copilot.Agents.Tests\Platform.Engineering.Copilot.Agents.Tests.csproj : warning NU1903: Package 'System.Security.Cryptography.Xml' 9.0.0 has a known high severity vulnerability, https://github.com/advisories/GHSA-w3x6-4m5h-cxqf [C:\projects\platform-engineering-copilot\Platform.Engineering.Copilot.sln]
C:\projects\platform-engineering-copilot\src\Platform.Engineering.Copilot.Chat\Platform.Engineering.Copilot.Chat.csproj : warning NU1904: Package 'Microsoft.SemanticKernel.Core' 1.26.0 has a known critical severity vulnerability, https://github.com/advisories/GHSA-2ww3-72rp-wpp4 [C:\projects\platform-engineering-copilot\Platform.Engineering.Copilot.sln]
C:\projects\platform-engineering-copilot\tests\Platform.Engineering.Copilot.Core.Tests\Platform.Engineering.Copilot.Core.Tests.csproj : warning NU1903: Package 'System.Security.Cryptography.Xml' 9.0.0 has a known high severity vulnerability, https://github.com/advisories/GHSA-g8r8-53c2-pm3f [C:\projects\platform-engineering-copilot\Platform.Engineering.Copilot.sln]
C:\projects\platform-engineering-copilot\tests\Platform.Engineering.Copilot.Mcp.Tests\Platform.Engineering.Copilot.Mcp.Tests.csproj : warning NU1903: Package 'System.Security.Cryptography.Xml' 9.0.0 has a known high severity vulnerability, https://github.com/advisories/GHSA-w3x6-4m5h-cxqf [C:\projects\platform-engineering-copilot\Platform.Engineering.Copilot.sln]
C:\projects\platform-engineering-copilot\src\Platform.Engineering.Copilot.Chat\Platform.Engineering.Copilot.Chat.csproj : warning NU1902: Package 'OpenTelemetry.Api' 1.8.1 has a known moderate severity vulnerability, https://github.com/advisories/GHSA-g94r-2vxg-569j [C:\projects\platform-engineering-copilot\Platform.Engineering.Copilot.sln]
C:\projects\platform-engineering-copilot\tests\Platform.Engineering.Copilot.Core.Tests\Platform.Engineering.Copilot.Core.Tests.csproj : warning NU1903: Package 'System.Security.Cryptography.Xml' 9.0.0 has a known high severity vulnerability, https://github.com/advisories/GHSA-mmjf-rqrv-855v [C:\projects\platform-engineering-copilot\Platform.Engineering.Copilot.sln]
C:\projects\platform-engineering-copilot\tests\Platform.Engineering.Copilot.Core.Tests\Platform.Engineering.Copilot.Core.Tests.csproj : warning NU1903: Package 'System.Security.Cryptography.Xml' 9.0.0 has a known high severity vulnerability, https://github.com/advisories/GHSA-w3x6-4m5h-cxqf [C:\projects\platform-engineering-copilot\Platform.Engineering.Copilot.sln]
C:\projects\platform-engineering-copilot\src\Platform.Engineering.Copilot.Agents\Platform.Engineering.Copilot.Agents.csproj : warning NU1608: Detected package version outside of dependency constraint: Microsoft.SemanticKernel.Connectors.AzureOpenAI 1.26.0 requires Azure.AI.OpenAI (= 2.1.0-beta.1) but version Azure.AI.OpenAI 2.1.0 was resolved. [C:\projects\platform-engineering-copilot\Platform.Engineering.Copilot.sln]
C:\projects\platform-engineering-copilot\src\Platform.Engineering.Copilot.Agents\Platform.Engineering.Copilot.Agents.csproj : warning NU1608: Detected package version outside of dependency constraint: Microsoft.SemanticKernel.Connectors.OpenAI 1.26.0 requires OpenAI (= 2.1.0-beta.1) but version OpenAI 2.2.0-beta.4 was resolved. [C:\projects\platform-engineering-copilot\Platform.Engineering.Copilot.sln]
C:\projects\platform-engineering-copilot\src\Platform.Engineering.Copilot.Agents\Platform.Engineering.Copilot.Agents.csproj : warning NU1902: Package 'MessagePack' 2.5.108 has a known moderate severity vulnerability, https://github.com/advisories/GHSA-2f33-pr97-265q [C:\projects\platform-engineering-copilot\Platform.Engineering.Copilot.sln]
C:\projects\platform-engineering-copilot\src\Platform.Engineering.Copilot.Agents\Platform.Engineering.Copilot.Agents.csproj : warning NU1902: Package 'MessagePack' 2.5.108 has a known moderate severity vulnerability, https://github.com/advisories/GHSA-2x83-8g95-xh59 [C:\projects\platform-engineering-copilot\Platform.Engineering.Copilot.sln]
C:\projects\platform-engineering-copilot\src\Platform.Engineering.Copilot.Agents\Platform.Engineering.Copilot.Agents.csproj : warning NU1902: Package 'MessagePack' 2.5.108 has a known moderate severity vulnerability, https://github.com/advisories/GHSA-4qm4-8hg2-g2xm [C:\projects\platform-engineering-copilot\Platform.Engineering.Copilot.sln]
C:\projects\platform-engineering-copilot\src\Platform.Engineering.Copilot.Agents\Platform.Engineering.Copilot.Agents.csproj : warning NU1902: Package 'MessagePack' 2.5.108 has a known moderate severity vulnerability, https://github.com/advisories/GHSA-cj9g-3mj2-g8vv [C:\projects\platform-engineering-copilot\Platform.Engineering.Copilot.sln]
C:\projects\platform-engineering-copilot\src\Platform.Engineering.Copilot.Agents\Platform.Engineering.Copilot.Agents.csproj : warning NU1902: Package 'MessagePack' 2.5.108 has a known moderate severity vulnerability, https://github.com/advisories/GHSA-cxmj-83gh-fp49 [C:\projects\platform-engineering-copilot\Platform.Engineering.Copilot.sln]
C:\projects\platform-engineering-copilot\src\Platform.Engineering.Copilot.Agents\Platform.Engineering.Copilot.Agents.csproj : warning NU1903: Package 'MessagePack' 2.5.108 has a known high severity vulnerability, https://github.com/advisories/GHSA-hv8m-jj95-wg3x [C:\projects\platform-engineering-copilot\Platform.Engineering.Copilot.sln]
C:\projects\platform-engineering-copilot\src\Platform.Engineering.Copilot.Agents\Platform.Engineering.Copilot.Agents.csproj : warning NU1902: Package 'MessagePack' 2.5.108 has a known moderate severity vulnerability, https://github.com/advisories/GHSA-q2h6-ghwm-5qm8 [C:\projects\platform-engineering-copilot\Platform.Engineering.Copilot.sln]
C:\projects\platform-engineering-copilot\src\Platform.Engineering.Copilot.Agents\Platform.Engineering.Copilot.Agents.csproj : warning NU1902: Package 'MessagePack' 2.5.108 has a known moderate severity vulnerability, https://github.com/advisories/GHSA-qhmf-xw27-6rqr [C:\projects\platform-engineering-copilot\Platform.Engineering.Copilot.sln]
C:\projects\platform-engineering-copilot\src\Platform.Engineering.Copilot.Agents\Platform.Engineering.Copilot.Agents.csproj : warning NU1902: Package 'MessagePack' 2.5.108 has a known moderate severity vulnerability, https://github.com/advisories/GHSA-v72x-2h86-7f8m [C:\projects\platform-engineering-copilot\Platform.Engineering.Copilot.sln]
C:\projects\platform-engineering-copilot\src\Platform.Engineering.Copilot.Agents\Platform.Engineering.Copilot.Agents.csproj : warning NU1903: Package 'MessagePack' 2.5.108 has a known high severity vulnerability, https://github.com/advisories/GHSA-vh6j-jc39-fggf [C:\projects\platform-engineering-copilot\Platform.Engineering.Copilot.sln]
C:\projects\platform-engineering-copilot\src\Platform.Engineering.Copilot.Agents\Platform.Engineering.Copilot.Agents.csproj : warning NU1902: Package 'MessagePack' 2.5.108 has a known moderate severity vulnerability, https://github.com/advisories/GHSA-w567-gjr2-hm5j [C:\projects\platform-engineering-copilot\Platform.Engineering.Copilot.sln]
C:\projects\platform-engineering-copilot\src\Platform.Engineering.Copilot.Agents\Platform.Engineering.Copilot.Agents.csproj : warning NU1902: Package 'MessagePack' 2.5.108 has a known moderate severity vulnerability, https://github.com/advisories/GHSA-wfr3-xj75-pfwh [C:\projects\platform-engineering-copilot\Platform.Engineering.Copilot.sln]
C:\projects\platform-engineering-copilot\src\Platform.Engineering.Copilot.Agents\Platform.Engineering.Copilot.Agents.csproj : warning NU1903: Package 'Microsoft.Kiota.Abstractions' 1.13.0 has a known high severity vulnerability, https://github.com/advisories/GHSA-7j59-v9qr-6fq9 [C:\projects\platform-engineering-copilot\Platform.Engineering.Copilot.sln]
C:\projects\platform-engineering-copilot\src\Platform.Engineering.Copilot.Agents\Platform.Engineering.Copilot.Agents.csproj : warning NU1902: Package 'Microsoft.Rest.ClientRuntime' 2.3.20 has a known moderate severity vulnerability, https://github.com/advisories/GHSA-whph-446h-6m9v [C:\projects\platform-engineering-copilot\Platform.Engineering.Copilot.sln]
C:\projects\platform-engineering-copilot\src\Platform.Engineering.Copilot.Agents\Platform.Engineering.Copilot.Agents.csproj : warning NU1904: Package 'Microsoft.SemanticKernel.Core' 1.26.0 has a known critical severity vulnerability, https://github.com/advisories/GHSA-2ww3-72rp-wpp4 [C:\projects\platform-engineering-copilot\Platform.Engineering.Copilot.sln]
C:\projects\platform-engineering-copilot\src\Platform.Engineering.Copilot.Agents\Platform.Engineering.Copilot.Agents.csproj : warning NU1903: Package 'System.Security.Cryptography.Xml' 9.0.0 has a known high severity vulnerability, https://github.com/advisories/GHSA-23rf-6693-g89p [C:\projects\platform-engineering-copilot\Platform.Engineering.Copilot.sln]
C:\projects\platform-engineering-copilot\src\Platform.Engineering.Copilot.Agents\Platform.Engineering.Copilot.Agents.csproj : warning NU1903: Package 'System.Security.Cryptography.Xml' 9.0.0 has a known high severity vulnerability, https://github.com/advisories/GHSA-37gx-xxp4-5rgx [C:\projects\platform-engineering-copilot\Platform.Engineering.Copilot.sln]
C:\projects\platform-engineering-copilot\src\Platform.Engineering.Copilot.Agents\Platform.Engineering.Copilot.Agents.csproj : warning NU1903: Package 'System.Security.Cryptography.Xml' 9.0.0 has a known high severity vulnerability, https://github.com/advisories/GHSA-6588-8gv4-xfgh [C:\projects\platform-engineering-copilot\Platform.Engineering.Copilot.sln]
C:\projects\platform-engineering-copilot\src\Platform.Engineering.Copilot.Agents\Platform.Engineering.Copilot.Agents.csproj : warning NU1903: Package 'System.Security.Cryptography.Xml' 9.0.0 has a known high severity vulnerability, https://github.com/advisories/GHSA-8q5v-6pqq-x66h [C:\projects\platform-engineering-copilot\Platform.Engineering.Copilot.sln]
C:\projects\platform-engineering-copilot\src\Platform.Engineering.Copilot.Agents\Platform.Engineering.Copilot.Agents.csproj : warning NU1903: Package 'System.Security.Cryptography.Xml' 9.0.0 has a known high severity vulnerability, https://github.com/advisories/GHSA-cvvh-rhrc-wg4q [C:\projects\platform-engineering-copilot\Platform.Engineering.Copilot.sln]
C:\projects\platform-engineering-copilot\src\Platform.Engineering.Copilot.Agents\Platform.Engineering.Copilot.Agents.csproj : warning NU1903: Package 'System.Security.Cryptography.Xml' 9.0.0 has a known high severity vulnerability, https://github.com/advisories/GHSA-g8r8-53c2-pm3f [C:\projects\platform-engineering-copilot\Platform.Engineering.Copilot.sln]
C:\projects\platform-engineering-copilot\src\Platform.Engineering.Copilot.Agents\Platform.Engineering.Copilot.Agents.csproj : warning NU1903: Package 'System.Security.Cryptography.Xml' 9.0.0 has a known high severity vulnerability, https://github.com/advisories/GHSA-mmjf-rqrv-855v [C:\projects\platform-engineering-copilot\Platform.Engineering.Copilot.sln]
C:\projects\platform-engineering-copilot\src\Platform.Engineering.Copilot.Agents\Platform.Engineering.Copilot.Agents.csproj : warning NU1903: Package 'System.Security.Cryptography.Xml' 9.0.0 has a known high severity vulnerability, https://github.com/advisories/GHSA-w3x6-4m5h-cxqf [C:\projects\platform-engineering-copilot\Platform.Engineering.Copilot.sln]
C:\projects\platform-engineering-copilot\tests\Platform.Engineering.Copilot.Chat.Tests\Platform.Engineering.Copilot.Chat.Tests.csproj : warning NU1608: Detected package version outside of dependency constraint: Microsoft.SemanticKernel.Connectors.AzureOpenAI 1.26.0 requires Azure.AI.OpenAI (= 2.1.0-beta.1) but version Azure.AI.OpenAI 2.1.0 was resolved. [C:\projects\platform-engineering-copilot\Platform.Engineering.Copilot.sln]
C:\projects\platform-engineering-copilot\tests\Platform.Engineering.Copilot.Chat.Tests\Platform.Engineering.Copilot.Chat.Tests.csproj : warning NU1608: Detected package version outside of dependency constraint: Microsoft.SemanticKernel.Connectors.OpenAI 1.26.0 requires OpenAI (= 2.1.0-beta.1) but version OpenAI 2.2.0-beta.4 was resolved. [C:\projects\platform-engineering-copilot\Platform.Engineering.Copilot.sln]
C:\projects\platform-engineering-copilot\tests\Platform.Engineering.Copilot.Chat.Tests\Platform.Engineering.Copilot.Chat.Tests.csproj : warning NU1902: Package 'MessagePack' 2.5.108 has a known moderate severity vulnerability, https://github.com/advisories/GHSA-2f33-pr97-265q [C:\projects\platform-engineering-copilot\Platform.Engineering.Copilot.sln]
C:\projects\platform-engineering-copilot\tests\Platform.Engineering.Copilot.Chat.Tests\Platform.Engineering.Copilot.Chat.Tests.csproj : warning NU1902: Package 'MessagePack' 2.5.108 has a known moderate severity vulnerability, https://github.com/advisories/GHSA-2x83-8g95-xh59 [C:\projects\platform-engineering-copilot\Platform.Engineering.Copilot.sln]
C:\projects\platform-engineering-copilot\tests\Platform.Engineering.Copilot.Chat.Tests\Platform.Engineering.Copilot.Chat.Tests.csproj : warning NU1902: Package 'MessagePack' 2.5.108 has a known moderate severity vulnerability, https://github.com/advisories/GHSA-4qm4-8hg2-g2xm [C:\projects\platform-engineering-copilot\Platform.Engineering.Copilot.sln]
C:\projects\platform-engineering-copilot\tests\Platform.Engineering.Copilot.Chat.Tests\Platform.Engineering.Copilot.Chat.Tests.csproj : warning NU1902: Package 'MessagePack' 2.5.108 has a known moderate severity vulnerability, https://github.com/advisories/GHSA-cj9g-3mj2-g8vv [C:\projects\platform-engineering-copilot\Platform.Engineering.Copilot.sln]
C:\projects\platform-engineering-copilot\tests\Platform.Engineering.Copilot.Chat.Tests\Platform.Engineering.Copilot.Chat.Tests.csproj : warning NU1902: Package 'MessagePack' 2.5.108 has a known moderate severity vulnerability, https://github.com/advisories/GHSA-cxmj-83gh-fp49 [C:\projects\platform-engineering-copilot\Platform.Engineering.Copilot.sln]
C:\projects\platform-engineering-copilot\tests\Platform.Engineering.Copilot.Chat.Tests\Platform.Engineering.Copilot.Chat.Tests.csproj : warning NU1903: Package 'MessagePack' 2.5.108 has a known high severity vulnerability, https://github.com/advisories/GHSA-hv8m-jj95-wg3x [C:\projects\platform-engineering-copilot\Platform.Engineering.Copilot.sln]
C:\projects\platform-engineering-copilot\tests\Platform.Engineering.Copilot.Chat.Tests\Platform.Engineering.Copilot.Chat.Tests.csproj : warning NU1902: Package 'MessagePack' 2.5.108 has a known moderate severity vulnerability, https://github.com/advisories/GHSA-q2h6-ghwm-5qm8 [C:\projects\platform-engineering-copilot\Platform.Engineering.Copilot.sln]
C:\projects\platform-engineering-copilot\tests\Platform.Engineering.Copilot.Chat.Tests\Platform.Engineering.Copilot.Chat.Tests.csproj : warning NU1902: Package 'MessagePack' 2.5.108 has a known moderate severity vulnerability, https://github.com/advisories/GHSA-qhmf-xw27-6rqr [C:\projects\platform-engineering-copilot\Platform.Engineering.Copilot.sln]
C:\projects\platform-engineering-copilot\tests\Platform.Engineering.Copilot.Chat.Tests\Platform.Engineering.Copilot.Chat.Tests.csproj : warning NU1902: Package 'MessagePack' 2.5.108 has a known moderate severity vulnerability, https://github.com/advisories/GHSA-v72x-2h86-7f8m [C:\projects\platform-engineering-copilot\Platform.Engineering.Copilot.sln]
C:\projects\platform-engineering-copilot\tests\Platform.Engineering.Copilot.Chat.Tests\Platform.Engineering.Copilot.Chat.Tests.csproj : warning NU1903: Package 'MessagePack' 2.5.108 has a known high severity vulnerability, https://github.com/advisories/GHSA-vh6j-jc39-fggf [C:\projects\platform-engineering-copilot\Platform.Engineering.Copilot.sln]
C:\projects\platform-engineering-copilot\tests\Platform.Engineering.Copilot.Chat.Tests\Platform.Engineering.Copilot.Chat.Tests.csproj : warning NU1902: Package 'MessagePack' 2.5.108 has a known moderate severity vulnerability, https://github.com/advisories/GHSA-w567-gjr2-hm5j [C:\projects\platform-engineering-copilot\Platform.Engineering.Copilot.sln]
C:\projects\platform-engineering-copilot\tests\Platform.Engineering.Copilot.Chat.Tests\Platform.Engineering.Copilot.Chat.Tests.csproj : warning NU1902: Package 'MessagePack' 2.5.108 has a known moderate severity vulnerability, https://github.com/advisories/GHSA-wfr3-xj75-pfwh [C:\projects\platform-engineering-copilot\Platform.Engineering.Copilot.sln]
C:\projects\platform-engineering-copilot\tests\Platform.Engineering.Copilot.Chat.Tests\Platform.Engineering.Copilot.Chat.Tests.csproj : warning NU1903: Package 'Microsoft.Kiota.Abstractions' 1.13.0 has a known high severity vulnerability, https://github.com/advisories/GHSA-7j59-v9qr-6fq9 [C:\projects\platform-engineering-copilot\Platform.Engineering.Copilot.sln]
C:\projects\platform-engineering-copilot\tests\Platform.Engineering.Copilot.Chat.Tests\Platform.Engineering.Copilot.Chat.Tests.csproj : warning NU1903: Package 'Microsoft.OpenApi' 2.0.0 has a known high severity vulnerability, https://github.com/advisories/GHSA-v5pm-xwqc-g5wc [C:\projects\platform-engineering-copilot\Platform.Engineering.Copilot.sln]
C:\projects\platform-engineering-copilot\tests\Platform.Engineering.Copilot.Chat.Tests\Platform.Engineering.Copilot.Chat.Tests.csproj : warning NU1902: Package 'Microsoft.Rest.ClientRuntime' 2.3.20 has a known moderate severity vulnerability, https://github.com/advisories/GHSA-whph-446h-6m9v [C:\projects\platform-engineering-copilot\Platform.Engineering.Copilot.sln]
C:\projects\platform-engineering-copilot\tests\Platform.Engineering.Copilot.Chat.Tests\Platform.Engineering.Copilot.Chat.Tests.csproj : warning NU1904: Package 'Microsoft.SemanticKernel.Core' 1.26.0 has a known critical severity vulnerability, https://github.com/advisories/GHSA-2ww3-72rp-wpp4 [C:\projects\platform-engineering-copilot\Platform.Engineering.Copilot.sln]
C:\projects\platform-engineering-copilot\tests\Platform.Engineering.Copilot.Chat.Tests\Platform.Engineering.Copilot.Chat.Tests.csproj : warning NU1902: Package 'OpenTelemetry.Api' 1.8.1 has a known moderate severity vulnerability, https://github.com/advisories/GHSA-g94r-2vxg-569j [C:\projects\platform-engineering-copilot\Platform.Engineering.Copilot.sln]
C:\projects\platform-engineering-copilot\tests\Platform.Engineering.Copilot.Chat.Tests\Platform.Engineering.Copilot.Chat.Tests.csproj : warning NU1903: Package 'System.Security.Cryptography.Xml' 9.0.0 has a known high severity vulnerability, https://github.com/advisories/GHSA-23rf-6693-g89p [C:\projects\platform-engineering-copilot\Platform.Engineering.Copilot.sln]
C:\projects\platform-engineering-copilot\tests\Platform.Engineering.Copilot.Chat.Tests\Platform.Engineering.Copilot.Chat.Tests.csproj : warning NU1903: Package 'System.Security.Cryptography.Xml' 9.0.0 has a known high severity vulnerability, https://github.com/advisories/GHSA-37gx-xxp4-5rgx [C:\projects\platform-engineering-copilot\Platform.Engineering.Copilot.sln]
C:\projects\platform-engineering-copilot\tests\Platform.Engineering.Copilot.Chat.Tests\Platform.Engineering.Copilot.Chat.Tests.csproj : warning NU1903: Package 'System.Security.Cryptography.Xml' 9.0.0 has a known high severity vulnerability, https://github.com/advisories/GHSA-6588-8gv4-xfgh [C:\projects\platform-engineering-copilot\Platform.Engineering.Copilot.sln]
C:\projects\platform-engineering-copilot\tests\Platform.Engineering.Copilot.Chat.Tests\Platform.Engineering.Copilot.Chat.Tests.csproj : warning NU1903: Package 'System.Security.Cryptography.Xml' 9.0.0 has a known high severity vulnerability, https://github.com/advisories/GHSA-8q5v-6pqq-x66h [C:\projects\platform-engineering-copilot\Platform.Engineering.Copilot.sln]
C:\projects\platform-engineering-copilot\tests\Platform.Engineering.Copilot.Chat.Tests\Platform.Engineering.Copilot.Chat.Tests.csproj : warning NU1903: Package 'System.Security.Cryptography.Xml' 9.0.0 has a known high severity vulnerability, https://github.com/advisories/GHSA-cvvh-rhrc-wg4q [C:\projects\platform-engineering-copilot\Platform.Engineering.Copilot.sln]
C:\projects\platform-engineering-copilot\tests\Platform.Engineering.Copilot.Chat.Tests\Platform.Engineering.Copilot.Chat.Tests.csproj : warning NU1903: Package 'System.Security.Cryptography.Xml' 9.0.0 has a known high severity vulnerability, https://github.com/advisories/GHSA-g8r8-53c2-pm3f [C:\projects\platform-engineering-copilot\Platform.Engineering.Copilot.sln]
C:\projects\platform-engineering-copilot\tests\Platform.Engineering.Copilot.Chat.Tests\Platform.Engineering.Copilot.Chat.Tests.csproj : warning NU1903: Package 'System.Security.Cryptography.Xml' 9.0.0 has a known high severity vulnerability, https://github.com/advisories/GHSA-mmjf-rqrv-855v [C:\projects\platform-engineering-copilot\Platform.Engineering.Copilot.sln]
C:\projects\platform-engineering-copilot\tests\Platform.Engineering.Copilot.Chat.Tests\Platform.Engineering.Copilot.Chat.Tests.csproj : warning NU1903: Package 'System.Security.Cryptography.Xml' 9.0.0 has a known high severity vulnerability, https://github.com/advisories/GHSA-w3x6-4m5h-cxqf [C:\projects\platform-engineering-copilot\Platform.Engineering.Copilot.sln]
C:\projects\platform-engineering-copilot\src\Platform.Engineering.Copilot.Core\Platform.Engineering.Copilot.Core.csproj : warning NU1510: PackageReference System.Text.Json will not be pruned. This package is automatically available and does not need to be referenced explicitly. Remove the PackageReference item. [C:\projects\platform-engineering-copilot\Platform.Engineering.Copilot.sln]
C:\projects\platform-engineering-copilot\src\Platform.Engineering.Copilot.Core\Platform.Engineering.Copilot.Core.csproj : warning NU1510: PackageReference System.Text.RegularExpressions will not be pruned. This package is automatically available and does not need to be referenced explicitly. Remove the PackageReference item. [C:\projects\platform-engineering-copilot\Platform.Engineering.Copilot.sln]
C:\projects\platform-engineering-copilot\src\Platform.Engineering.Copilot.Core\Platform.Engineering.Copilot.Core.csproj : warning NU1902: Package 'MessagePack' 2.5.108 has a known moderate severity vulnerability, https://github.com/advisories/GHSA-2f33-pr97-265q [C:\projects\platform-engineering-copilot\Platform.Engineering.Copilot.sln]
C:\projects\platform-engineering-copilot\src\Platform.Engineering.Copilot.Core\Platform.Engineering.Copilot.Core.csproj : warning NU1902: Package 'MessagePack' 2.5.108 has a known moderate severity vulnerability, https://github.com/advisories/GHSA-2x83-8g95-xh59 [C:\projects\platform-engineering-copilot\Platform.Engineering.Copilot.sln]
C:\projects\platform-engineering-copilot\src\Platform.Engineering.Copilot.Core\Platform.Engineering.Copilot.Core.csproj : warning NU1902: Package 'MessagePack' 2.5.108 has a known moderate severity vulnerability, https://github.com/advisories/GHSA-4qm4-8hg2-g2xm [C:\projects\platform-engineering-copilot\Platform.Engineering.Copilot.sln]
C:\projects\platform-engineering-copilot\src\Platform.Engineering.Copilot.Core\Platform.Engineering.Copilot.Core.csproj : warning NU1902: Package 'MessagePack' 2.5.108 has a known moderate severity vulnerability, https://github.com/advisories/GHSA-cj9g-3mj2-g8vv [C:\projects\platform-engineering-copilot\Platform.Engineering.Copilot.sln]
C:\projects\platform-engineering-copilot\src\Platform.Engineering.Copilot.Core\Platform.Engineering.Copilot.Core.csproj : warning NU1902: Package 'MessagePack' 2.5.108 has a known moderate severity vulnerability, https://github.com/advisories/GHSA-cxmj-83gh-fp49 [C:\projects\platform-engineering-copilot\Platform.Engineering.Copilot.sln]
C:\projects\platform-engineering-copilot\src\Platform.Engineering.Copilot.Core\Platform.Engineering.Copilot.Core.csproj : warning NU1903: Package 'MessagePack' 2.5.108 has a known high severity vulnerability, https://github.com/advisories/GHSA-hv8m-jj95-wg3x [C:\projects\platform-engineering-copilot\Platform.Engineering.Copilot.sln]
C:\projects\platform-engineering-copilot\src\Platform.Engineering.Copilot.Core\Platform.Engineering.Copilot.Core.csproj : warning NU1902: Package 'MessagePack' 2.5.108 has a known moderate severity vulnerability, https://github.com/advisories/GHSA-q2h6-ghwm-5qm8 [C:\projects\platform-engineering-copilot\Platform.Engineering.Copilot.sln]
C:\projects\platform-engineering-copilot\src\Platform.Engineering.Copilot.Core\Platform.Engineering.Copilot.Core.csproj : warning NU1902: Package 'MessagePack' 2.5.108 has a known moderate severity vulnerability, https://github.com/advisories/GHSA-qhmf-xw27-6rqr [C:\projects\platform-engineering-copilot\Platform.Engineering.Copilot.sln]
C:\projects\platform-engineering-copilot\src\Platform.Engineering.Copilot.Core\Platform.Engineering.Copilot.Core.csproj : warning NU1902: Package 'MessagePack' 2.5.108 has a known moderate severity vulnerability, https://github.com/advisories/GHSA-v72x-2h86-7f8m [C:\projects\platform-engineering-copilot\Platform.Engineering.Copilot.sln]
C:\projects\platform-engineering-copilot\src\Platform.Engineering.Copilot.Core\Platform.Engineering.Copilot.Core.csproj : warning NU1903: Package 'MessagePack' 2.5.108 has a known high severity vulnerability, https://github.com/advisories/GHSA-vh6j-jc39-fggf [C:\projects\platform-engineering-copilot\Platform.Engineering.Copilot.sln]
C:\projects\platform-engineering-copilot\src\Platform.Engineering.Copilot.Core\Platform.Engineering.Copilot.Core.csproj : warning NU1902: Package 'MessagePack' 2.5.108 has a known moderate severity vulnerability, https://github.com/advisories/GHSA-w567-gjr2-hm5j [C:\projects\platform-engineering-copilot\Platform.Engineering.Copilot.sln]
C:\projects\platform-engineering-copilot\src\Platform.Engineering.Copilot.Core\Platform.Engineering.Copilot.Core.csproj : warning NU1902: Package 'MessagePack' 2.5.108 has a known moderate severity vulnerability, https://github.com/advisories/GHSA-wfr3-xj75-pfwh [C:\projects\platform-engineering-copilot\Platform.Engineering.Copilot.sln]
C:\projects\platform-engineering-copilot\src\Platform.Engineering.Copilot.Core\Platform.Engineering.Copilot.Core.csproj : warning NU1903: Package 'Microsoft.Kiota.Abstractions' 1.13.0 has a known high severity vulnerability, https://github.com/advisories/GHSA-7j59-v9qr-6fq9 [C:\projects\platform-engineering-copilot\Platform.Engineering.Copilot.sln]
C:\projects\platform-engineering-copilot\src\Platform.Engineering.Copilot.Core\Platform.Engineering.Copilot.Core.csproj : warning NU1902: Package 'Microsoft.Rest.ClientRuntime' 2.3.20 has a known moderate severity vulnerability, https://github.com/advisories/GHSA-whph-446h-6m9v [C:\projects\platform-engineering-copilot\Platform.Engineering.Copilot.sln]
C:\projects\platform-engineering-copilot\src\Platform.Engineering.Copilot.Core\Platform.Engineering.Copilot.Core.csproj : warning NU1904: Package 'Microsoft.SemanticKernel.Core' 1.26.0 has a known critical severity vulnerability, https://github.com/advisories/GHSA-2ww3-72rp-wpp4 [C:\projects\platform-engineering-copilot\Platform.Engineering.Copilot.sln]
C:\projects\platform-engineering-copilot\src\Platform.Engineering.Copilot.Core\Platform.Engineering.Copilot.Core.csproj : warning NU1903: Package 'System.IO.Packaging' 8.0.0 has a known high severity vulnerability, https://github.com/advisories/GHSA-f32c-w444-8ppv [C:\projects\platform-engineering-copilot\Platform.Engineering.Copilot.sln]
C:\projects\platform-engineering-copilot\src\Platform.Engineering.Copilot.Core\Platform.Engineering.Copilot.Core.csproj : warning NU1903: Package 'System.IO.Packaging' 8.0.0 has a known high severity vulnerability, https://github.com/advisories/GHSA-qj66-m88j-hmgj [C:\projects\platform-engineering-copilot\Platform.Engineering.Copilot.sln]
C:\projects\platform-engineering-copilot\src\Platform.Engineering.Copilot.Core\Platform.Engineering.Copilot.Core.csproj : warning NU1903: Package 'System.Security.Cryptography.Xml' 9.0.0 has a known high severity vulnerability, https://github.com/advisories/GHSA-23rf-6693-g89p [C:\projects\platform-engineering-copilot\Platform.Engineering.Copilot.sln]
C:\projects\platform-engineering-copilot\src\Platform.Engineering.Copilot.Core\Platform.Engineering.Copilot.Core.csproj : warning NU1903: Package 'System.Security.Cryptography.Xml' 9.0.0 has a known high severity vulnerability, https://github.com/advisories/GHSA-37gx-xxp4-5rgx [C:\projects\platform-engineering-copilot\Platform.Engineering.Copilot.sln]
C:\projects\platform-engineering-copilot\src\Platform.Engineering.Copilot.Core\Platform.Engineering.Copilot.Core.csproj : warning NU1903: Package 'System.Security.Cryptography.Xml' 9.0.0 has a known high severity vulnerability, https://github.com/advisories/GHSA-6588-8gv4-xfgh [C:\projects\platform-engineering-copilot\Platform.Engineering.Copilot.sln]
C:\projects\platform-engineering-copilot\src\Platform.Engineering.Copilot.Core\Platform.Engineering.Copilot.Core.csproj : warning NU1903: Package 'System.Security.Cryptography.Xml' 9.0.0 has a known high severity vulnerability, https://github.com/advisories/GHSA-8q5v-6pqq-x66h [C:\projects\platform-engineering-copilot\Platform.Engineering.Copilot.sln]
C:\projects\platform-engineering-copilot\src\Platform.Engineering.Copilot.Core\Platform.Engineering.Copilot.Core.csproj : warning NU1903: Package 'System.Security.Cryptography.Xml' 9.0.0 has a known high severity vulnerability, https://github.com/advisories/GHSA-cvvh-rhrc-wg4q [C:\projects\platform-engineering-copilot\Platform.Engineering.Copilot.sln]
C:\projects\platform-engineering-copilot\src\Platform.Engineering.Copilot.Core\Platform.Engineering.Copilot.Core.csproj : warning NU1903: Package 'System.Security.Cryptography.Xml' 9.0.0 has a known high severity vulnerability, https://github.com/advisories/GHSA-g8r8-53c2-pm3f [C:\projects\platform-engineering-copilot\Platform.Engineering.Copilot.sln]
C:\projects\platform-engineering-copilot\src\Platform.Engineering.Copilot.Core\Platform.Engineering.Copilot.Core.csproj : warning NU1903: Package 'System.Security.Cryptography.Xml' 9.0.0 has a known high severity vulnerability, https://github.com/advisories/GHSA-mmjf-rqrv-855v [C:\projects\platform-engineering-copilot\Platform.Engineering.Copilot.sln]
C:\projects\platform-engineering-copilot\src\Platform.Engineering.Copilot.Core\Platform.Engineering.Copilot.Core.csproj : warning NU1903: Package 'System.Security.Cryptography.Xml' 9.0.0 has a known high severity vulnerability, https://github.com/advisories/GHSA-w3x6-4m5h-cxqf [C:\projects\platform-engineering-copilot\Platform.Engineering.Copilot.sln]
C:\projects\platform-engineering-copilot\src\Platform.Engineering.Copilot.Mcp\Platform.Engineering.Copilot.Mcp.csproj : warning NU1510: PackageReference System.Text.Json will not be pruned. This package is automatically available and does not need to be referenced explicitly. Remove the PackageReference item. [C:\projects\platform-engineering-copilot\Platform.Engineering.Copilot.sln]
C:\projects\platform-engineering-copilot\src\Platform.Engineering.Copilot.Mcp\Platform.Engineering.Copilot.Mcp.csproj : warning NU1608: Detected package version outside of dependency constraint: Microsoft.SemanticKernel.Connectors.AzureOpenAI 1.26.0 requires Azure.AI.OpenAI (= 2.1.0-beta.1) but version Azure.AI.OpenAI 2.1.0 was resolved. [C:\projects\platform-engineering-copilot\Platform.Engineering.Copilot.sln]
C:\projects\platform-engineering-copilot\src\Platform.Engineering.Copilot.Mcp\Platform.Engineering.Copilot.Mcp.csproj : warning NU1608: Detected package version outside of dependency constraint: Microsoft.SemanticKernel.Connectors.OpenAI 1.26.0 requires OpenAI (= 2.1.0-beta.1) but version OpenAI 2.2.0-beta.4 was resolved. [C:\projects\platform-engineering-copilot\Platform.Engineering.Copilot.sln]
C:\projects\platform-engineering-copilot\src\Platform.Engineering.Copilot.Mcp\Platform.Engineering.Copilot.Mcp.csproj : warning NU1902: Package 'MessagePack' 2.5.108 has a known moderate severity vulnerability, https://github.com/advisories/GHSA-2f33-pr97-265q [C:\projects\platform-engineering-copilot\Platform.Engineering.Copilot.sln]
C:\projects\platform-engineering-copilot\src\Platform.Engineering.Copilot.Mcp\Platform.Engineering.Copilot.Mcp.csproj : warning NU1902: Package 'MessagePack' 2.5.108 has a known moderate severity vulnerability, https://github.com/advisories/GHSA-2x83-8g95-xh59 [C:\projects\platform-engineering-copilot\Platform.Engineering.Copilot.sln]
C:\projects\platform-engineering-copilot\src\Platform.Engineering.Copilot.Mcp\Platform.Engineering.Copilot.Mcp.csproj : warning NU1902: Package 'MessagePack' 2.5.108 has a known moderate severity vulnerability, https://github.com/advisories/GHSA-4qm4-8hg2-g2xm [C:\projects\platform-engineering-copilot\Platform.Engineering.Copilot.sln]
C:\projects\platform-engineering-copilot\src\Platform.Engineering.Copilot.Mcp\Platform.Engineering.Copilot.Mcp.csproj : warning NU1902: Package 'MessagePack' 2.5.108 has a known moderate severity vulnerability, https://github.com/advisories/GHSA-cj9g-3mj2-g8vv [C:\projects\platform-engineering-copilot\Platform.Engineering.Copilot.sln]
C:\projects\platform-engineering-copilot\src\Platform.Engineering.Copilot.Mcp\Platform.Engineering.Copilot.Mcp.csproj : warning NU1902: Package 'MessagePack' 2.5.108 has a known moderate severity vulnerability, https://github.com/advisories/GHSA-cxmj-83gh-fp49 [C:\projects\platform-engineering-copilot\Platform.Engineering.Copilot.sln]
C:\projects\platform-engineering-copilot\src\Platform.Engineering.Copilot.Mcp\Platform.Engineering.Copilot.Mcp.csproj : warning NU1903: Package 'MessagePack' 2.5.108 has a known high severity vulnerability, https://github.com/advisories/GHSA-hv8m-jj95-wg3x [C:\projects\platform-engineering-copilot\Platform.Engineering.Copilot.sln]
C:\projects\platform-engineering-copilot\src\Platform.Engineering.Copilot.Mcp\Platform.Engineering.Copilot.Mcp.csproj : warning NU1902: Package 'MessagePack' 2.5.108 has a known moderate severity vulnerability, https://github.com/advisories/GHSA-q2h6-ghwm-5qm8 [C:\projects\platform-engineering-copilot\Platform.Engineering.Copilot.sln]
C:\projects\platform-engineering-copilot\src\Platform.Engineering.Copilot.Mcp\Platform.Engineering.Copilot.Mcp.csproj : warning NU1902: Package 'MessagePack' 2.5.108 has a known moderate severity vulnerability, https://github.com/advisories/GHSA-qhmf-xw27-6rqr [C:\projects\platform-engineering-copilot\Platform.Engineering.Copilot.sln]
C:\projects\platform-engineering-copilot\src\Platform.Engineering.Copilot.Mcp\Platform.Engineering.Copilot.Mcp.csproj : warning NU1902: Package 'MessagePack' 2.5.108 has a known moderate severity vulnerability, https://github.com/advisories/GHSA-v72x-2h86-7f8m [C:\projects\platform-engineering-copilot\Platform.Engineering.Copilot.sln]
C:\projects\platform-engineering-copilot\src\Platform.Engineering.Copilot.Mcp\Platform.Engineering.Copilot.Mcp.csproj : warning NU1903: Package 'MessagePack' 2.5.108 has a known high severity vulnerability, https://github.com/advisories/GHSA-vh6j-jc39-fggf [C:\projects\platform-engineering-copilot\Platform.Engineering.Copilot.sln]
C:\projects\platform-engineering-copilot\src\Platform.Engineering.Copilot.Mcp\Platform.Engineering.Copilot.Mcp.csproj : warning NU1902: Package 'MessagePack' 2.5.108 has a known moderate severity vulnerability, https://github.com/advisories/GHSA-w567-gjr2-hm5j [C:\projects\platform-engineering-copilot\Platform.Engineering.Copilot.sln]
C:\projects\platform-engineering-copilot\src\Platform.Engineering.Copilot.Mcp\Platform.Engineering.Copilot.Mcp.csproj : warning NU1902: Package 'MessagePack' 2.5.108 has a known moderate severity vulnerability, https://github.com/advisories/GHSA-wfr3-xj75-pfwh [C:\projects\platform-engineering-copilot\Platform.Engineering.Copilot.sln]
C:\projects\platform-engineering-copilot\src\Platform.Engineering.Copilot.Mcp\Platform.Engineering.Copilot.Mcp.csproj : warning NU1903: Package 'Microsoft.Kiota.Abstractions' 1.13.0 has a known high severity vulnerability, https://github.com/advisories/GHSA-7j59-v9qr-6fq9 [C:\projects\platform-engineering-copilot\Platform.Engineering.Copilot.sln]
C:\projects\platform-engineering-copilot\src\Platform.Engineering.Copilot.Mcp\Platform.Engineering.Copilot.Mcp.csproj : warning NU1902: Package 'Microsoft.Rest.ClientRuntime' 2.3.20 has a known moderate severity vulnerability, https://github.com/advisories/GHSA-whph-446h-6m9v [C:\projects\platform-engineering-copilot\Platform.Engineering.Copilot.sln]
C:\projects\platform-engineering-copilot\src\Platform.Engineering.Copilot.Mcp\Platform.Engineering.Copilot.Mcp.csproj : warning NU1904: Package 'Microsoft.SemanticKernel.Core' 1.26.0 has a known critical severity vulnerability, https://github.com/advisories/GHSA-2ww3-72rp-wpp4 [C:\projects\platform-engineering-copilot\Platform.Engineering.Copilot.sln]
C:\projects\platform-engineering-copilot\src\Platform.Engineering.Copilot.Mcp\Platform.Engineering.Copilot.Mcp.csproj : warning NU1902: Package 'OpenTelemetry.Api' 1.8.1 has a known moderate severity vulnerability, https://github.com/advisories/GHSA-g94r-2vxg-569j [C:\projects\platform-engineering-copilot\Platform.Engineering.Copilot.sln]
C:\projects\platform-engineering-copilot\src\Platform.Engineering.Copilot.Mcp\Platform.Engineering.Copilot.Mcp.csproj : warning NU1903: Package 'System.Security.Cryptography.Xml' 9.0.0 has a known high severity vulnerability, https://github.com/advisories/GHSA-23rf-6693-g89p [C:\projects\platform-engineering-copilot\Platform.Engineering.Copilot.sln]
C:\projects\platform-engineering-copilot\src\Platform.Engineering.Copilot.Mcp\Platform.Engineering.Copilot.Mcp.csproj : warning NU1903: Package 'System.Security.Cryptography.Xml' 9.0.0 has a known high severity vulnerability, https://github.com/advisories/GHSA-37gx-xxp4-5rgx [C:\projects\platform-engineering-copilot\Platform.Engineering.Copilot.sln]
C:\projects\platform-engineering-copilot\src\Platform.Engineering.Copilot.Mcp\Platform.Engineering.Copilot.Mcp.csproj : warning NU1903: Package 'System.Security.Cryptography.Xml' 9.0.0 has a known high severity vulnerability, https://github.com/advisories/GHSA-6588-8gv4-xfgh [C:\projects\platform-engineering-copilot\Platform.Engineering.Copilot.sln]
C:\projects\platform-engineering-copilot\src\Platform.Engineering.Copilot.Mcp\Platform.Engineering.Copilot.Mcp.csproj : warning NU1903: Package 'System.Security.Cryptography.Xml' 9.0.0 has a known high severity vulnerability, https://github.com/advisories/GHSA-8q5v-6pqq-x66h [C:\projects\platform-engineering-copilot\Platform.Engineering.Copilot.sln]
C:\projects\platform-engineering-copilot\src\Platform.Engineering.Copilot.Mcp\Platform.Engineering.Copilot.Mcp.csproj : warning NU1903: Package 'System.Security.Cryptography.Xml' 9.0.0 has a known high severity vulnerability, https://github.com/advisories/GHSA-cvvh-rhrc-wg4q [C:\projects\platform-engineering-copilot\Platform.Engineering.Copilot.sln]
C:\projects\platform-engineering-copilot\src\Platform.Engineering.Copilot.Mcp\Platform.Engineering.Copilot.Mcp.csproj : warning NU1903: Package 'System.Security.Cryptography.Xml' 9.0.0 has a known high severity vulnerability, https://github.com/advisories/GHSA-g8r8-53c2-pm3f [C:\projects\platform-engineering-copilot\Platform.Engineering.Copilot.sln]
C:\projects\platform-engineering-copilot\src\Platform.Engineering.Copilot.Mcp\Platform.Engineering.Copilot.Mcp.csproj : warning NU1903: Package 'System.Security.Cryptography.Xml' 9.0.0 has a known high severity vulnerability, https://github.com/advisories/GHSA-mmjf-rqrv-855v [C:\projects\platform-engineering-copilot\Platform.Engineering.Copilot.sln]
C:\projects\platform-engineering-copilot\src\Platform.Engineering.Copilot.Mcp\Platform.Engineering.Copilot.Mcp.csproj : warning NU1903: Package 'System.Security.Cryptography.Xml' 9.0.0 has a known high severity vulnerability, https://github.com/advisories/GHSA-w3x6-4m5h-cxqf [C:\projects\platform-engineering-copilot\Platform.Engineering.Copilot.sln]
  All projects are up-to-date for restore.
C:\projects\platform-engineering-copilot\tests\Platform.Engineering.Copilot.Core.Tests\Platform.Engineering.Copilot.Core.Tests.csproj : warning NU1902: Package 'MessagePack' 2.5.108 has a known moderate severity vulnerability, https://github.com/advisories/GHSA-2f33-pr97-265q
C:\projects\platform-engineering-copilot\tests\Platform.Engineering.Copilot.Core.Tests\Platform.Engineering.Copilot.Core.Tests.csproj : warning NU1902: Package 'MessagePack' 2.5.108 has a known moderate severity vulnerability, https://github.com/advisories/GHSA-2x83-8g95-xh59
C:\projects\platform-engineering-copilot\tests\Platform.Engineering.Copilot.Core.Tests\Platform.Engineering.Copilot.Core.Tests.csproj : warning NU1902: Package 'MessagePack' 2.5.108 has a known moderate severity vulnerability, https://github.com/advisories/GHSA-4qm4-8hg2-g2xm
C:\projects\platform-engineering-copilot\tests\Platform.Engineering.Copilot.Core.Tests\Platform.Engineering.Copilot.Core.Tests.csproj : warning NU1902: Package 'MessagePack' 2.5.108 has a known moderate severity vulnerability, https://github.com/advisories/GHSA-cj9g-3mj2-g8vv
C:\projects\platform-engineering-copilot\tests\Platform.Engineering.Copilot.Core.Tests\Platform.Engineering.Copilot.Core.Tests.csproj : warning NU1902: Package 'MessagePack' 2.5.108 has a known moderate severity vulnerability, https://github.com/advisories/GHSA-cxmj-83gh-fp49
C:\projects\platform-engineering-copilot\tests\Platform.Engineering.Copilot.Core.Tests\Platform.Engineering.Copilot.Core.Tests.csproj : warning NU1903: Package 'MessagePack' 2.5.108 has a known high severity vulnerability, https://github.com/advisories/GHSA-hv8m-jj95-wg3x
C:\projects\platform-engineering-copilot\tests\Platform.Engineering.Copilot.Core.Tests\Platform.Engineering.Copilot.Core.Tests.csproj : warning NU1902: Package 'MessagePack' 2.5.108 has a known moderate severity vulnerability, https://github.com/advisories/GHSA-q2h6-ghwm-5qm8
C:\projects\platform-engineering-copilot\tests\Platform.Engineering.Copilot.Core.Tests\Platform.Engineering.Copilot.Core.Tests.csproj : warning NU1902: Package 'MessagePack' 2.5.108 has a known moderate severity vulnerability, https://github.com/advisories/GHSA-qhmf-xw27-6rqr
C:\projects\platform-engineering-copilot\tests\Platform.Engineering.Copilot.Core.Tests\Platform.Engineering.Copilot.Core.Tests.csproj : warning NU1902: Package 'MessagePack' 2.5.108 has a known moderate severity vulnerability, https://github.com/advisories/GHSA-v72x-2h86-7f8m
C:\projects\platform-engineering-copilot\tests\Platform.Engineering.Copilot.Core.Tests\Platform.Engineering.Copilot.Core.Tests.csproj : warning NU1903: Package 'MessagePack' 2.5.108 has a known high severity vulnerability, https://github.com/advisories/GHSA-vh6j-jc39-fggf
C:\projects\platform-engineering-copilot\tests\Platform.Engineering.Copilot.Core.Tests\Platform.Engineering.Copilot.Core.Tests.csproj : warning NU1902: Package 'MessagePack' 2.5.108 has a known moderate severity vulnerability, https://github.com/advisories/GHSA-w567-gjr2-hm5j
C:\projects\platform-engineering-copilot\tests\Platform.Engineering.Copilot.Core.Tests\Platform.Engineering.Copilot.Core.Tests.csproj : warning NU1902: Package 'MessagePack' 2.5.108 has a known moderate severity vulnerability, https://github.com/advisories/GHSA-wfr3-xj75-pfwh
C:\projects\platform-engineering-copilot\tests\Platform.Engineering.Copilot.Core.Tests\Platform.Engineering.Copilot.Core.Tests.csproj : warning NU1903: Package 'Microsoft.Kiota.Abstractions' 1.13.0 has a known high severity vulnerability, https://github.com/advisories/GHSA-7j59-v9qr-6fq9
C:\projects\platform-engineering-copilot\tests\Platform.Engineering.Copilot.Core.Tests\Platform.Engineering.Copilot.Core.Tests.csproj : warning NU1902: Package 'Microsoft.Rest.ClientRuntime' 2.3.20 has a known moderate severity vulnerability, https://github.com/advisories/GHSA-whph-446h-6m9v
C:\projects\platform-engineering-copilot\tests\Platform.Engineering.Copilot.Core.Tests\Platform.Engineering.Copilot.Core.Tests.csproj : warning NU1904: Package 'Microsoft.SemanticKernel.Core' 1.26.0 has a known critical severity vulnerability, https://github.com/advisories/GHSA-2ww3-72rp-wpp4
C:\projects\platform-engineering-copilot\tests\Platform.Engineering.Copilot.Core.Tests\Platform.Engineering.Copilot.Core.Tests.csproj : warning NU1903: Package 'System.IO.Packaging' 8.0.0 has a known high severity vulnerability, https://github.com/advisories/GHSA-f32c-w444-8ppv
C:\projects\platform-engineering-copilot\tests\Platform.Engineering.Copilot.Core.Tests\Platform.Engineering.Copilot.Core.Tests.csproj : warning NU1903: Package 'System.IO.Packaging' 8.0.0 has a known high severity vulnerability, https://github.com/advisories/GHSA-qj66-m88j-hmgj
C:\projects\platform-engineering-copilot\tests\Platform.Engineering.Copilot.Core.Tests\Platform.Engineering.Copilot.Core.Tests.csproj : warning NU1903: Package 'System.Security.Cryptography.Xml' 9.0.0 has a known high severity vulnerability, https://github.com/advisories/GHSA-23rf-6693-g89p
C:\projects\platform-engineering-copilot\tests\Platform.Engineering.Copilot.Core.Tests\Platform.Engineering.Copilot.Core.Tests.csproj : warning NU1903: Package 'System.Security.Cryptography.Xml' 9.0.0 has a known high severity vulnerability, https://github.com/advisories/GHSA-37gx-xxp4-5rgx
C:\projects\platform-engineering-copilot\tests\Platform.Engineering.Copilot.Core.Tests\Platform.Engineering.Copilot.Core.Tests.csproj : warning NU1903: Package 'System.Security.Cryptography.Xml' 9.0.0 has a known high severity vulnerability, https://github.com/advisories/GHSA-6588-8gv4-xfgh
C:\projects\platform-engineering-copilot\tests\Platform.Engineering.Copilot.Core.Tests\Platform.Engineering.Copilot.Core.Tests.csproj : warning NU1903: Package 'System.Security.Cryptography.Xml' 9.0.0 has a known high severity vulnerability, https://github.com/advisories/GHSA-8q5v-6pqq-x66h
C:\projects\platform-engineering-copilot\tests\Platform.Engineering.Copilot.Core.Tests\Platform.Engineering.Copilot.Core.Tests.csproj : warning NU1903: Package 'System.Security.Cryptography.Xml' 9.0.0 has a known high severity vulnerability, https://github.com/advisories/GHSA-cvvh-rhrc-wg4q
C:\projects\platform-engineering-copilot\tests\Platform.Engineering.Copilot.Core.Tests\Platform.Engineering.Copilot.Core.Tests.csproj : warning NU1903: Package 'System.Security.Cryptography.Xml' 9.0.0 has a known high severity vulnerability, https://github.com/advisories/GHSA-g8r8-53c2-pm3f
C:\projects\platform-engineering-copilot\tests\Platform.Engineering.Copilot.Core.Tests\Platform.Engineering.Copilot.Core.Tests.csproj : warning NU1903: Package 'System.Security.Cryptography.Xml' 9.0.0 has a known high severity vulnerability, https://github.com/advisories/GHSA-mmjf-rqrv-855v
C:\projects\platform-engineering-copilot\tests\Platform.Engineering.Copilot.Core.Tests\Platform.Engineering.Copilot.Core.Tests.csproj : warning NU1903: Package 'System.Security.Cryptography.Xml' 9.0.0 has a known high severity vulnerability, https://github.com/advisories/GHSA-w3x6-4m5h-cxqf
C:\projects\platform-engineering-copilot\src\Platform.Engineering.Copilot.Mcp\Platform.Engineering.Copilot.Mcp.csproj : warning NU1510: PackageReference System.Text.Json will not be pruned. This package is automatically available and does not need to be referenced explicitly. Remove the PackageReference item.
C:\projects\platform-engineering-copilot\src\Platform.Engineering.Copilot.Channels\Platform.Engineering.Copilot.Channels.csproj : warning NU1510: PackageReference System.Text.Json will not be pruned. This package is automatically available and does not need to be referenced explicitly. Remove the PackageReference item.
C:\projects\platform-engineering-copilot\src\Platform.Engineering.Copilot.Mcp\Platform.Engineering.Copilot.Mcp.csproj : warning NU1608: Detected package version outside of dependency constraint: Microsoft.SemanticKernel.Connectors.AzureOpenAI 1.26.0 requires Azure.AI.OpenAI (= 2.1.0-beta.1) but version Azure.AI.OpenAI 2.1.0 was resolved.
C:\projects\platform-engineering-copilot\src\Platform.Engineering.Copilot.Channels\Platform.Engineering.Copilot.Channels.csproj : warning NU1903: Package 'Newtonsoft.Json' 11.0.2 has a known high severity vulnerability, https://github.com/advisories/GHSA-5crp-9r3c-p9vr
C:\projects\platform-engineering-copilot\src\Platform.Engineering.Copilot.Mcp\Platform.Engineering.Copilot.Mcp.csproj : warning NU1608: Detected package version outside of dependency constraint: Microsoft.SemanticKernel.Connectors.OpenAI 1.26.0 requires OpenAI (= 2.1.0-beta.1) but version OpenAI 2.2.0-beta.4 was resolved.
C:\projects\platform-engineering-copilot\src\Platform.Engineering.Copilot.Mcp\Platform.Engineering.Copilot.Mcp.csproj : warning NU1902: Package 'MessagePack' 2.5.108 has a known moderate severity vulnerability, https://github.com/advisories/GHSA-2f33-pr97-265q
C:\projects\platform-engineering-copilot\src\Platform.Engineering.Copilot.Mcp\Platform.Engineering.Copilot.Mcp.csproj : warning NU1902: Package 'MessagePack' 2.5.108 has a known moderate severity vulnerability, https://github.com/advisories/GHSA-2x83-8g95-xh59
C:\projects\platform-engineering-copilot\src\Platform.Engineering.Copilot.Mcp\Platform.Engineering.Copilot.Mcp.csproj : warning NU1902: Package 'MessagePack' 2.5.108 has a known moderate severity vulnerability, https://github.com/advisories/GHSA-4qm4-8hg2-g2xm
C:\projects\platform-engineering-copilot\src\Platform.Engineering.Copilot.Mcp\Platform.Engineering.Copilot.Mcp.csproj : warning NU1902: Package 'MessagePack' 2.5.108 has a known moderate severity vulnerability, https://github.com/advisories/GHSA-cj9g-3mj2-g8vv
C:\projects\platform-engineering-copilot\src\Platform.Engineering.Copilot.Mcp\Platform.Engineering.Copilot.Mcp.csproj : warning NU1902: Package 'MessagePack' 2.5.108 has a known moderate severity vulnerability, https://github.com/advisories/GHSA-cxmj-83gh-fp49
C:\projects\platform-engineering-copilot\src\Platform.Engineering.Copilot.Mcp\Platform.Engineering.Copilot.Mcp.csproj : warning NU1903: Package 'MessagePack' 2.5.108 has a known high severity vulnerability, https://github.com/advisories/GHSA-hv8m-jj95-wg3x
C:\projects\platform-engineering-copilot\src\Platform.Engineering.Copilot.Mcp\Platform.Engineering.Copilot.Mcp.csproj : warning NU1902: Package 'MessagePack' 2.5.108 has a known moderate severity vulnerability, https://github.com/advisories/GHSA-q2h6-ghwm-5qm8
C:\projects\platform-engineering-copilot\src\Platform.Engineering.Copilot.Mcp\Platform.Engineering.Copilot.Mcp.csproj : warning NU1902: Package 'MessagePack' 2.5.108 has a known moderate severity vulnerability, https://github.com/advisories/GHSA-qhmf-xw27-6rqr
C:\projects\platform-engineering-copilot\src\Platform.Engineering.Copilot.Mcp\Platform.Engineering.Copilot.Mcp.csproj : warning NU1902: Package 'MessagePack' 2.5.108 has a known moderate severity vulnerability, https://github.com/advisories/GHSA-v72x-2h86-7f8m
C:\projects\platform-engineering-copilot\src\Platform.Engineering.Copilot.Mcp\Platform.Engineering.Copilot.Mcp.csproj : warning NU1903: Package 'MessagePack' 2.5.108 has a known high severity vulnerability, https://github.com/advisories/GHSA-vh6j-jc39-fggf
C:\projects\platform-engineering-copilot\src\Platform.Engineering.Copilot.Mcp\Platform.Engineering.Copilot.Mcp.csproj : warning NU1902: Package 'MessagePack' 2.5.108 has a known moderate severity vulnerability, https://github.com/advisories/GHSA-w567-gjr2-hm5j
C:\projects\platform-engineering-copilot\src\Platform.Engineering.Copilot.Mcp\Platform.Engineering.Copilot.Mcp.csproj : warning NU1902: Package 'MessagePack' 2.5.108 has a known moderate severity vulnerability, https://github.com/advisories/GHSA-wfr3-xj75-pfwh
C:\projects\platform-engineering-copilot\src\Platform.Engineering.Copilot.Mcp\Platform.Engineering.Copilot.Mcp.csproj : warning NU1903: Package 'Microsoft.Kiota.Abstractions' 1.13.0 has a known high severity vulnerability, https://github.com/advisories/GHSA-7j59-v9qr-6fq9
C:\projects\platform-engineering-copilot\src\Platform.Engineering.Copilot.Mcp\Platform.Engineering.Copilot.Mcp.csproj : warning NU1902: Package 'Microsoft.Rest.ClientRuntime' 2.3.20 has a known moderate severity vulnerability, https://github.com/advisories/GHSA-whph-446h-6m9v
C:\projects\platform-engineering-copilot\src\Platform.Engineering.Copilot.Mcp\Platform.Engineering.Copilot.Mcp.csproj : warning NU1904: Package 'Microsoft.SemanticKernel.Core' 1.26.0 has a known critical severity vulnerability, https://github.com/advisories/GHSA-2ww3-72rp-wpp4
C:\projects\platform-engineering-copilot\src\Platform.Engineering.Copilot.Mcp\Platform.Engineering.Copilot.Mcp.csproj : warning NU1902: Package 'OpenTelemetry.Api' 1.8.1 has a known moderate severity vulnerability, https://github.com/advisories/GHSA-g94r-2vxg-569j
C:\projects\platform-engineering-copilot\src\Platform.Engineering.Copilot.Mcp\Platform.Engineering.Copilot.Mcp.csproj : warning NU1903: Package 'System.Security.Cryptography.Xml' 9.0.0 has a known high severity vulnerability, https://github.com/advisories/GHSA-23rf-6693-g89p
C:\projects\platform-engineering-copilot\src\Platform.Engineering.Copilot.Mcp\Platform.Engineering.Copilot.Mcp.csproj : warning NU1903: Package 'System.Security.Cryptography.Xml' 9.0.0 has a known high severity vulnerability, https://github.com/advisories/GHSA-37gx-xxp4-5rgx
C:\projects\platform-engineering-copilot\src\Platform.Engineering.Copilot.Mcp\Platform.Engineering.Copilot.Mcp.csproj : warning NU1903: Package 'System.Security.Cryptography.Xml' 9.0.0 has a known high severity vulnerability, https://github.com/advisories/GHSA-6588-8gv4-xfgh
C:\projects\platform-engineering-copilot\src\Platform.Engineering.Copilot.Mcp\Platform.Engineering.Copilot.Mcp.csproj : warning NU1903: Package 'System.Security.Cryptography.Xml' 9.0.0 has a known high severity vulnerability, https://github.com/advisories/GHSA-8q5v-6pqq-x66h
C:\projects\platform-engineering-copilot\src\Platform.Engineering.Copilot.Mcp\Platform.Engineering.Copilot.Mcp.csproj : warning NU1903: Package 'System.Security.Cryptography.Xml' 9.0.0 has a known high severity vulnerability, https://github.com/advisories/GHSA-cvvh-rhrc-wg4q
C:\projects\platform-engineering-copilot\src\Platform.Engineering.Copilot.Mcp\Platform.Engineering.Copilot.Mcp.csproj : warning NU1903: Package 'System.Security.Cryptography.Xml' 9.0.0 has a known high severity vulnerability, https://github.com/advisories/GHSA-g8r8-53c2-pm3f
C:\projects\platform-engineering-copilot\src\Platform.Engineering.Copilot.Mcp\Platform.Engineering.Copilot.Mcp.csproj : warning NU1903: Package 'System.Security.Cryptography.Xml' 9.0.0 has a known high severity vulnerability, https://github.com/advisories/GHSA-mmjf-rqrv-855v
C:\projects\platform-engineering-copilot\src\Platform.Engineering.Copilot.Mcp\Platform.Engineering.Copilot.Mcp.csproj : warning NU1903: Package 'System.Security.Cryptography.Xml' 9.0.0 has a known high severity vulnerability, https://github.com/advisories/GHSA-w3x6-4m5h-cxqf
C:\projects\platform-engineering-copilot\src\Platform.Engineering.Copilot.Agents\Platform.Engineering.Copilot.Agents.csproj : warning NU1608: Detected package version outside of dependency constraint: Microsoft.SemanticKernel.Connectors.AzureOpenAI 1.26.0 requires Azure.AI.OpenAI (= 2.1.0-beta.1) but version Azure.AI.OpenAI 2.1.0 was resolved.
C:\projects\platform-engineering-copilot\src\Platform.Engineering.Copilot.Agents\Platform.Engineering.Copilot.Agents.csproj : warning NU1608: Detected package version outside of dependency constraint: Microsoft.SemanticKernel.Connectors.OpenAI 1.26.0 requires OpenAI (= 2.1.0-beta.1) but version OpenAI 2.2.0-beta.4 was resolved.
C:\projects\platform-engineering-copilot\src\Platform.Engineering.Copilot.Agents\Platform.Engineering.Copilot.Agents.csproj : warning NU1902: Package 'MessagePack' 2.5.108 has a known moderate severity vulnerability, https://github.com/advisories/GHSA-2f33-pr97-265q
C:\projects\platform-engineering-copilot\src\Platform.Engineering.Copilot.Agents\Platform.Engineering.Copilot.Agents.csproj : warning NU1902: Package 'MessagePack' 2.5.108 has a known moderate severity vulnerability, https://github.com/advisories/GHSA-2x83-8g95-xh59
C:\projects\platform-engineering-copilot\src\Platform.Engineering.Copilot.Agents\Platform.Engineering.Copilot.Agents.csproj : warning NU1902: Package 'MessagePack' 2.5.108 has a known moderate severity vulnerability, https://github.com/advisories/GHSA-4qm4-8hg2-g2xm
C:\projects\platform-engineering-copilot\src\Platform.Engineering.Copilot.Agents\Platform.Engineering.Copilot.Agents.csproj : warning NU1902: Package 'MessagePack' 2.5.108 has a known moderate severity vulnerability, https://github.com/advisories/GHSA-cj9g-3mj2-g8vv
C:\projects\platform-engineering-copilot\src\Platform.Engineering.Copilot.Agents\Platform.Engineering.Copilot.Agents.csproj : warning NU1902: Package 'MessagePack' 2.5.108 has a known moderate severity vulnerability, https://github.com/advisories/GHSA-cxmj-83gh-fp49
C:\projects\platform-engineering-copilot\src\Platform.Engineering.Copilot.Agents\Platform.Engineering.Copilot.Agents.csproj : warning NU1903: Package 'MessagePack' 2.5.108 has a known high severity vulnerability, https://github.com/advisories/GHSA-hv8m-jj95-wg3x
C:\projects\platform-engineering-copilot\src\Platform.Engineering.Copilot.Agents\Platform.Engineering.Copilot.Agents.csproj : warning NU1902: Package 'MessagePack' 2.5.108 has a known moderate severity vulnerability, https://github.com/advisories/GHSA-q2h6-ghwm-5qm8
C:\projects\platform-engineering-copilot\src\Platform.Engineering.Copilot.Agents\Platform.Engineering.Copilot.Agents.csproj : warning NU1902: Package 'MessagePack' 2.5.108 has a known moderate severity vulnerability, https://github.com/advisories/GHSA-qhmf-xw27-6rqr
C:\projects\platform-engineering-copilot\src\Platform.Engineering.Copilot.Agents\Platform.Engineering.Copilot.Agents.csproj : warning NU1902: Package 'MessagePack' 2.5.108 has a known moderate severity vulnerability, https://github.com/advisories/GHSA-v72x-2h86-7f8m
C:\projects\platform-engineering-copilot\src\Platform.Engineering.Copilot.Agents\Platform.Engineering.Copilot.Agents.csproj : warning NU1903: Package 'MessagePack' 2.5.108 has a known high severity vulnerability, https://github.com/advisories/GHSA-vh6j-jc39-fggf
C:\projects\platform-engineering-copilot\src\Platform.Engineering.Copilot.Agents\Platform.Engineering.Copilot.Agents.csproj : warning NU1902: Package 'MessagePack' 2.5.108 has a known moderate severity vulnerability, https://github.com/advisories/GHSA-w567-gjr2-hm5j
C:\projects\platform-engineering-copilot\src\Platform.Engineering.Copilot.Agents\Platform.Engineering.Copilot.Agents.csproj : warning NU1902: Package 'MessagePack' 2.5.108 has a known moderate severity vulnerability, https://github.com/advisories/GHSA-wfr3-xj75-pfwh
C:\projects\platform-engineering-copilot\src\Platform.Engineering.Copilot.Agents\Platform.Engineering.Copilot.Agents.csproj : warning NU1903: Package 'Microsoft.Kiota.Abstractions' 1.13.0 has a known high severity vulnerability, https://github.com/advisories/GHSA-7j59-v9qr-6fq9
C:\projects\platform-engineering-copilot\src\Platform.Engineering.Copilot.Agents\Platform.Engineering.Copilot.Agents.csproj : warning NU1902: Package 'Microsoft.Rest.ClientRuntime' 2.3.20 has a known moderate severity vulnerability, https://github.com/advisories/GHSA-whph-446h-6m9v
C:\projects\platform-engineering-copilot\src\Platform.Engineering.Copilot.Agents\Platform.Engineering.Copilot.Agents.csproj : warning NU1904: Package 'Microsoft.SemanticKernel.Core' 1.26.0 has a known critical severity vulnerability, https://github.com/advisories/GHSA-2ww3-72rp-wpp4
C:\projects\platform-engineering-copilot\src\Platform.Engineering.Copilot.Agents\Platform.Engineering.Copilot.Agents.csproj : warning NU1903: Package 'System.Security.Cryptography.Xml' 9.0.0 has a known high severity vulnerability, https://github.com/advisories/GHSA-23rf-6693-g89p
C:\projects\platform-engineering-copilot\src\Platform.Engineering.Copilot.Agents\Platform.Engineering.Copilot.Agents.csproj : warning NU1903: Package 'System.Security.Cryptography.Xml' 9.0.0 has a known high severity vulnerability, https://github.com/advisories/GHSA-37gx-xxp4-5rgx
C:\projects\platform-engineering-copilot\src\Platform.Engineering.Copilot.Agents\Platform.Engineering.Copilot.Agents.csproj : warning NU1903: Package 'System.Security.Cryptography.Xml' 9.0.0 has a known high severity vulnerability, https://github.com/advisories/GHSA-6588-8gv4-xfgh
C:\projects\platform-engineering-copilot\src\Platform.Engineering.Copilot.Agents\Platform.Engineering.Copilot.Agents.csproj : warning NU1903: Package 'System.Security.Cryptography.Xml' 9.0.0 has a known high severity vulnerability, https://github.com/advisories/GHSA-8q5v-6pqq-x66h
C:\projects\platform-engineering-copilot\src\Platform.Engineering.Copilot.Agents\Platform.Engineering.Copilot.Agents.csproj : warning NU1903: Package 'System.Security.Cryptography.Xml' 9.0.0 has a known high severity vulnerability, https://github.com/advisories/GHSA-cvvh-rhrc-wg4q
C:\projects\platform-engineering-copilot\src\Platform.Engineering.Copilot.Agents\Platform.Engineering.Copilot.Agents.csproj : warning NU1903: Package 'System.Security.Cryptography.Xml' 9.0.0 has a known high severity vulnerability, https://github.com/advisories/GHSA-g8r8-53c2-pm3f
C:\projects\platform-engineering-copilot\src\Platform.Engineering.Copilot.Agents\Platform.Engineering.Copilot.Agents.csproj : warning NU1903: Package 'System.Security.Cryptography.Xml' 9.0.0 has a known high severity vulnerability, https://github.com/advisories/GHSA-mmjf-rqrv-855v
C:\projects\platform-engineering-copilot\src\Platform.Engineering.Copilot.Agents\Platform.Engineering.Copilot.Agents.csproj : warning NU1903: Package 'System.Security.Cryptography.Xml' 9.0.0 has a known high severity vulnerability, https://github.com/advisories/GHSA-w3x6-4m5h-cxqf
C:\projects\platform-engineering-copilot\src\Platform.Engineering.Copilot.State\Platform.Engineering.Copilot.State.csproj : warning NU1510: PackageReference System.Text.Json will not be pruned. This package is automatically available and does not need to be referenced explicitly. Remove the PackageReference item.
C:\projects\platform-engineering-copilot\tests\Platform.Engineering.Copilot.Chat.Tests\Platform.Engineering.Copilot.Chat.Tests.csproj : warning NU1608: Detected package version outside of dependency constraint: Microsoft.SemanticKernel.Connectors.AzureOpenAI 1.26.0 requires Azure.AI.OpenAI (= 2.1.0-beta.1) but version Azure.AI.OpenAI 2.1.0 was resolved.
C:\projects\platform-engineering-copilot\tests\Platform.Engineering.Copilot.Chat.Tests\Platform.Engineering.Copilot.Chat.Tests.csproj : warning NU1608: Detected package version outside of dependency constraint: Microsoft.SemanticKernel.Connectors.OpenAI 1.26.0 requires OpenAI (= 2.1.0-beta.1) but version OpenAI 2.2.0-beta.4 was resolved.
C:\projects\platform-engineering-copilot\tests\Platform.Engineering.Copilot.Chat.Tests\Platform.Engineering.Copilot.Chat.Tests.csproj : warning NU1902: Package 'MessagePack' 2.5.108 has a known moderate severity vulnerability, https://github.com/advisories/GHSA-2f33-pr97-265q
C:\projects\platform-engineering-copilot\tests\Platform.Engineering.Copilot.Chat.Tests\Platform.Engineering.Copilot.Chat.Tests.csproj : warning NU1902: Package 'MessagePack' 2.5.108 has a known moderate severity vulnerability, https://github.com/advisories/GHSA-2x83-8g95-xh59
C:\projects\platform-engineering-copilot\tests\Platform.Engineering.Copilot.Chat.Tests\Platform.Engineering.Copilot.Chat.Tests.csproj : warning NU1902: Package 'MessagePack' 2.5.108 has a known moderate severity vulnerability, https://github.com/advisories/GHSA-4qm4-8hg2-g2xm
C:\projects\platform-engineering-copilot\tests\Platform.Engineering.Copilot.Chat.Tests\Platform.Engineering.Copilot.Chat.Tests.csproj : warning NU1902: Package 'MessagePack' 2.5.108 has a known moderate severity vulnerability, https://github.com/advisories/GHSA-cj9g-3mj2-g8vv
C:\projects\platform-engineering-copilot\tests\Platform.Engineering.Copilot.Chat.Tests\Platform.Engineering.Copilot.Chat.Tests.csproj : warning NU1902: Package 'MessagePack' 2.5.108 has a known moderate severity vulnerability, https://github.com/advisories/GHSA-cxmj-83gh-fp49
C:\projects\platform-engineering-copilot\tests\Platform.Engineering.Copilot.Chat.Tests\Platform.Engineering.Copilot.Chat.Tests.csproj : warning NU1903: Package 'MessagePack' 2.5.108 has a known high severity vulnerability, https://github.com/advisories/GHSA-hv8m-jj95-wg3x
C:\projects\platform-engineering-copilot\tests\Platform.Engineering.Copilot.Chat.Tests\Platform.Engineering.Copilot.Chat.Tests.csproj : warning NU1902: Package 'MessagePack' 2.5.108 has a known moderate severity vulnerability, https://github.com/advisories/GHSA-q2h6-ghwm-5qm8
C:\projects\platform-engineering-copilot\tests\Platform.Engineering.Copilot.Chat.Tests\Platform.Engineering.Copilot.Chat.Tests.csproj : warning NU1902: Package 'MessagePack' 2.5.108 has a known moderate severity vulnerability, https://github.com/advisories/GHSA-qhmf-xw27-6rqr
C:\projects\platform-engineering-copilot\tests\Platform.Engineering.Copilot.Chat.Tests\Platform.Engineering.Copilot.Chat.Tests.csproj : warning NU1902: Package 'MessagePack' 2.5.108 has a known moderate severity vulnerability, https://github.com/advisories/GHSA-v72x-2h86-7f8m
C:\projects\platform-engineering-copilot\tests\Platform.Engineering.Copilot.Chat.Tests\Platform.Engineering.Copilot.Chat.Tests.csproj : warning NU1903: Package 'MessagePack' 2.5.108 has a known high severity vulnerability, https://github.com/advisories/GHSA-vh6j-jc39-fggf
C:\projects\platform-engineering-copilot\tests\Platform.Engineering.Copilot.Chat.Tests\Platform.Engineering.Copilot.Chat.Tests.csproj : warning NU1902: Package 'MessagePack' 2.5.108 has a known moderate severity vulnerability, https://github.com/advisories/GHSA-w567-gjr2-hm5j
C:\projects\platform-engineering-copilot\tests\Platform.Engineering.Copilot.Chat.Tests\Platform.Engineering.Copilot.Chat.Tests.csproj : warning NU1902: Package 'MessagePack' 2.5.108 has a known moderate severity vulnerability, https://github.com/advisories/GHSA-wfr3-xj75-pfwh
C:\projects\platform-engineering-copilot\tests\Platform.Engineering.Copilot.Chat.Tests\Platform.Engineering.Copilot.Chat.Tests.csproj : warning NU1903: Package 'Microsoft.Kiota.Abstractions' 1.13.0 has a known high severity vulnerability, https://github.com/advisories/GHSA-7j59-v9qr-6fq9
C:\projects\platform-engineering-copilot\tests\Platform.Engineering.Copilot.Chat.Tests\Platform.Engineering.Copilot.Chat.Tests.csproj : warning NU1903: Package 'Microsoft.OpenApi' 2.0.0 has a known high severity vulnerability, https://github.com/advisories/GHSA-v5pm-xwqc-g5wc
C:\projects\platform-engineering-copilot\tests\Platform.Engineering.Copilot.Chat.Tests\Platform.Engineering.Copilot.Chat.Tests.csproj : warning NU1902: Package 'Microsoft.Rest.ClientRuntime' 2.3.20 has a known moderate severity vulnerability, https://github.com/advisories/GHSA-whph-446h-6m9v
C:\projects\platform-engineering-copilot\tests\Platform.Engineering.Copilot.Chat.Tests\Platform.Engineering.Copilot.Chat.Tests.csproj : warning NU1904: Package 'Microsoft.SemanticKernel.Core' 1.26.0 has a known critical severity vulnerability, https://github.com/advisories/GHSA-2ww3-72rp-wpp4
C:\projects\platform-engineering-copilot\tests\Platform.Engineering.Copilot.Chat.Tests\Platform.Engineering.Copilot.Chat.Tests.csproj : warning NU1902: Package 'OpenTelemetry.Api' 1.8.1 has a known moderate severity vulnerability, https://github.com/advisories/GHSA-g94r-2vxg-569j
C:\projects\platform-engineering-copilot\tests\Platform.Engineering.Copilot.Chat.Tests\Platform.Engineering.Copilot.Chat.Tests.csproj : warning NU1903: Package 'System.Security.Cryptography.Xml' 9.0.0 has a known high severity vulnerability, https://github.com/advisories/GHSA-23rf-6693-g89p
C:\projects\platform-engineering-copilot\tests\Platform.Engineering.Copilot.Chat.Tests\Platform.Engineering.Copilot.Chat.Tests.csproj : warning NU1903: Package 'System.Security.Cryptography.Xml' 9.0.0 has a known high severity vulnerability, https://github.com/advisories/GHSA-37gx-xxp4-5rgx
C:\projects\platform-engineering-copilot\tests\Platform.Engineering.Copilot.Chat.Tests\Platform.Engineering.Copilot.Chat.Tests.csproj : warning NU1903: Package 'System.Security.Cryptography.Xml' 9.0.0 has a known high severity vulnerability, https://github.com/advisories/GHSA-6588-8gv4-xfgh
C:\projects\platform-engineering-copilot\tests\Platform.Engineering.Copilot.Chat.Tests\Platform.Engineering.Copilot.Chat.Tests.csproj : warning NU1903: Package 'System.Security.Cryptography.Xml' 9.0.0 has a known high severity vulnerability, https://github.com/advisories/GHSA-8q5v-6pqq-x66h
C:\projects\platform-engineering-copilot\tests\Platform.Engineering.Copilot.Chat.Tests\Platform.Engineering.Copilot.Chat.Tests.csproj : warning NU1903: Package 'System.Security.Cryptography.Xml' 9.0.0 has a known high severity vulnerability, https://github.com/advisories/GHSA-cvvh-rhrc-wg4q
C:\projects\platform-engineering-copilot\tests\Platform.Engineering.Copilot.Chat.Tests\Platform.Engineering.Copilot.Chat.Tests.csproj : warning NU1903: Package 'System.Security.Cryptography.Xml' 9.0.0 has a known high severity vulnerability, https://github.com/advisories/GHSA-g8r8-53c2-pm3f
C:\projects\platform-engineering-copilot\tests\Platform.Engineering.Copilot.Chat.Tests\Platform.Engineering.Copilot.Chat.Tests.csproj : warning NU1903: Package 'System.Security.Cryptography.Xml' 9.0.0 has a known high severity vulnerability, https://github.com/advisories/GHSA-mmjf-rqrv-855v
C:\projects\platform-engineering-copilot\tests\Platform.Engineering.Copilot.Chat.Tests\Platform.Engineering.Copilot.Chat.Tests.csproj : warning NU1903: Package 'System.Security.Cryptography.Xml' 9.0.0 has a known high severity vulnerability, https://github.com/advisories/GHSA-w3x6-4m5h-cxqf
C:\projects\platform-engineering-copilot\src\Platform.Engineering.Copilot.Chat\Platform.Engineering.Copilot.Chat.csproj : warning NU1510: PackageReference Microsoft.AspNetCore.SignalR will not be pruned. This package is automatically available and does not need to be referenced explicitly. Remove the PackageReference item.
C:\projects\platform-engineering-copilot\src\Platform.Engineering.Copilot.Chat\Platform.Engineering.Copilot.Chat.csproj : warning NU1510: PackageReference System.Text.Json will not be pruned. This package is automatically available and does not need to be referenced explicitly. Remove the PackageReference item.
C:\projects\platform-engineering-copilot\src\Platform.Engineering.Copilot.Chat\Platform.Engineering.Copilot.Chat.csproj : warning NU1510: PackageReference Microsoft.AspNetCore.Http.Features will not be pruned. This package is automatically available and does not need to be referenced explicitly. Remove the PackageReference item.
C:\projects\platform-engineering-copilot\src\Platform.Engineering.Copilot.Chat\Platform.Engineering.Copilot.Chat.csproj : warning NU1608: Detected package version outside of dependency constraint: Microsoft.SemanticKernel.Connectors.AzureOpenAI 1.26.0 requires Azure.AI.OpenAI (= 2.1.0-beta.1) but version Azure.AI.OpenAI 2.1.0 was resolved.
C:\projects\platform-engineering-copilot\src\Platform.Engineering.Copilot.Chat\Platform.Engineering.Copilot.Chat.csproj : warning NU1608: Detected package version outside of dependency constraint: Microsoft.SemanticKernel.Connectors.OpenAI 1.26.0 requires OpenAI (= 2.1.0-beta.1) but version OpenAI 2.2.0-beta.4 was resolved.
C:\projects\platform-engineering-copilot\src\Platform.Engineering.Copilot.Chat\Platform.Engineering.Copilot.Chat.csproj : warning NU1902: Package 'MessagePack' 2.5.108 has a known moderate severity vulnerability, https://github.com/advisories/GHSA-2f33-pr97-265q
C:\projects\platform-engineering-copilot\src\Platform.Engineering.Copilot.Chat\Platform.Engineering.Copilot.Chat.csproj : warning NU1902: Package 'MessagePack' 2.5.108 has a known moderate severity vulnerability, https://github.com/advisories/GHSA-2x83-8g95-xh59
C:\projects\platform-engineering-copilot\src\Platform.Engineering.Copilot.Chat\Platform.Engineering.Copilot.Chat.csproj : warning NU1902: Package 'MessagePack' 2.5.108 has a known moderate severity vulnerability, https://github.com/advisories/GHSA-4qm4-8hg2-g2xm
C:\projects\platform-engineering-copilot\src\Platform.Engineering.Copilot.Chat\Platform.Engineering.Copilot.Chat.csproj : warning NU1902: Package 'MessagePack' 2.5.108 has a known moderate severity vulnerability, https://github.com/advisories/GHSA-cj9g-3mj2-g8vv
C:\projects\platform-engineering-copilot\src\Platform.Engineering.Copilot.Chat\Platform.Engineering.Copilot.Chat.csproj : warning NU1902: Package 'MessagePack' 2.5.108 has a known moderate severity vulnerability, https://github.com/advisories/GHSA-cxmj-83gh-fp49
C:\projects\platform-engineering-copilot\src\Platform.Engineering.Copilot.Chat\Platform.Engineering.Copilot.Chat.csproj : warning NU1903: Package 'MessagePack' 2.5.108 has a known high severity vulnerability, https://github.com/advisories/GHSA-hv8m-jj95-wg3x
C:\projects\platform-engineering-copilot\src\Platform.Engineering.Copilot.Chat\Platform.Engineering.Copilot.Chat.csproj : warning NU1902: Package 'MessagePack' 2.5.108 has a known moderate severity vulnerability, https://github.com/advisories/GHSA-q2h6-ghwm-5qm8
C:\projects\platform-engineering-copilot\src\Platform.Engineering.Copilot.Chat\Platform.Engineering.Copilot.Chat.csproj : warning NU1902: Package 'MessagePack' 2.5.108 has a known moderate severity vulnerability, https://github.com/advisories/GHSA-qhmf-xw27-6rqr
C:\projects\platform-engineering-copilot\src\Platform.Engineering.Copilot.Chat\Platform.Engineering.Copilot.Chat.csproj : warning NU1902: Package 'MessagePack' 2.5.108 has a known moderate severity vulnerability, https://github.com/advisories/GHSA-v72x-2h86-7f8m
C:\projects\platform-engineering-copilot\src\Platform.Engineering.Copilot.Chat\Platform.Engineering.Copilot.Chat.csproj : warning NU1903: Package 'MessagePack' 2.5.108 has a known high severity vulnerability, https://github.com/advisories/GHSA-vh6j-jc39-fggf
C:\projects\platform-engineering-copilot\src\Platform.Engineering.Copilot.Chat\Platform.Engineering.Copilot.Chat.csproj : warning NU1902: Package 'MessagePack' 2.5.108 has a known moderate severity vulnerability, https://github.com/advisories/GHSA-w567-gjr2-hm5j
C:\projects\platform-engineering-copilot\src\Platform.Engineering.Copilot.Chat\Platform.Engineering.Copilot.Chat.csproj : warning NU1902: Package 'MessagePack' 2.5.108 has a known moderate severity vulnerability, https://github.com/advisories/GHSA-wfr3-xj75-pfwh
C:\projects\platform-engineering-copilot\src\Platform.Engineering.Copilot.Chat\Platform.Engineering.Copilot.Chat.csproj : warning NU1903: Package 'Microsoft.Kiota.Abstractions' 1.13.0 has a known high severity vulnerability, https://github.com/advisories/GHSA-7j59-v9qr-6fq9
C:\projects\platform-engineering-copilot\src\Platform.Engineering.Copilot.Chat\Platform.Engineering.Copilot.Chat.csproj : warning NU1903: Package 'Microsoft.OpenApi' 2.0.0 has a known high severity vulnerability, https://github.com/advisories/GHSA-v5pm-xwqc-g5wc
C:\projects\platform-engineering-copilot\src\Platform.Engineering.Copilot.Chat\Platform.Engineering.Copilot.Chat.csproj : warning NU1902: Package 'Microsoft.Rest.ClientRuntime' 2.3.20 has a known moderate severity vulnerability, https://github.com/advisories/GHSA-whph-446h-6m9v
C:\projects\platform-engineering-copilot\src\Platform.Engineering.Copilot.Chat\Platform.Engineering.Copilot.Chat.csproj : warning NU1904: Package 'Microsoft.SemanticKernel.Core' 1.26.0 has a known critical severity vulnerability, https://github.com/advisories/GHSA-2ww3-72rp-wpp4
C:\projects\platform-engineering-copilot\src\Platform.Engineering.Copilot.Chat\Platform.Engineering.Copilot.Chat.csproj : warning NU1902: Package 'OpenTelemetry.Api' 1.8.1 has a known moderate severity vulnerability, https://github.com/advisories/GHSA-g94r-2vxg-569j
C:\projects\platform-engineering-copilot\tests\Platform.Engineering.Copilot.Mcp.Tests\Platform.Engineering.Copilot.Mcp.Tests.csproj : warning NU1608: Detected package version outside of dependency constraint: Microsoft.SemanticKernel.Connectors.AzureOpenAI 1.26.0 requires Azure.AI.OpenAI (= 2.1.0-beta.1) but version Azure.AI.OpenAI 2.1.0 was resolved.
C:\projects\platform-engineering-copilot\tests\Platform.Engineering.Copilot.Mcp.Tests\Platform.Engineering.Copilot.Mcp.Tests.csproj : warning NU1608: Detected package version outside of dependency constraint: Microsoft.SemanticKernel.Connectors.OpenAI 1.26.0 requires OpenAI (= 2.1.0-beta.1) but version OpenAI 2.2.0-beta.4 was resolved.
C:\projects\platform-engineering-copilot\tests\Platform.Engineering.Copilot.Mcp.Tests\Platform.Engineering.Copilot.Mcp.Tests.csproj : warning NU1902: Package 'MessagePack' 2.5.108 has a known moderate severity vulnerability, https://github.com/advisories/GHSA-2f33-pr97-265q
C:\projects\platform-engineering-copilot\tests\Platform.Engineering.Copilot.Mcp.Tests\Platform.Engineering.Copilot.Mcp.Tests.csproj : warning NU1902: Package 'MessagePack' 2.5.108 has a known moderate severity vulnerability, https://github.com/advisories/GHSA-2x83-8g95-xh59
C:\projects\platform-engineering-copilot\tests\Platform.Engineering.Copilot.Mcp.Tests\Platform.Engineering.Copilot.Mcp.Tests.csproj : warning NU1902: Package 'MessagePack' 2.5.108 has a known moderate severity vulnerability, https://github.com/advisories/GHSA-4qm4-8hg2-g2xm
C:\projects\platform-engineering-copilot\tests\Platform.Engineering.Copilot.Mcp.Tests\Platform.Engineering.Copilot.Mcp.Tests.csproj : warning NU1902: Package 'MessagePack' 2.5.108 has a known moderate severity vulnerability, https://github.com/advisories/GHSA-cj9g-3mj2-g8vv
C:\projects\platform-engineering-copilot\tests\Platform.Engineering.Copilot.Mcp.Tests\Platform.Engineering.Copilot.Mcp.Tests.csproj : warning NU1902: Package 'MessagePack' 2.5.108 has a known moderate severity vulnerability, https://github.com/advisories/GHSA-cxmj-83gh-fp49
C:\projects\platform-engineering-copilot\tests\Platform.Engineering.Copilot.Mcp.Tests\Platform.Engineering.Copilot.Mcp.Tests.csproj : warning NU1903: Package 'MessagePack' 2.5.108 has a known high severity vulnerability, https://github.com/advisories/GHSA-hv8m-jj95-wg3x
C:\projects\platform-engineering-copilot\tests\Platform.Engineering.Copilot.Mcp.Tests\Platform.Engineering.Copilot.Mcp.Tests.csproj : warning NU1902: Package 'MessagePack' 2.5.108 has a known moderate severity vulnerability, https://github.com/advisories/GHSA-q2h6-ghwm-5qm8
C:\projects\platform-engineering-copilot\tests\Platform.Engineering.Copilot.Mcp.Tests\Platform.Engineering.Copilot.Mcp.Tests.csproj : warning NU1902: Package 'MessagePack' 2.5.108 has a known moderate severity vulnerability, https://github.com/advisories/GHSA-qhmf-xw27-6rqr
C:\projects\platform-engineering-copilot\tests\Platform.Engineering.Copilot.Mcp.Tests\Platform.Engineering.Copilot.Mcp.Tests.csproj : warning NU1902: Package 'MessagePack' 2.5.108 has a known moderate severity vulnerability, https://github.com/advisories/GHSA-v72x-2h86-7f8m
C:\projects\platform-engineering-copilot\tests\Platform.Engineering.Copilot.Mcp.Tests\Platform.Engineering.Copilot.Mcp.Tests.csproj : warning NU1903: Package 'MessagePack' 2.5.108 has a known high severity vulnerability, https://github.com/advisories/GHSA-vh6j-jc39-fggf
C:\projects\platform-engineering-copilot\tests\Platform.Engineering.Copilot.Mcp.Tests\Platform.Engineering.Copilot.Mcp.Tests.csproj : warning NU1902: Package 'MessagePack' 2.5.108 has a known moderate severity vulnerability, https://github.com/advisories/GHSA-w567-gjr2-hm5j
C:\projects\platform-engineering-copilot\tests\Platform.Engineering.Copilot.Mcp.Tests\Platform.Engineering.Copilot.Mcp.Tests.csproj : warning NU1902: Package 'MessagePack' 2.5.108 has a known moderate severity vulnerability, https://github.com/advisories/GHSA-wfr3-xj75-pfwh
C:\projects\platform-engineering-copilot\tests\Platform.Engineering.Copilot.Mcp.Tests\Platform.Engineering.Copilot.Mcp.Tests.csproj : warning NU1903: Package 'Microsoft.Kiota.Abstractions' 1.13.0 has a known high severity vulnerability, https://github.com/advisories/GHSA-7j59-v9qr-6fq9
C:\projects\platform-engineering-copilot\tests\Platform.Engineering.Copilot.Mcp.Tests\Platform.Engineering.Copilot.Mcp.Tests.csproj : warning NU1902: Package 'Microsoft.Rest.ClientRuntime' 2.3.20 has a known moderate severity vulnerability, https://github.com/advisories/GHSA-whph-446h-6m9v
C:\projects\platform-engineering-copilot\tests\Platform.Engineering.Copilot.Mcp.Tests\Platform.Engineering.Copilot.Mcp.Tests.csproj : warning NU1904: Package 'Microsoft.SemanticKernel.Core' 1.26.0 has a known critical severity vulnerability, https://github.com/advisories/GHSA-2ww3-72rp-wpp4
C:\projects\platform-engineering-copilot\tests\Platform.Engineering.Copilot.Mcp.Tests\Platform.Engineering.Copilot.Mcp.Tests.csproj : warning NU1902: Package 'OpenTelemetry.Api' 1.8.1 has a known moderate severity vulnerability, https://github.com/advisories/GHSA-g94r-2vxg-569j
C:\projects\platform-engineering-copilot\tests\Platform.Engineering.Copilot.Mcp.Tests\Platform.Engineering.Copilot.Mcp.Tests.csproj : warning NU1903: Package 'System.Security.Cryptography.Xml' 9.0.0 has a known high severity vulnerability, https://github.com/advisories/GHSA-23rf-6693-g89p
C:\projects\platform-engineering-copilot\tests\Platform.Engineering.Copilot.Mcp.Tests\Platform.Engineering.Copilot.Mcp.Tests.csproj : warning NU1903: Package 'System.Security.Cryptography.Xml' 9.0.0 has a known high severity vulnerability, https://github.com/advisories/GHSA-37gx-xxp4-5rgx
C:\projects\platform-engineering-copilot\tests\Platform.Engineering.Copilot.Mcp.Tests\Platform.Engineering.Copilot.Mcp.Tests.csproj : warning NU1903: Package 'System.Security.Cryptography.Xml' 9.0.0 has a known high severity vulnerability, https://github.com/advisories/GHSA-6588-8gv4-xfgh
C:\projects\platform-engineering-copilot\tests\Platform.Engineering.Copilot.Mcp.Tests\Platform.Engineering.Copilot.Mcp.Tests.csproj : warning NU1903: Package 'System.Security.Cryptography.Xml' 9.0.0 has a known high severity vulnerability, https://github.com/advisories/GHSA-8q5v-6pqq-x66h
C:\projects\platform-engineering-copilot\tests\Platform.Engineering.Copilot.Mcp.Tests\Platform.Engineering.Copilot.Mcp.Tests.csproj : warning NU1903: Package 'System.Security.Cryptography.Xml' 9.0.0 has a known high severity vulnerability, https://github.com/advisories/GHSA-cvvh-rhrc-wg4q
C:\projects\platform-engineering-copilot\tests\Platform.Engineering.Copilot.Mcp.Tests\Platform.Engineering.Copilot.Mcp.Tests.csproj : warning NU1903: Package 'System.Security.Cryptography.Xml' 9.0.0 has a known high severity vulnerability, https://github.com/advisories/GHSA-g8r8-53c2-pm3f
C:\projects\platform-engineering-copilot\tests\Platform.Engineering.Copilot.Mcp.Tests\Platform.Engineering.Copilot.Mcp.Tests.csproj : warning NU1903: Package 'System.Security.Cryptography.Xml' 9.0.0 has a known high severity vulnerability, https://github.com/advisories/GHSA-mmjf-rqrv-855v
C:\projects\platform-engineering-copilot\tests\Platform.Engineering.Copilot.Mcp.Tests\Platform.Engineering.Copilot.Mcp.Tests.csproj : warning NU1903: Package 'System.Security.Cryptography.Xml' 9.0.0 has a known high severity vulnerability, https://github.com/advisories/GHSA-w3x6-4m5h-cxqf
C:\projects\platform-engineering-copilot\tests\Platform.Engineering.Copilot.Agents.Tests\Platform.Engineering.Copilot.Agents.Tests.csproj : warning NU1608: Detected package version outside of dependency constraint: Microsoft.SemanticKernel.Connectors.AzureOpenAI 1.26.0 requires Azure.AI.OpenAI (= 2.1.0-beta.1) but version Azure.AI.OpenAI 2.1.0 was resolved.
C:\projects\platform-engineering-copilot\tests\Platform.Engineering.Copilot.Agents.Tests\Platform.Engineering.Copilot.Agents.Tests.csproj : warning NU1608: Detected package version outside of dependency constraint: Microsoft.SemanticKernel.Connectors.OpenAI 1.26.0 requires OpenAI (= 2.1.0-beta.1) but version OpenAI 2.2.0-beta.4 was resolved.
C:\projects\platform-engineering-copilot\tests\Platform.Engineering.Copilot.Agents.Tests\Platform.Engineering.Copilot.Agents.Tests.csproj : warning NU1902: Package 'MessagePack' 2.5.108 has a known moderate severity vulnerability, https://github.com/advisories/GHSA-2f33-pr97-265q
C:\projects\platform-engineering-copilot\tests\Platform.Engineering.Copilot.Agents.Tests\Platform.Engineering.Copilot.Agents.Tests.csproj : warning NU1902: Package 'MessagePack' 2.5.108 has a known moderate severity vulnerability, https://github.com/advisories/GHSA-2x83-8g95-xh59
C:\projects\platform-engineering-copilot\tests\Platform.Engineering.Copilot.Agents.Tests\Platform.Engineering.Copilot.Agents.Tests.csproj : warning NU1902: Package 'MessagePack' 2.5.108 has a known moderate severity vulnerability, https://github.com/advisories/GHSA-4qm4-8hg2-g2xm
C:\projects\platform-engineering-copilot\tests\Platform.Engineering.Copilot.Agents.Tests\Platform.Engineering.Copilot.Agents.Tests.csproj : warning NU1902: Package 'MessagePack' 2.5.108 has a known moderate severity vulnerability, https://github.com/advisories/GHSA-cj9g-3mj2-g8vv
C:\projects\platform-engineering-copilot\tests\Platform.Engineering.Copilot.Agents.Tests\Platform.Engineering.Copilot.Agents.Tests.csproj : warning NU1902: Package 'MessagePack' 2.5.108 has a known moderate severity vulnerability, https://github.com/advisories/GHSA-cxmj-83gh-fp49
C:\projects\platform-engineering-copilot\tests\Platform.Engineering.Copilot.Agents.Tests\Platform.Engineering.Copilot.Agents.Tests.csproj : warning NU1903: Package 'MessagePack' 2.5.108 has a known high severity vulnerability, https://github.com/advisories/GHSA-hv8m-jj95-wg3x
C:\projects\platform-engineering-copilot\tests\Platform.Engineering.Copilot.Agents.Tests\Platform.Engineering.Copilot.Agents.Tests.csproj : warning NU1902: Package 'MessagePack' 2.5.108 has a known moderate severity vulnerability, https://github.com/advisories/GHSA-q2h6-ghwm-5qm8
C:\projects\platform-engineering-copilot\tests\Platform.Engineering.Copilot.Agents.Tests\Platform.Engineering.Copilot.Agents.Tests.csproj : warning NU1902: Package 'MessagePack' 2.5.108 has a known moderate severity vulnerability, https://github.com/advisories/GHSA-qhmf-xw27-6rqr
C:\projects\platform-engineering-copilot\tests\Platform.Engineering.Copilot.Agents.Tests\Platform.Engineering.Copilot.Agents.Tests.csproj : warning NU1902: Package 'MessagePack' 2.5.108 has a known moderate severity vulnerability, https://github.com/advisories/GHSA-v72x-2h86-7f8m
C:\projects\platform-engineering-copilot\tests\Platform.Engineering.Copilot.Agents.Tests\Platform.Engineering.Copilot.Agents.Tests.csproj : warning NU1903: Package 'MessagePack' 2.5.108 has a known high severity vulnerability, https://github.com/advisories/GHSA-vh6j-jc39-fggf
C:\projects\platform-engineering-copilot\tests\Platform.Engineering.Copilot.Agents.Tests\Platform.Engineering.Copilot.Agents.Tests.csproj : warning NU1902: Package 'MessagePack' 2.5.108 has a known moderate severity vulnerability, https://github.com/advisories/GHSA-w567-gjr2-hm5j
C:\projects\platform-engineering-copilot\tests\Platform.Engineering.Copilot.Agents.Tests\Platform.Engineering.Copilot.Agents.Tests.csproj : warning NU1902: Package 'MessagePack' 2.5.108 has a known moderate severity vulnerability, https://github.com/advisories/GHSA-wfr3-xj75-pfwh
C:\projects\platform-engineering-copilot\tests\Platform.Engineering.Copilot.Agents.Tests\Platform.Engineering.Copilot.Agents.Tests.csproj : warning NU1903: Package 'Microsoft.Kiota.Abstractions' 1.13.0 has a known high severity vulnerability, https://github.com/advisories/GHSA-7j59-v9qr-6fq9
C:\projects\platform-engineering-copilot\tests\Platform.Engineering.Copilot.Agents.Tests\Platform.Engineering.Copilot.Agents.Tests.csproj : warning NU1902: Package 'Microsoft.Rest.ClientRuntime' 2.3.20 has a known moderate severity vulnerability, https://github.com/advisories/GHSA-whph-446h-6m9v
C:\projects\platform-engineering-copilot\tests\Platform.Engineering.Copilot.Agents.Tests\Platform.Engineering.Copilot.Agents.Tests.csproj : warning NU1904: Package 'Microsoft.SemanticKernel.Core' 1.26.0 has a known critical severity vulnerability, https://github.com/advisories/GHSA-2ww3-72rp-wpp4
C:\projects\platform-engineering-copilot\tests\Platform.Engineering.Copilot.Agents.Tests\Platform.Engineering.Copilot.Agents.Tests.csproj : warning NU1903: Package 'System.Security.Cryptography.Xml' 9.0.0 has a known high severity vulnerability, https://github.com/advisories/GHSA-23rf-6693-g89p
C:\projects\platform-engineering-copilot\tests\Platform.Engineering.Copilot.Agents.Tests\Platform.Engineering.Copilot.Agents.Tests.csproj : warning NU1903: Package 'System.Security.Cryptography.Xml' 9.0.0 has a known high severity vulnerability, https://github.com/advisories/GHSA-37gx-xxp4-5rgx
C:\projects\platform-engineering-copilot\tests\Platform.Engineering.Copilot.Agents.Tests\Platform.Engineering.Copilot.Agents.Tests.csproj : warning NU1903: Package 'System.Security.Cryptography.Xml' 9.0.0 has a known high severity vulnerability, https://github.com/advisories/GHSA-6588-8gv4-xfgh
C:\projects\platform-engineering-copilot\tests\Platform.Engineering.Copilot.Agents.Tests\Platform.Engineering.Copilot.Agents.Tests.csproj : warning NU1903: Package 'System.Security.Cryptography.Xml' 9.0.0 has a known high severity vulnerability, https://github.com/advisories/GHSA-8q5v-6pqq-x66h
C:\projects\platform-engineering-copilot\tests\Platform.Engineering.Copilot.Agents.Tests\Platform.Engineering.Copilot.Agents.Tests.csproj : warning NU1903: Package 'System.Security.Cryptography.Xml' 9.0.0 has a known high severity vulnerability, https://github.com/advisories/GHSA-cvvh-rhrc-wg4q
C:\projects\platform-engineering-copilot\tests\Platform.Engineering.Copilot.Agents.Tests\Platform.Engineering.Copilot.Agents.Tests.csproj : warning NU1903: Package 'System.Security.Cryptography.Xml' 9.0.0 has a known high severity vulnerability, https://github.com/advisories/GHSA-g8r8-53c2-pm3f
C:\projects\platform-engineering-copilot\tests\Platform.Engineering.Copilot.Agents.Tests\Platform.Engineering.Copilot.Agents.Tests.csproj : warning NU1903: Package 'System.Security.Cryptography.Xml' 9.0.0 has a known high severity vulnerability, https://github.com/advisories/GHSA-mmjf-rqrv-855v
C:\projects\platform-engineering-copilot\tests\Platform.Engineering.Copilot.Agents.Tests\Platform.Engineering.Copilot.Agents.Tests.csproj : warning NU1903: Package 'System.Security.Cryptography.Xml' 9.0.0 has a known high severity vulnerability, https://github.com/advisories/GHSA-w3x6-4m5h-cxqf
  Platform.Engineering.Copilot.State -> C:\projects\platform-engineering-copilot\src\Platform.Engineering.Copilot.State\bin\Debug\net10.0\Platform.Engineering.Copilot.State.dll
C:\projects\platform-engineering-copilot\src\Platform.Engineering.Copilot.Core\Platform.Engineering.Copilot.Core.csproj : warning NU1510: PackageReference System.Text.Json will not be pruned. This package is automatically available and does not need to be referenced explicitly. Remove the PackageReference item.
C:\projects\platform-engineering-copilot\src\Platform.Engineering.Copilot.Core\Platform.Engineering.Copilot.Core.csproj : warning NU1510: PackageReference System.Text.RegularExpressions will not be pruned. This package is automatically available and does not need to be referenced explicitly. Remove the PackageReference item.
C:\projects\platform-engineering-copilot\src\Platform.Engineering.Copilot.Core\Platform.Engineering.Copilot.Core.csproj : warning NU1902: Package 'MessagePack' 2.5.108 has a known moderate severity vulnerability, https://github.com/advisories/GHSA-2f33-pr97-265q
C:\projects\platform-engineering-copilot\src\Platform.Engineering.Copilot.Core\Platform.Engineering.Copilot.Core.csproj : warning NU1902: Package 'MessagePack' 2.5.108 has a known moderate severity vulnerability, https://github.com/advisories/GHSA-2x83-8g95-xh59
C:\projects\platform-engineering-copilot\src\Platform.Engineering.Copilot.Core\Platform.Engineering.Copilot.Core.csproj : warning NU1902: Package 'MessagePack' 2.5.108 has a known moderate severity vulnerability, https://github.com/advisories/GHSA-4qm4-8hg2-g2xm
C:\projects\platform-engineering-copilot\src\Platform.Engineering.Copilot.Core\Platform.Engineering.Copilot.Core.csproj : warning NU1902: Package 'MessagePack' 2.5.108 has a known moderate severity vulnerability, https://github.com/advisories/GHSA-cj9g-3mj2-g8vv
C:\projects\platform-engineering-copilot\src\Platform.Engineering.Copilot.Core\Platform.Engineering.Copilot.Core.csproj : warning NU1902: Package 'MessagePack' 2.5.108 has a known moderate severity vulnerability, https://github.com/advisories/GHSA-cxmj-83gh-fp49
C:\projects\platform-engineering-copilot\src\Platform.Engineering.Copilot.Core\Platform.Engineering.Copilot.Core.csproj : warning NU1903: Package 'MessagePack' 2.5.108 has a known high severity vulnerability, https://github.com/advisories/GHSA-hv8m-jj95-wg3x
C:\projects\platform-engineering-copilot\src\Platform.Engineering.Copilot.Core\Platform.Engineering.Copilot.Core.csproj : warning NU1902: Package 'MessagePack' 2.5.108 has a known moderate severity vulnerability, https://github.com/advisories/GHSA-q2h6-ghwm-5qm8
C:\projects\platform-engineering-copilot\src\Platform.Engineering.Copilot.Core\Platform.Engineering.Copilot.Core.csproj : warning NU1902: Package 'MessagePack' 2.5.108 has a known moderate severity vulnerability, https://github.com/advisories/GHSA-qhmf-xw27-6rqr
C:\projects\platform-engineering-copilot\src\Platform.Engineering.Copilot.Core\Platform.Engineering.Copilot.Core.csproj : warning NU1902: Package 'MessagePack' 2.5.108 has a known moderate severity vulnerability, https://github.com/advisories/GHSA-v72x-2h86-7f8m
C:\projects\platform-engineering-copilot\src\Platform.Engineering.Copilot.Core\Platform.Engineering.Copilot.Core.csproj : warning NU1903: Package 'MessagePack' 2.5.108 has a known high severity vulnerability, https://github.com/advisories/GHSA-vh6j-jc39-fggf
C:\projects\platform-engineering-copilot\src\Platform.Engineering.Copilot.Core\Platform.Engineering.Copilot.Core.csproj : warning NU1902: Package 'MessagePack' 2.5.108 has a known moderate severity vulnerability, https://github.com/advisories/GHSA-w567-gjr2-hm5j
C:\projects\platform-engineering-copilot\src\Platform.Engineering.Copilot.Core\Platform.Engineering.Copilot.Core.csproj : warning NU1902: Package 'MessagePack' 2.5.108 has a known moderate severity vulnerability, https://github.com/advisories/GHSA-wfr3-xj75-pfwh
C:\projects\platform-engineering-copilot\src\Platform.Engineering.Copilot.Core\Platform.Engineering.Copilot.Core.csproj : warning NU1903: Package 'Microsoft.Kiota.Abstractions' 1.13.0 has a known high severity vulnerability, https://github.com/advisories/GHSA-7j59-v9qr-6fq9
C:\projects\platform-engineering-copilot\src\Platform.Engineering.Copilot.Core\Platform.Engineering.Copilot.Core.csproj : warning NU1902: Package 'Microsoft.Rest.ClientRuntime' 2.3.20 has a known moderate severity vulnerability, https://github.com/advisories/GHSA-whph-446h-6m9v
C:\projects\platform-engineering-copilot\src\Platform.Engineering.Copilot.Core\Platform.Engineering.Copilot.Core.csproj : warning NU1904: Package 'Microsoft.SemanticKernel.Core' 1.26.0 has a known critical severity vulnerability, https://github.com/advisories/GHSA-2ww3-72rp-wpp4
C:\projects\platform-engineering-copilot\src\Platform.Engineering.Copilot.Core\Platform.Engineering.Copilot.Core.csproj : warning NU1903: Package 'System.IO.Packaging' 8.0.0 has a known high severity vulnerability, https://github.com/advisories/GHSA-f32c-w444-8ppv
C:\projects\platform-engineering-copilot\src\Platform.Engineering.Copilot.Core\Platform.Engineering.Copilot.Core.csproj : warning NU1903: Package 'System.IO.Packaging' 8.0.0 has a known high severity vulnerability, https://github.com/advisories/GHSA-qj66-m88j-hmgj
C:\projects\platform-engineering-copilot\src\Platform.Engineering.Copilot.Core\Platform.Engineering.Copilot.Core.csproj : warning NU1903: Package 'System.Security.Cryptography.Xml' 9.0.0 has a known high severity vulnerability, https://github.com/advisories/GHSA-23rf-6693-g89p
C:\projects\platform-engineering-copilot\src\Platform.Engineering.Copilot.Core\Platform.Engineering.Copilot.Core.csproj : warning NU1903: Package 'System.Security.Cryptography.Xml' 9.0.0 has a known high severity vulnerability, https://github.com/advisories/GHSA-37gx-xxp4-5rgx
C:\projects\platform-engineering-copilot\src\Platform.Engineering.Copilot.Core\Platform.Engineering.Copilot.Core.csproj : warning NU1903: Package 'System.Security.Cryptography.Xml' 9.0.0 has a known high severity vulnerability, https://github.com/advisories/GHSA-6588-8gv4-xfgh
C:\projects\platform-engineering-copilot\src\Platform.Engineering.Copilot.Core\Platform.Engineering.Copilot.Core.csproj : warning NU1903: Package 'System.Security.Cryptography.Xml' 9.0.0 has a known high severity vulnerability, https://github.com/advisories/GHSA-8q5v-6pqq-x66h
C:\projects\platform-engineering-copilot\src\Platform.Engineering.Copilot.Core\Platform.Engineering.Copilot.Core.csproj : warning NU1903: Package 'System.Security.Cryptography.Xml' 9.0.0 has a known high severity vulnerability, https://github.com/advisories/GHSA-cvvh-rhrc-wg4q
C:\projects\platform-engineering-copilot\src\Platform.Engineering.Copilot.Core\Platform.Engineering.Copilot.Core.csproj : warning NU1903: Package 'System.Security.Cryptography.Xml' 9.0.0 has a known high severity vulnerability, https://github.com/advisories/GHSA-g8r8-53c2-pm3f
C:\projects\platform-engineering-copilot\src\Platform.Engineering.Copilot.Core\Platform.Engineering.Copilot.Core.csproj : warning NU1903: Package 'System.Security.Cryptography.Xml' 9.0.0 has a known high severity vulnerability, https://github.com/advisories/GHSA-mmjf-rqrv-855v
C:\projects\platform-engineering-copilot\src\Platform.Engineering.Copilot.Core\Platform.Engineering.Copilot.Core.csproj : warning NU1903: Package 'System.Security.Cryptography.Xml' 9.0.0 has a known high severity vulnerability, https://github.com/advisories/GHSA-w3x6-4m5h-cxqf
  Platform.Engineering.Copilot.State.Tests -> C:\projects\platform-engineering-copilot\tests\Platform.Engineering.Copilot.State.Tests\bin\Debug\net10.0\Platform.Engineering.Copilot.State.Tests.dll
  Platform.Engineering.Copilot.Channels -> C:\projects\platform-engineering-copilot\src\Platform.Engineering.Copilot.Channels\bin\Debug\net10.0\Platform.Engineering.Copilot.Channels.dll
C:\projects\platform-engineering-copilot\src\Platform.Engineering.Copilot.Core\Data\Repositories\ComplianceAssessmentRepository.cs(12,47): error CS0535: 'ComplianceAssessmentRepository' does not implement interface member 'IComplianceAssessmentRepository.GetBySubscriptionAsync(string, CancellationToken)' [C:\projects\platform-engineering-copilot\src\Platform.Engineering.Copilot.Core\Platform.Engineering.Copilot.Core.csproj]
  Platform.Engineering.Copilot.Channels.Tests -> C:\projects\platform-engineering-copilot\tests\Platform.Engineering.Copilot.Channels.Tests\bin\Debug\net10.0\Platform.Engineering.Copilot.Channels.Tests.dll

Build FAILED.

C:\projects\platform-engineering-copilot\src\Platform.Engineering.Copilot.State\Platform.Engineering.Copilot.State.csproj : warning NU1510: PackageReference System.Text.Json will not be pruned. This package is automatically available and does not need to be referenced explicitly. Remove the PackageReference item. [C:\projects\platform-engineering-copilot\Platform.Engineering.Copilot.sln]
C:\projects\platform-engineering-copilot\src\Platform.Engineering.Copilot.Channels\Platform.Engineering.Copilot.Channels.csproj : warning NU1510: PackageReference System.Text.Json will not be pruned. This package is automatically available and does not need to be referenced explicitly. Remove the PackageReference item. [C:\projects\platform-engineering-copilot\Platform.Engineering.Copilot.sln]
C:\projects\platform-engineering-copilot\src\Platform.Engineering.Copilot.Channels\Platform.Engineering.Copilot.Channels.csproj : warning NU1903: Package 'Newtonsoft.Json' 11.0.2 has a known high severity vulnerability, https://github.com/advisories/GHSA-5crp-9r3c-p9vr [C:\projects\platform-engineering-copilot\Platform.Engineering.Copilot.sln]
C:\projects\platform-engineering-copilot\tests\Platform.Engineering.Copilot.Mcp.Tests\Platform.Engineering.Copilot.Mcp.Tests.csproj : warning NU1608: Detected package version outside of dependency constraint: Microsoft.SemanticKernel.Connectors.AzureOpenAI 1.26.0 requires Azure.AI.OpenAI (= 2.1.0-beta.1) but version Azure.AI.OpenAI 2.1.0 was resolved. [C:\projects\platform-engineering-copilot\Platform.Engineering.Copilot.sln]
C:\projects\platform-engineering-copilot\tests\Platform.Engineering.Copilot.Core.Tests\Platform.Engineering.Copilot.Core.Tests.csproj : warning NU1902: Package 'MessagePack' 2.5.108 has a known moderate severity vulnerability, https://github.com/advisories/GHSA-2f33-pr97-265q [C:\projects\platform-engineering-copilot\Platform.Engineering.Copilot.sln]
C:\projects\platform-engineering-copilot\tests\Platform.Engineering.Copilot.Mcp.Tests\Platform.Engineering.Copilot.Mcp.Tests.csproj : warning NU1608: Detected package version outside of dependency constraint: Microsoft.SemanticKernel.Connectors.OpenAI 1.26.0 requires OpenAI (= 2.1.0-beta.1) but version OpenAI 2.2.0-beta.4 was resolved. [C:\projects\platform-engineering-copilot\Platform.Engineering.Copilot.sln]
C:\projects\platform-engineering-copilot\tests\Platform.Engineering.Copilot.Agents.Tests\Platform.Engineering.Copilot.Agents.Tests.csproj : warning NU1608: Detected package version outside of dependency constraint: Microsoft.SemanticKernel.Connectors.AzureOpenAI 1.26.0 requires Azure.AI.OpenAI (= 2.1.0-beta.1) but version Azure.AI.OpenAI 2.1.0 was resolved. [C:\projects\platform-engineering-copilot\Platform.Engineering.Copilot.sln]
C:\projects\platform-engineering-copilot\tests\Platform.Engineering.Copilot.Core.Tests\Platform.Engineering.Copilot.Core.Tests.csproj : warning NU1902: Package 'MessagePack' 2.5.108 has a known moderate severity vulnerability, https://github.com/advisories/GHSA-2x83-8g95-xh59 [C:\projects\platform-engineering-copilot\Platform.Engineering.Copilot.sln]
C:\projects\platform-engineering-copilot\tests\Platform.Engineering.Copilot.Mcp.Tests\Platform.Engineering.Copilot.Mcp.Tests.csproj : warning NU1902: Package 'MessagePack' 2.5.108 has a known moderate severity vulnerability, https://github.com/advisories/GHSA-2f33-pr97-265q [C:\projects\platform-engineering-copilot\Platform.Engineering.Copilot.sln]
C:\projects\platform-engineering-copilot\tests\Platform.Engineering.Copilot.Core.Tests\Platform.Engineering.Copilot.Core.Tests.csproj : warning NU1902: Package 'MessagePack' 2.5.108 has a known moderate severity vulnerability, https://github.com/advisories/GHSA-4qm4-8hg2-g2xm [C:\projects\platform-engineering-copilot\Platform.Engineering.Copilot.sln]
C:\projects\platform-engineering-copilot\tests\Platform.Engineering.Copilot.Agents.Tests\Platform.Engineering.Copilot.Agents.Tests.csproj : warning NU1608: Detected package version outside of dependency constraint: Microsoft.SemanticKernel.Connectors.OpenAI 1.26.0 requires OpenAI (= 2.1.0-beta.1) but version OpenAI 2.2.0-beta.4 was resolved. [C:\projects\platform-engineering-copilot\Platform.Engineering.Copilot.sln]
C:\projects\platform-engineering-copilot\tests\Platform.Engineering.Copilot.Mcp.Tests\Platform.Engineering.Copilot.Mcp.Tests.csproj : warning NU1902: Package 'MessagePack' 2.5.108 has a known moderate severity vulnerability, https://github.com/advisories/GHSA-2x83-8g95-xh59 [C:\projects\platform-engineering-copilot\Platform.Engineering.Copilot.sln]
C:\projects\platform-engineering-copilot\tests\Platform.Engineering.Copilot.Core.Tests\Platform.Engineering.Copilot.Core.Tests.csproj : warning NU1902: Package 'MessagePack' 2.5.108 has a known moderate severity vulnerability, https://github.com/advisories/GHSA-cj9g-3mj2-g8vv [C:\projects\platform-engineering-copilot\Platform.Engineering.Copilot.sln]
C:\projects\platform-engineering-copilot\tests\Platform.Engineering.Copilot.Agents.Tests\Platform.Engineering.Copilot.Agents.Tests.csproj : warning NU1902: Package 'MessagePack' 2.5.108 has a known moderate severity vulnerability, https://github.com/advisories/GHSA-2f33-pr97-265q [C:\projects\platform-engineering-copilot\Platform.Engineering.Copilot.sln]
C:\projects\platform-engineering-copilot\src\Platform.Engineering.Copilot.Chat\Platform.Engineering.Copilot.Chat.csproj : warning NU1510: PackageReference Microsoft.AspNetCore.SignalR will not be pruned. This package is automatically available and does not need to be referenced explicitly. Remove the PackageReference item. [C:\projects\platform-engineering-copilot\Platform.Engineering.Copilot.sln]
C:\projects\platform-engineering-copilot\tests\Platform.Engineering.Copilot.Mcp.Tests\Platform.Engineering.Copilot.Mcp.Tests.csproj : warning NU1902: Package 'MessagePack' 2.5.108 has a known moderate severity vulnerability, https://github.com/advisories/GHSA-4qm4-8hg2-g2xm [C:\projects\platform-engineering-copilot\Platform.Engineering.Copilot.sln]
C:\projects\platform-engineering-copilot\tests\Platform.Engineering.Copilot.Core.Tests\Platform.Engineering.Copilot.Core.Tests.csproj : warning NU1902: Package 'MessagePack' 2.5.108 has a known moderate severity vulnerability, https://github.com/advisories/GHSA-cxmj-83gh-fp49 [C:\projects\platform-engineering-copilot\Platform.Engineering.Copilot.sln]
C:\projects\platform-engineering-copilot\tests\Platform.Engineering.Copilot.Agents.Tests\Platform.Engineering.Copilot.Agents.Tests.csproj : warning NU1902: Package 'MessagePack' 2.5.108 has a known moderate severity vulnerability, https://github.com/advisories/GHSA-2x83-8g95-xh59 [C:\projects\platform-engineering-copilot\Platform.Engineering.Copilot.sln]
C:\projects\platform-engineering-copilot\src\Platform.Engineering.Copilot.Chat\Platform.Engineering.Copilot.Chat.csproj : warning NU1510: PackageReference System.Text.Json will not be pruned. This package is automatically available and does not need to be referenced explicitly. Remove the PackageReference item. [C:\projects\platform-engineering-copilot\Platform.Engineering.Copilot.sln]
C:\projects\platform-engineering-copilot\tests\Platform.Engineering.Copilot.Mcp.Tests\Platform.Engineering.Copilot.Mcp.Tests.csproj : warning NU1902: Package 'MessagePack' 2.5.108 has a known moderate severity vulnerability, https://github.com/advisories/GHSA-cj9g-3mj2-g8vv [C:\projects\platform-engineering-copilot\Platform.Engineering.Copilot.sln]
C:\projects\platform-engineering-copilot\tests\Platform.Engineering.Copilot.Core.Tests\Platform.Engineering.Copilot.Core.Tests.csproj : warning NU1903: Package 'MessagePack' 2.5.108 has a known high severity vulnerability, https://github.com/advisories/GHSA-hv8m-jj95-wg3x [C:\projects\platform-engineering-copilot\Platform.Engineering.Copilot.sln]
C:\projects\platform-engineering-copilot\tests\Platform.Engineering.Copilot.Agents.Tests\Platform.Engineering.Copilot.Agents.Tests.csproj : warning NU1902: Package 'MessagePack' 2.5.108 has a known moderate severity vulnerability, https://github.com/advisories/GHSA-4qm4-8hg2-g2xm [C:\projects\platform-engineering-copilot\Platform.Engineering.Copilot.sln]
C:\projects\platform-engineering-copilot\src\Platform.Engineering.Copilot.Chat\Platform.Engineering.Copilot.Chat.csproj : warning NU1510: PackageReference Microsoft.AspNetCore.Http.Features will not be pruned. This package is automatically available and does not need to be referenced explicitly. Remove the PackageReference item. [C:\projects\platform-engineering-copilot\Platform.Engineering.Copilot.sln]
C:\projects\platform-engineering-copilot\tests\Platform.Engineering.Copilot.Mcp.Tests\Platform.Engineering.Copilot.Mcp.Tests.csproj : warning NU1902: Package 'MessagePack' 2.5.108 has a known moderate severity vulnerability, https://github.com/advisories/GHSA-cxmj-83gh-fp49 [C:\projects\platform-engineering-copilot\Platform.Engineering.Copilot.sln]
C:\projects\platform-engineering-copilot\tests\Platform.Engineering.Copilot.Core.Tests\Platform.Engineering.Copilot.Core.Tests.csproj : warning NU1902: Package 'MessagePack' 2.5.108 has a known moderate severity vulnerability, https://github.com/advisories/GHSA-q2h6-ghwm-5qm8 [C:\projects\platform-engineering-copilot\Platform.Engineering.Copilot.sln]
C:\projects\platform-engineering-copilot\tests\Platform.Engineering.Copilot.Agents.Tests\Platform.Engineering.Copilot.Agents.Tests.csproj : warning NU1902: Package 'MessagePack' 2.5.108 has a known moderate severity vulnerability, https://github.com/advisories/GHSA-cj9g-3mj2-g8vv [C:\projects\platform-engineering-copilot\Platform.Engineering.Copilot.sln]
C:\projects\platform-engineering-copilot\src\Platform.Engineering.Copilot.Chat\Platform.Engineering.Copilot.Chat.csproj : warning NU1608: Detected package version outside of dependency constraint: Microsoft.SemanticKernel.Connectors.AzureOpenAI 1.26.0 requires Azure.AI.OpenAI (= 2.1.0-beta.1) but version Azure.AI.OpenAI 2.1.0 was resolved. [C:\projects\platform-engineering-copilot\Platform.Engineering.Copilot.sln]
C:\projects\platform-engineering-copilot\tests\Platform.Engineering.Copilot.Mcp.Tests\Platform.Engineering.Copilot.Mcp.Tests.csproj : warning NU1903: Package 'MessagePack' 2.5.108 has a known high severity vulnerability, https://github.com/advisories/GHSA-hv8m-jj95-wg3x [C:\projects\platform-engineering-copilot\Platform.Engineering.Copilot.sln]
C:\projects\platform-engineering-copilot\tests\Platform.Engineering.Copilot.Core.Tests\Platform.Engineering.Copilot.Core.Tests.csproj : warning NU1902: Package 'MessagePack' 2.5.108 has a known moderate severity vulnerability, https://github.com/advisories/GHSA-qhmf-xw27-6rqr [C:\projects\platform-engineering-copilot\Platform.Engineering.Copilot.sln]
C:\projects\platform-engineering-copilot\tests\Platform.Engineering.Copilot.Agents.Tests\Platform.Engineering.Copilot.Agents.Tests.csproj : warning NU1902: Package 'MessagePack' 2.5.108 has a known moderate severity vulnerability, https://github.com/advisories/GHSA-cxmj-83gh-fp49 [C:\projects\platform-engineering-copilot\Platform.Engineering.Copilot.sln]
C:\projects\platform-engineering-copilot\src\Platform.Engineering.Copilot.Chat\Platform.Engineering.Copilot.Chat.csproj : warning NU1608: Detected package version outside of dependency constraint: Microsoft.SemanticKernel.Connectors.OpenAI 1.26.0 requires OpenAI (= 2.1.0-beta.1) but version OpenAI 2.2.0-beta.4 was resolved. [C:\projects\platform-engineering-copilot\Platform.Engineering.Copilot.sln]
C:\projects\platform-engineering-copilot\tests\Platform.Engineering.Copilot.Mcp.Tests\Platform.Engineering.Copilot.Mcp.Tests.csproj : warning NU1902: Package 'MessagePack' 2.5.108 has a known moderate severity vulnerability, https://github.com/advisories/GHSA-q2h6-ghwm-5qm8 [C:\projects\platform-engineering-copilot\Platform.Engineering.Copilot.sln]
C:\projects\platform-engineering-copilot\tests\Platform.Engineering.Copilot.Core.Tests\Platform.Engineering.Copilot.Core.Tests.csproj : warning NU1902: Package 'MessagePack' 2.5.108 has a known moderate severity vulnerability, https://github.com/advisories/GHSA-v72x-2h86-7f8m [C:\projects\platform-engineering-copilot\Platform.Engineering.Copilot.sln]
C:\projects\platform-engineering-copilot\tests\Platform.Engineering.Copilot.Agents.Tests\Platform.Engineering.Copilot.Agents.Tests.csproj : warning NU1903: Package 'MessagePack' 2.5.108 has a known high severity vulnerability, https://github.com/advisories/GHSA-hv8m-jj95-wg3x [C:\projects\platform-engineering-copilot\Platform.Engineering.Copilot.sln]
C:\projects\platform-engineering-copilot\tests\Platform.Engineering.Copilot.Mcp.Tests\Platform.Engineering.Copilot.Mcp.Tests.csproj : warning NU1902: Package 'MessagePack' 2.5.108 has a known moderate severity vulnerability, https://github.com/advisories/GHSA-qhmf-xw27-6rqr [C:\projects\platform-engineering-copilot\Platform.Engineering.Copilot.sln]
C:\projects\platform-engineering-copilot\src\Platform.Engineering.Copilot.Chat\Platform.Engineering.Copilot.Chat.csproj : warning NU1902: Package 'MessagePack' 2.5.108 has a known moderate severity vulnerability, https://github.com/advisories/GHSA-2f33-pr97-265q [C:\projects\platform-engineering-copilot\Platform.Engineering.Copilot.sln]
C:\projects\platform-engineering-copilot\tests\Platform.Engineering.Copilot.Agents.Tests\Platform.Engineering.Copilot.Agents.Tests.csproj : warning NU1902: Package 'MessagePack' 2.5.108 has a known moderate severity vulnerability, https://github.com/advisories/GHSA-q2h6-ghwm-5qm8 [C:\projects\platform-engineering-copilot\Platform.Engineering.Copilot.sln]
C:\projects\platform-engineering-copilot\tests\Platform.Engineering.Copilot.Core.Tests\Platform.Engineering.Copilot.Core.Tests.csproj : warning NU1903: Package 'MessagePack' 2.5.108 has a known high severity vulnerability, https://github.com/advisories/GHSA-vh6j-jc39-fggf [C:\projects\platform-engineering-copilot\Platform.Engineering.Copilot.sln]
C:\projects\platform-engineering-copilot\tests\Platform.Engineering.Copilot.Core.Tests\Platform.Engineering.Copilot.Core.Tests.csproj : warning NU1902: Package 'MessagePack' 2.5.108 has a known moderate severity vulnerability, https://github.com/advisories/GHSA-w567-gjr2-hm5j [C:\projects\platform-engineering-copilot\Platform.Engineering.Copilot.sln]
C:\projects\platform-engineering-copilot\src\Platform.Engineering.Copilot.Chat\Platform.Engineering.Copilot.Chat.csproj : warning NU1902: Package 'MessagePack' 2.5.108 has a known moderate severity vulnerability, https://github.com/advisories/GHSA-2x83-8g95-xh59 [C:\projects\platform-engineering-copilot\Platform.Engineering.Copilot.sln]
C:\projects\platform-engineering-copilot\tests\Platform.Engineering.Copilot.Mcp.Tests\Platform.Engineering.Copilot.Mcp.Tests.csproj : warning NU1902: Package 'MessagePack' 2.5.108 has a known moderate severity vulnerability, https://github.com/advisories/GHSA-v72x-2h86-7f8m [C:\projects\platform-engineering-copilot\Platform.Engineering.Copilot.sln]
C:\projects\platform-engineering-copilot\tests\Platform.Engineering.Copilot.Agents.Tests\Platform.Engineering.Copilot.Agents.Tests.csproj : warning NU1902: Package 'MessagePack' 2.5.108 has a known moderate severity vulnerability, https://github.com/advisories/GHSA-qhmf-xw27-6rqr [C:\projects\platform-engineering-copilot\Platform.Engineering.Copilot.sln]
C:\projects\platform-engineering-copilot\tests\Platform.Engineering.Copilot.Core.Tests\Platform.Engineering.Copilot.Core.Tests.csproj : warning NU1902: Package 'MessagePack' 2.5.108 has a known moderate severity vulnerability, https://github.com/advisories/GHSA-wfr3-xj75-pfwh [C:\projects\platform-engineering-copilot\Platform.Engineering.Copilot.sln]
C:\projects\platform-engineering-copilot\src\Platform.Engineering.Copilot.Chat\Platform.Engineering.Copilot.Chat.csproj : warning NU1902: Package 'MessagePack' 2.5.108 has a known moderate severity vulnerability, https://github.com/advisories/GHSA-4qm4-8hg2-g2xm [C:\projects\platform-engineering-copilot\Platform.Engineering.Copilot.sln]
C:\projects\platform-engineering-copilot\tests\Platform.Engineering.Copilot.Mcp.Tests\Platform.Engineering.Copilot.Mcp.Tests.csproj : warning NU1903: Package 'MessagePack' 2.5.108 has a known high severity vulnerability, https://github.com/advisories/GHSA-vh6j-jc39-fggf [C:\projects\platform-engineering-copilot\Platform.Engineering.Copilot.sln]
C:\projects\platform-engineering-copilot\tests\Platform.Engineering.Copilot.Agents.Tests\Platform.Engineering.Copilot.Agents.Tests.csproj : warning NU1902: Package 'MessagePack' 2.5.108 has a known moderate severity vulnerability, https://github.com/advisories/GHSA-v72x-2h86-7f8m [C:\projects\platform-engineering-copilot\Platform.Engineering.Copilot.sln]
C:\projects\platform-engineering-copilot\tests\Platform.Engineering.Copilot.Core.Tests\Platform.Engineering.Copilot.Core.Tests.csproj : warning NU1903: Package 'Microsoft.Kiota.Abstractions' 1.13.0 has a known high severity vulnerability, https://github.com/advisories/GHSA-7j59-v9qr-6fq9 [C:\projects\platform-engineering-copilot\Platform.Engineering.Copilot.sln]
C:\projects\platform-engineering-copilot\src\Platform.Engineering.Copilot.Chat\Platform.Engineering.Copilot.Chat.csproj : warning NU1902: Package 'MessagePack' 2.5.108 has a known moderate severity vulnerability, https://github.com/advisories/GHSA-cj9g-3mj2-g8vv [C:\projects\platform-engineering-copilot\Platform.Engineering.Copilot.sln]
C:\projects\platform-engineering-copilot\tests\Platform.Engineering.Copilot.Mcp.Tests\Platform.Engineering.Copilot.Mcp.Tests.csproj : warning NU1902: Package 'MessagePack' 2.5.108 has a known moderate severity vulnerability, https://github.com/advisories/GHSA-w567-gjr2-hm5j [C:\projects\platform-engineering-copilot\Platform.Engineering.Copilot.sln]
C:\projects\platform-engineering-copilot\tests\Platform.Engineering.Copilot.Agents.Tests\Platform.Engineering.Copilot.Agents.Tests.csproj : warning NU1903: Package 'MessagePack' 2.5.108 has a known high severity vulnerability, https://github.com/advisories/GHSA-vh6j-jc39-fggf [C:\projects\platform-engineering-copilot\Platform.Engineering.Copilot.sln]
C:\projects\platform-engineering-copilot\src\Platform.Engineering.Copilot.Chat\Platform.Engineering.Copilot.Chat.csproj : warning NU1902: Package 'MessagePack' 2.5.108 has a known moderate severity vulnerability, https://github.com/advisories/GHSA-cxmj-83gh-fp49 [C:\projects\platform-engineering-copilot\Platform.Engineering.Copilot.sln]
C:\projects\platform-engineering-copilot\tests\Platform.Engineering.Copilot.Mcp.Tests\Platform.Engineering.Copilot.Mcp.Tests.csproj : warning NU1902: Package 'MessagePack' 2.5.108 has a known moderate severity vulnerability, https://github.com/advisories/GHSA-wfr3-xj75-pfwh [C:\projects\platform-engineering-copilot\Platform.Engineering.Copilot.sln]
C:\projects\platform-engineering-copilot\tests\Platform.Engineering.Copilot.Agents.Tests\Platform.Engineering.Copilot.Agents.Tests.csproj : warning NU1902: Package 'MessagePack' 2.5.108 has a known moderate severity vulnerability, https://github.com/advisories/GHSA-w567-gjr2-hm5j [C:\projects\platform-engineering-copilot\Platform.Engineering.Copilot.sln]
C:\projects\platform-engineering-copilot\src\Platform.Engineering.Copilot.Chat\Platform.Engineering.Copilot.Chat.csproj : warning NU1903: Package 'MessagePack' 2.5.108 has a known high severity vulnerability, https://github.com/advisories/GHSA-hv8m-jj95-wg3x [C:\projects\platform-engineering-copilot\Platform.Engineering.Copilot.sln]
C:\projects\platform-engineering-copilot\tests\Platform.Engineering.Copilot.Mcp.Tests\Platform.Engineering.Copilot.Mcp.Tests.csproj : warning NU1903: Package 'Microsoft.Kiota.Abstractions' 1.13.0 has a known high severity vulnerability, https://github.com/advisories/GHSA-7j59-v9qr-6fq9 [C:\projects\platform-engineering-copilot\Platform.Engineering.Copilot.sln]
C:\projects\platform-engineering-copilot\tests\Platform.Engineering.Copilot.Agents.Tests\Platform.Engineering.Copilot.Agents.Tests.csproj : warning NU1902: Package 'MessagePack' 2.5.108 has a known moderate severity vulnerability, https://github.com/advisories/GHSA-wfr3-xj75-pfwh [C:\projects\platform-engineering-copilot\Platform.Engineering.Copilot.sln]
C:\projects\platform-engineering-copilot\tests\Platform.Engineering.Copilot.Core.Tests\Platform.Engineering.Copilot.Core.Tests.csproj : warning NU1902: Package 'Microsoft.Rest.ClientRuntime' 2.3.20 has a known moderate severity vulnerability, https://github.com/advisories/GHSA-whph-446h-6m9v [C:\projects\platform-engineering-copilot\Platform.Engineering.Copilot.sln]
C:\projects\platform-engineering-copilot\src\Platform.Engineering.Copilot.Chat\Platform.Engineering.Copilot.Chat.csproj : warning NU1902: Package 'MessagePack' 2.5.108 has a known moderate severity vulnerability, https://github.com/advisories/GHSA-q2h6-ghwm-5qm8 [C:\projects\platform-engineering-copilot\Platform.Engineering.Copilot.sln]
C:\projects\platform-engineering-copilot\tests\Platform.Engineering.Copilot.Mcp.Tests\Platform.Engineering.Copilot.Mcp.Tests.csproj : warning NU1902: Package 'Microsoft.Rest.ClientRuntime' 2.3.20 has a known moderate severity vulnerability, https://github.com/advisories/GHSA-whph-446h-6m9v [C:\projects\platform-engineering-copilot\Platform.Engineering.Copilot.sln]
C:\projects\platform-engineering-copilot\tests\Platform.Engineering.Copilot.Agents.Tests\Platform.Engineering.Copilot.Agents.Tests.csproj : warning NU1903: Package 'Microsoft.Kiota.Abstractions' 1.13.0 has a known high severity vulnerability, https://github.com/advisories/GHSA-7j59-v9qr-6fq9 [C:\projects\platform-engineering-copilot\Platform.Engineering.Copilot.sln]
C:\projects\platform-engineering-copilot\tests\Platform.Engineering.Copilot.Core.Tests\Platform.Engineering.Copilot.Core.Tests.csproj : warning NU1904: Package 'Microsoft.SemanticKernel.Core' 1.26.0 has a known critical severity vulnerability, https://github.com/advisories/GHSA-2ww3-72rp-wpp4 [C:\projects\platform-engineering-copilot\Platform.Engineering.Copilot.sln]
C:\projects\platform-engineering-copilot\src\Platform.Engineering.Copilot.Chat\Platform.Engineering.Copilot.Chat.csproj : warning NU1902: Package 'MessagePack' 2.5.108 has a known moderate severity vulnerability, https://github.com/advisories/GHSA-qhmf-xw27-6rqr [C:\projects\platform-engineering-copilot\Platform.Engineering.Copilot.sln]
C:\projects\platform-engineering-copilot\tests\Platform.Engineering.Copilot.Mcp.Tests\Platform.Engineering.Copilot.Mcp.Tests.csproj : warning NU1904: Package 'Microsoft.SemanticKernel.Core' 1.26.0 has a known critical severity vulnerability, https://github.com/advisories/GHSA-2ww3-72rp-wpp4 [C:\projects\platform-engineering-copilot\Platform.Engineering.Copilot.sln]
C:\projects\platform-engineering-copilot\tests\Platform.Engineering.Copilot.Agents.Tests\Platform.Engineering.Copilot.Agents.Tests.csproj : warning NU1902: Package 'Microsoft.Rest.ClientRuntime' 2.3.20 has a known moderate severity vulnerability, https://github.com/advisories/GHSA-whph-446h-6m9v [C:\projects\platform-engineering-copilot\Platform.Engineering.Copilot.sln]
C:\projects\platform-engineering-copilot\tests\Platform.Engineering.Copilot.Mcp.Tests\Platform.Engineering.Copilot.Mcp.Tests.csproj : warning NU1902: Package 'OpenTelemetry.Api' 1.8.1 has a known moderate severity vulnerability, https://github.com/advisories/GHSA-g94r-2vxg-569j [C:\projects\platform-engineering-copilot\Platform.Engineering.Copilot.sln]
C:\projects\platform-engineering-copilot\src\Platform.Engineering.Copilot.Chat\Platform.Engineering.Copilot.Chat.csproj : warning NU1902: Package 'MessagePack' 2.5.108 has a known moderate severity vulnerability, https://github.com/advisories/GHSA-v72x-2h86-7f8m [C:\projects\platform-engineering-copilot\Platform.Engineering.Copilot.sln]
C:\projects\platform-engineering-copilot\tests\Platform.Engineering.Copilot.Core.Tests\Platform.Engineering.Copilot.Core.Tests.csproj : warning NU1903: Package 'System.IO.Packaging' 8.0.0 has a known high severity vulnerability, https://github.com/advisories/GHSA-f32c-w444-8ppv [C:\projects\platform-engineering-copilot\Platform.Engineering.Copilot.sln]
C:\projects\platform-engineering-copilot\tests\Platform.Engineering.Copilot.Agents.Tests\Platform.Engineering.Copilot.Agents.Tests.csproj : warning NU1904: Package 'Microsoft.SemanticKernel.Core' 1.26.0 has a known critical severity vulnerability, https://github.com/advisories/GHSA-2ww3-72rp-wpp4 [C:\projects\platform-engineering-copilot\Platform.Engineering.Copilot.sln]
C:\projects\platform-engineering-copilot\tests\Platform.Engineering.Copilot.Mcp.Tests\Platform.Engineering.Copilot.Mcp.Tests.csproj : warning NU1903: Package 'System.Security.Cryptography.Xml' 9.0.0 has a known high severity vulnerability, https://github.com/advisories/GHSA-23rf-6693-g89p [C:\projects\platform-engineering-copilot\Platform.Engineering.Copilot.sln]
C:\projects\platform-engineering-copilot\src\Platform.Engineering.Copilot.Chat\Platform.Engineering.Copilot.Chat.csproj : warning NU1903: Package 'MessagePack' 2.5.108 has a known high severity vulnerability, https://github.com/advisories/GHSA-vh6j-jc39-fggf [C:\projects\platform-engineering-copilot\Platform.Engineering.Copilot.sln]
C:\projects\platform-engineering-copilot\tests\Platform.Engineering.Copilot.Core.Tests\Platform.Engineering.Copilot.Core.Tests.csproj : warning NU1903: Package 'System.IO.Packaging' 8.0.0 has a known high severity vulnerability, https://github.com/advisories/GHSA-qj66-m88j-hmgj [C:\projects\platform-engineering-copilot\Platform.Engineering.Copilot.sln]
C:\projects\platform-engineering-copilot\tests\Platform.Engineering.Copilot.Agents.Tests\Platform.Engineering.Copilot.Agents.Tests.csproj : warning NU1903: Package 'System.Security.Cryptography.Xml' 9.0.0 has a known high severity vulnerability, https://github.com/advisories/GHSA-23rf-6693-g89p [C:\projects\platform-engineering-copilot\Platform.Engineering.Copilot.sln]
C:\projects\platform-engineering-copilot\tests\Platform.Engineering.Copilot.Mcp.Tests\Platform.Engineering.Copilot.Mcp.Tests.csproj : warning NU1903: Package 'System.Security.Cryptography.Xml' 9.0.0 has a known high severity vulnerability, https://github.com/advisories/GHSA-37gx-xxp4-5rgx [C:\projects\platform-engineering-copilot\Platform.Engineering.Copilot.sln]
C:\projects\platform-engineering-copilot\tests\Platform.Engineering.Copilot.Core.Tests\Platform.Engineering.Copilot.Core.Tests.csproj : warning NU1903: Package 'System.Security.Cryptography.Xml' 9.0.0 has a known high severity vulnerability, https://github.com/advisories/GHSA-23rf-6693-g89p [C:\projects\platform-engineering-copilot\Platform.Engineering.Copilot.sln]
C:\projects\platform-engineering-copilot\tests\Platform.Engineering.Copilot.Agents.Tests\Platform.Engineering.Copilot.Agents.Tests.csproj : warning NU1903: Package 'System.Security.Cryptography.Xml' 9.0.0 has a known high severity vulnerability, https://github.com/advisories/GHSA-37gx-xxp4-5rgx [C:\projects\platform-engineering-copilot\Platform.Engineering.Copilot.sln]
C:\projects\platform-engineering-copilot\tests\Platform.Engineering.Copilot.Mcp.Tests\Platform.Engineering.Copilot.Mcp.Tests.csproj : warning NU1903: Package 'System.Security.Cryptography.Xml' 9.0.0 has a known high severity vulnerability, https://github.com/advisories/GHSA-6588-8gv4-xfgh [C:\projects\platform-engineering-copilot\Platform.Engineering.Copilot.sln]
C:\projects\platform-engineering-copilot\src\Platform.Engineering.Copilot.Chat\Platform.Engineering.Copilot.Chat.csproj : warning NU1902: Package 'MessagePack' 2.5.108 has a known moderate severity vulnerability, https://github.com/advisories/GHSA-w567-gjr2-hm5j [C:\projects\platform-engineering-copilot\Platform.Engineering.Copilot.sln]
C:\projects\platform-engineering-copilot\tests\Platform.Engineering.Copilot.Core.Tests\Platform.Engineering.Copilot.Core.Tests.csproj : warning NU1903: Package 'System.Security.Cryptography.Xml' 9.0.0 has a known high severity vulnerability, https://github.com/advisories/GHSA-37gx-xxp4-5rgx [C:\projects\platform-engineering-copilot\Platform.Engineering.Copilot.sln]
C:\projects\platform-engineering-copilot\tests\Platform.Engineering.Copilot.Agents.Tests\Platform.Engineering.Copilot.Agents.Tests.csproj : warning NU1903: Package 'System.Security.Cryptography.Xml' 9.0.0 has a known high severity vulnerability, https://github.com/advisories/GHSA-6588-8gv4-xfgh [C:\projects\platform-engineering-copilot\Platform.Engineering.Copilot.sln]
C:\projects\platform-engineering-copilot\tests\Platform.Engineering.Copilot.Mcp.Tests\Platform.Engineering.Copilot.Mcp.Tests.csproj : warning NU1903: Package 'System.Security.Cryptography.Xml' 9.0.0 has a known high severity vulnerability, https://github.com/advisories/GHSA-8q5v-6pqq-x66h [C:\projects\platform-engineering-copilot\Platform.Engineering.Copilot.sln]
C:\projects\platform-engineering-copilot\src\Platform.Engineering.Copilot.Chat\Platform.Engineering.Copilot.Chat.csproj : warning NU1902: Package 'MessagePack' 2.5.108 has a known moderate severity vulnerability, https://github.com/advisories/GHSA-wfr3-xj75-pfwh [C:\projects\platform-engineering-copilot\Platform.Engineering.Copilot.sln]
C:\projects\platform-engineering-copilot\tests\Platform.Engineering.Copilot.Agents.Tests\Platform.Engineering.Copilot.Agents.Tests.csproj : warning NU1903: Package 'System.Security.Cryptography.Xml' 9.0.0 has a known high severity vulnerability, https://github.com/advisories/GHSA-8q5v-6pqq-x66h [C:\projects\platform-engineering-copilot\Platform.Engineering.Copilot.sln]
C:\projects\platform-engineering-copilot\tests\Platform.Engineering.Copilot.Core.Tests\Platform.Engineering.Copilot.Core.Tests.csproj : warning NU1903: Package 'System.Security.Cryptography.Xml' 9.0.0 has a known high severity vulnerability, https://github.com/advisories/GHSA-6588-8gv4-xfgh [C:\projects\platform-engineering-copilot\Platform.Engineering.Copilot.sln]
C:\projects\platform-engineering-copilot\tests\Platform.Engineering.Copilot.Mcp.Tests\Platform.Engineering.Copilot.Mcp.Tests.csproj : warning NU1903: Package 'System.Security.Cryptography.Xml' 9.0.0 has a known high severity vulnerability, https://github.com/advisories/GHSA-cvvh-rhrc-wg4q [C:\projects\platform-engineering-copilot\Platform.Engineering.Copilot.sln]
C:\projects\platform-engineering-copilot\src\Platform.Engineering.Copilot.Chat\Platform.Engineering.Copilot.Chat.csproj : warning NU1903: Package 'Microsoft.Kiota.Abstractions' 1.13.0 has a known high severity vulnerability, https://github.com/advisories/GHSA-7j59-v9qr-6fq9 [C:\projects\platform-engineering-copilot\Platform.Engineering.Copilot.sln]
C:\projects\platform-engineering-copilot\tests\Platform.Engineering.Copilot.Agents.Tests\Platform.Engineering.Copilot.Agents.Tests.csproj : warning NU1903: Package 'System.Security.Cryptography.Xml' 9.0.0 has a known high severity vulnerability, https://github.com/advisories/GHSA-cvvh-rhrc-wg4q [C:\projects\platform-engineering-copilot\Platform.Engineering.Copilot.sln]
C:\projects\platform-engineering-copilot\tests\Platform.Engineering.Copilot.Core.Tests\Platform.Engineering.Copilot.Core.Tests.csproj : warning NU1903: Package 'System.Security.Cryptography.Xml' 9.0.0 has a known high severity vulnerability, https://github.com/advisories/GHSA-8q5v-6pqq-x66h [C:\projects\platform-engineering-copilot\Platform.Engineering.Copilot.sln]
C:\projects\platform-engineering-copilot\src\Platform.Engineering.Copilot.Chat\Platform.Engineering.Copilot.Chat.csproj : warning NU1903: Package 'Microsoft.OpenApi' 2.0.0 has a known high severity vulnerability, https://github.com/advisories/GHSA-v5pm-xwqc-g5wc [C:\projects\platform-engineering-copilot\Platform.Engineering.Copilot.sln]
C:\projects\platform-engineering-copilot\tests\Platform.Engineering.Copilot.Agents.Tests\Platform.Engineering.Copilot.Agents.Tests.csproj : warning NU1903: Package 'System.Security.Cryptography.Xml' 9.0.0 has a known high severity vulnerability, https://github.com/advisories/GHSA-g8r8-53c2-pm3f [C:\projects\platform-engineering-copilot\Platform.Engineering.Copilot.sln]
C:\projects\platform-engineering-copilot\tests\Platform.Engineering.Copilot.Mcp.Tests\Platform.Engineering.Copilot.Mcp.Tests.csproj : warning NU1903: Package 'System.Security.Cryptography.Xml' 9.0.0 has a known high severity vulnerability, https://github.com/advisories/GHSA-g8r8-53c2-pm3f [C:\projects\platform-engineering-copilot\Platform.Engineering.Copilot.sln]
C:\projects\platform-engineering-copilot\tests\Platform.Engineering.Copilot.Core.Tests\Platform.Engineering.Copilot.Core.Tests.csproj : warning NU1903: Package 'System.Security.Cryptography.Xml' 9.0.0 has a known high severity vulnerability, https://github.com/advisories/GHSA-cvvh-rhrc-wg4q [C:\projects\platform-engineering-copilot\Platform.Engineering.Copilot.sln]
C:\projects\platform-engineering-copilot\src\Platform.Engineering.Copilot.Chat\Platform.Engineering.Copilot.Chat.csproj : warning NU1902: Package 'Microsoft.Rest.ClientRuntime' 2.3.20 has a known moderate severity vulnerability, https://github.com/advisories/GHSA-whph-446h-6m9v [C:\projects\platform-engineering-copilot\Platform.Engineering.Copilot.sln]
C:\projects\platform-engineering-copilot\tests\Platform.Engineering.Copilot.Agents.Tests\Platform.Engineering.Copilot.Agents.Tests.csproj : warning NU1903: Package 'System.Security.Cryptography.Xml' 9.0.0 has a known high severity vulnerability, https://github.com/advisories/GHSA-mmjf-rqrv-855v [C:\projects\platform-engineering-copilot\Platform.Engineering.Copilot.sln]
C:\projects\platform-engineering-copilot\tests\Platform.Engineering.Copilot.Mcp.Tests\Platform.Engineering.Copilot.Mcp.Tests.csproj : warning NU1903: Package 'System.Security.Cryptography.Xml' 9.0.0 has a known high severity vulnerability, https://github.com/advisories/GHSA-mmjf-rqrv-855v [C:\projects\platform-engineering-copilot\Platform.Engineering.Copilot.sln]
C:\projects\platform-engineering-copilot\tests\Platform.Engineering.Copilot.Agents.Tests\Platform.Engineering.Copilot.Agents.Tests.csproj : warning NU1903: Package 'System.Security.Cryptography.Xml' 9.0.0 has a known high severity vulnerability, https://github.com/advisories/GHSA-w3x6-4m5h-cxqf [C:\projects\platform-engineering-copilot\Platform.Engineering.Copilot.sln]
C:\projects\platform-engineering-copilot\src\Platform.Engineering.Copilot.Chat\Platform.Engineering.Copilot.Chat.csproj : warning NU1904: Package 'Microsoft.SemanticKernel.Core' 1.26.0 has a known critical severity vulnerability, https://github.com/advisories/GHSA-2ww3-72rp-wpp4 [C:\projects\platform-engineering-copilot\Platform.Engineering.Copilot.sln]
C:\projects\platform-engineering-copilot\tests\Platform.Engineering.Copilot.Core.Tests\Platform.Engineering.Copilot.Core.Tests.csproj : warning NU1903: Package 'System.Security.Cryptography.Xml' 9.0.0 has a known high severity vulnerability, https://github.com/advisories/GHSA-g8r8-53c2-pm3f [C:\projects\platform-engineering-copilot\Platform.Engineering.Copilot.sln]
C:\projects\platform-engineering-copilot\tests\Platform.Engineering.Copilot.Mcp.Tests\Platform.Engineering.Copilot.Mcp.Tests.csproj : warning NU1903: Package 'System.Security.Cryptography.Xml' 9.0.0 has a known high severity vulnerability, https://github.com/advisories/GHSA-w3x6-4m5h-cxqf [C:\projects\platform-engineering-copilot\Platform.Engineering.Copilot.sln]
C:\projects\platform-engineering-copilot\src\Platform.Engineering.Copilot.Chat\Platform.Engineering.Copilot.Chat.csproj : warning NU1902: Package 'OpenTelemetry.Api' 1.8.1 has a known moderate severity vulnerability, https://github.com/advisories/GHSA-g94r-2vxg-569j [C:\projects\platform-engineering-copilot\Platform.Engineering.Copilot.sln]
C:\projects\platform-engineering-copilot\tests\Platform.Engineering.Copilot.Core.Tests\Platform.Engineering.Copilot.Core.Tests.csproj : warning NU1903: Package 'System.Security.Cryptography.Xml' 9.0.0 has a known high severity vulnerability, https://github.com/advisories/GHSA-mmjf-rqrv-855v [C:\projects\platform-engineering-copilot\Platform.Engineering.Copilot.sln]
C:\projects\platform-engineering-copilot\tests\Platform.Engineering.Copilot.Core.Tests\Platform.Engineering.Copilot.Core.Tests.csproj : warning NU1903: Package 'System.Security.Cryptography.Xml' 9.0.0 has a known high severity vulnerability, https://github.com/advisories/GHSA-w3x6-4m5h-cxqf [C:\projects\platform-engineering-copilot\Platform.Engineering.Copilot.sln]
C:\projects\platform-engineering-copilot\src\Platform.Engineering.Copilot.Agents\Platform.Engineering.Copilot.Agents.csproj : warning NU1608: Detected package version outside of dependency constraint: Microsoft.SemanticKernel.Connectors.AzureOpenAI 1.26.0 requires Azure.AI.OpenAI (= 2.1.0-beta.1) but version Azure.AI.OpenAI 2.1.0 was resolved. [C:\projects\platform-engineering-copilot\Platform.Engineering.Copilot.sln]
C:\projects\platform-engineering-copilot\src\Platform.Engineering.Copilot.Agents\Platform.Engineering.Copilot.Agents.csproj : warning NU1608: Detected package version outside of dependency constraint: Microsoft.SemanticKernel.Connectors.OpenAI 1.26.0 requires OpenAI (= 2.1.0-beta.1) but version OpenAI 2.2.0-beta.4 was resolved. [C:\projects\platform-engineering-copilot\Platform.Engineering.Copilot.sln]
C:\projects\platform-engineering-copilot\src\Platform.Engineering.Copilot.Agents\Platform.Engineering.Copilot.Agents.csproj : warning NU1902: Package 'MessagePack' 2.5.108 has a known moderate severity vulnerability, https://github.com/advisories/GHSA-2f33-pr97-265q [C:\projects\platform-engineering-copilot\Platform.Engineering.Copilot.sln]
C:\projects\platform-engineering-copilot\src\Platform.Engineering.Copilot.Agents\Platform.Engineering.Copilot.Agents.csproj : warning NU1902: Package 'MessagePack' 2.5.108 has a known moderate severity vulnerability, https://github.com/advisories/GHSA-2x83-8g95-xh59 [C:\projects\platform-engineering-copilot\Platform.Engineering.Copilot.sln]
C:\projects\platform-engineering-copilot\src\Platform.Engineering.Copilot.Agents\Platform.Engineering.Copilot.Agents.csproj : warning NU1902: Package 'MessagePack' 2.5.108 has a known moderate severity vulnerability, https://github.com/advisories/GHSA-4qm4-8hg2-g2xm [C:\projects\platform-engineering-copilot\Platform.Engineering.Copilot.sln]
C:\projects\platform-engineering-copilot\src\Platform.Engineering.Copilot.Agents\Platform.Engineering.Copilot.Agents.csproj : warning NU1902: Package 'MessagePack' 2.5.108 has a known moderate severity vulnerability, https://github.com/advisories/GHSA-cj9g-3mj2-g8vv [C:\projects\platform-engineering-copilot\Platform.Engineering.Copilot.sln]
C:\projects\platform-engineering-copilot\src\Platform.Engineering.Copilot.Agents\Platform.Engineering.Copilot.Agents.csproj : warning NU1902: Package 'MessagePack' 2.5.108 has a known moderate severity vulnerability, https://github.com/advisories/GHSA-cxmj-83gh-fp49 [C:\projects\platform-engineering-copilot\Platform.Engineering.Copilot.sln]
C:\projects\platform-engineering-copilot\src\Platform.Engineering.Copilot.Agents\Platform.Engineering.Copilot.Agents.csproj : warning NU1903: Package 'MessagePack' 2.5.108 has a known high severity vulnerability, https://github.com/advisories/GHSA-hv8m-jj95-wg3x [C:\projects\platform-engineering-copilot\Platform.Engineering.Copilot.sln]
C:\projects\platform-engineering-copilot\src\Platform.Engineering.Copilot.Agents\Platform.Engineering.Copilot.Agents.csproj : warning NU1902: Package 'MessagePack' 2.5.108 has a known moderate severity vulnerability, https://github.com/advisories/GHSA-q2h6-ghwm-5qm8 [C:\projects\platform-engineering-copilot\Platform.Engineering.Copilot.sln]
C:\projects\platform-engineering-copilot\src\Platform.Engineering.Copilot.Agents\Platform.Engineering.Copilot.Agents.csproj : warning NU1902: Package 'MessagePack' 2.5.108 has a known moderate severity vulnerability, https://github.com/advisories/GHSA-qhmf-xw27-6rqr [C:\projects\platform-engineering-copilot\Platform.Engineering.Copilot.sln]
C:\projects\platform-engineering-copilot\src\Platform.Engineering.Copilot.Agents\Platform.Engineering.Copilot.Agents.csproj : warning NU1902: Package 'MessagePack' 2.5.108 has a known moderate severity vulnerability, https://github.com/advisories/GHSA-v72x-2h86-7f8m [C:\projects\platform-engineering-copilot\Platform.Engineering.Copilot.sln]
C:\projects\platform-engineering-copilot\src\Platform.Engineering.Copilot.Agents\Platform.Engineering.Copilot.Agents.csproj : warning NU1903: Package 'MessagePack' 2.5.108 has a known high severity vulnerability, https://github.com/advisories/GHSA-vh6j-jc39-fggf [C:\projects\platform-engineering-copilot\Platform.Engineering.Copilot.sln]
C:\projects\platform-engineering-copilot\src\Platform.Engineering.Copilot.Agents\Platform.Engineering.Copilot.Agents.csproj : warning NU1902: Package 'MessagePack' 2.5.108 has a known moderate severity vulnerability, https://github.com/advisories/GHSA-w567-gjr2-hm5j [C:\projects\platform-engineering-copilot\Platform.Engineering.Copilot.sln]
C:\projects\platform-engineering-copilot\src\Platform.Engineering.Copilot.Agents\Platform.Engineering.Copilot.Agents.csproj : warning NU1902: Package 'MessagePack' 2.5.108 has a known moderate severity vulnerability, https://github.com/advisories/GHSA-wfr3-xj75-pfwh [C:\projects\platform-engineering-copilot\Platform.Engineering.Copilot.sln]
C:\projects\platform-engineering-copilot\src\Platform.Engineering.Copilot.Agents\Platform.Engineering.Copilot.Agents.csproj : warning NU1903: Package 'Microsoft.Kiota.Abstractions' 1.13.0 has a known high severity vulnerability, https://github.com/advisories/GHSA-7j59-v9qr-6fq9 [C:\projects\platform-engineering-copilot\Platform.Engineering.Copilot.sln]
C:\projects\platform-engineering-copilot\src\Platform.Engineering.Copilot.Agents\Platform.Engineering.Copilot.Agents.csproj : warning NU1902: Package 'Microsoft.Rest.ClientRuntime' 2.3.20 has a known moderate severity vulnerability, https://github.com/advisories/GHSA-whph-446h-6m9v [C:\projects\platform-engineering-copilot\Platform.Engineering.Copilot.sln]
C:\projects\platform-engineering-copilot\src\Platform.Engineering.Copilot.Agents\Platform.Engineering.Copilot.Agents.csproj : warning NU1904: Package 'Microsoft.SemanticKernel.Core' 1.26.0 has a known critical severity vulnerability, https://github.com/advisories/GHSA-2ww3-72rp-wpp4 [C:\projects\platform-engineering-copilot\Platform.Engineering.Copilot.sln]
C:\projects\platform-engineering-copilot\src\Platform.Engineering.Copilot.Agents\Platform.Engineering.Copilot.Agents.csproj : warning NU1903: Package 'System.Security.Cryptography.Xml' 9.0.0 has a known high severity vulnerability, https://github.com/advisories/GHSA-23rf-6693-g89p [C:\projects\platform-engineering-copilot\Platform.Engineering.Copilot.sln]
C:\projects\platform-engineering-copilot\src\Platform.Engineering.Copilot.Agents\Platform.Engineering.Copilot.Agents.csproj : warning NU1903: Package 'System.Security.Cryptography.Xml' 9.0.0 has a known high severity vulnerability, https://github.com/advisories/GHSA-37gx-xxp4-5rgx [C:\projects\platform-engineering-copilot\Platform.Engineering.Copilot.sln]
C:\projects\platform-engineering-copilot\src\Platform.Engineering.Copilot.Agents\Platform.Engineering.Copilot.Agents.csproj : warning NU1903: Package 'System.Security.Cryptography.Xml' 9.0.0 has a known high severity vulnerability, https://github.com/advisories/GHSA-6588-8gv4-xfgh [C:\projects\platform-engineering-copilot\Platform.Engineering.Copilot.sln]
C:\projects\platform-engineering-copilot\src\Platform.Engineering.Copilot.Agents\Platform.Engineering.Copilot.Agents.csproj : warning NU1903: Package 'System.Security.Cryptography.Xml' 9.0.0 has a known high severity vulnerability, https://github.com/advisories/GHSA-8q5v-6pqq-x66h [C:\projects\platform-engineering-copilot\Platform.Engineering.Copilot.sln]
C:\projects\platform-engineering-copilot\src\Platform.Engineering.Copilot.Agents\Platform.Engineering.Copilot.Agents.csproj : warning NU1903: Package 'System.Security.Cryptography.Xml' 9.0.0 has a known high severity vulnerability, https://github.com/advisories/GHSA-cvvh-rhrc-wg4q [C:\projects\platform-engineering-copilot\Platform.Engineering.Copilot.sln]
C:\projects\platform-engineering-copilot\src\Platform.Engineering.Copilot.Agents\Platform.Engineering.Copilot.Agents.csproj : warning NU1903: Package 'System.Security.Cryptography.Xml' 9.0.0 has a known high severity vulnerability, https://github.com/advisories/GHSA-g8r8-53c2-pm3f [C:\projects\platform-engineering-copilot\Platform.Engineering.Copilot.sln]
C:\projects\platform-engineering-copilot\src\Platform.Engineering.Copilot.Agents\Platform.Engineering.Copilot.Agents.csproj : warning NU1903: Package 'System.Security.Cryptography.Xml' 9.0.0 has a known high severity vulnerability, https://github.com/advisories/GHSA-mmjf-rqrv-855v [C:\projects\platform-engineering-copilot\Platform.Engineering.Copilot.sln]
C:\projects\platform-engineering-copilot\src\Platform.Engineering.Copilot.Agents\Platform.Engineering.Copilot.Agents.csproj : warning NU1903: Package 'System.Security.Cryptography.Xml' 9.0.0 has a known high severity vulnerability, https://github.com/advisories/GHSA-w3x6-4m5h-cxqf [C:\projects\platform-engineering-copilot\Platform.Engineering.Copilot.sln]
C:\projects\platform-engineering-copilot\tests\Platform.Engineering.Copilot.Chat.Tests\Platform.Engineering.Copilot.Chat.Tests.csproj : warning NU1608: Detected package version outside of dependency constraint: Microsoft.SemanticKernel.Connectors.AzureOpenAI 1.26.0 requires Azure.AI.OpenAI (= 2.1.0-beta.1) but version Azure.AI.OpenAI 2.1.0 was resolved. [C:\projects\platform-engineering-copilot\Platform.Engineering.Copilot.sln]
C:\projects\platform-engineering-copilot\tests\Platform.Engineering.Copilot.Chat.Tests\Platform.Engineering.Copilot.Chat.Tests.csproj : warning NU1608: Detected package version outside of dependency constraint: Microsoft.SemanticKernel.Connectors.OpenAI 1.26.0 requires OpenAI (= 2.1.0-beta.1) but version OpenAI 2.2.0-beta.4 was resolved. [C:\projects\platform-engineering-copilot\Platform.Engineering.Copilot.sln]
C:\projects\platform-engineering-copilot\tests\Platform.Engineering.Copilot.Chat.Tests\Platform.Engineering.Copilot.Chat.Tests.csproj : warning NU1902: Package 'MessagePack' 2.5.108 has a known moderate severity vulnerability, https://github.com/advisories/GHSA-2f33-pr97-265q [C:\projects\platform-engineering-copilot\Platform.Engineering.Copilot.sln]
C:\projects\platform-engineering-copilot\tests\Platform.Engineering.Copilot.Chat.Tests\Platform.Engineering.Copilot.Chat.Tests.csproj : warning NU1902: Package 'MessagePack' 2.5.108 has a known moderate severity vulnerability, https://github.com/advisories/GHSA-2x83-8g95-xh59 [C:\projects\platform-engineering-copilot\Platform.Engineering.Copilot.sln]
C:\projects\platform-engineering-copilot\tests\Platform.Engineering.Copilot.Chat.Tests\Platform.Engineering.Copilot.Chat.Tests.csproj : warning NU1902: Package 'MessagePack' 2.5.108 has a known moderate severity vulnerability, https://github.com/advisories/GHSA-4qm4-8hg2-g2xm [C:\projects\platform-engineering-copilot\Platform.Engineering.Copilot.sln]
C:\projects\platform-engineering-copilot\tests\Platform.Engineering.Copilot.Chat.Tests\Platform.Engineering.Copilot.Chat.Tests.csproj : warning NU1902: Package 'MessagePack' 2.5.108 has a known moderate severity vulnerability, https://github.com/advisories/GHSA-cj9g-3mj2-g8vv [C:\projects\platform-engineering-copilot\Platform.Engineering.Copilot.sln]
C:\projects\platform-engineering-copilot\tests\Platform.Engineering.Copilot.Chat.Tests\Platform.Engineering.Copilot.Chat.Tests.csproj : warning NU1902: Package 'MessagePack' 2.5.108 has a known moderate severity vulnerability, https://github.com/advisories/GHSA-cxmj-83gh-fp49 [C:\projects\platform-engineering-copilot\Platform.Engineering.Copilot.sln]
C:\projects\platform-engineering-copilot\tests\Platform.Engineering.Copilot.Chat.Tests\Platform.Engineering.Copilot.Chat.Tests.csproj : warning NU1903: Package 'MessagePack' 2.5.108 has a known high severity vulnerability, https://github.com/advisories/GHSA-hv8m-jj95-wg3x [C:\projects\platform-engineering-copilot\Platform.Engineering.Copilot.sln]
C:\projects\platform-engineering-copilot\tests\Platform.Engineering.Copilot.Chat.Tests\Platform.Engineering.Copilot.Chat.Tests.csproj : warning NU1902: Package 'MessagePack' 2.5.108 has a known moderate severity vulnerability, https://github.com/advisories/GHSA-q2h6-ghwm-5qm8 [C:\projects\platform-engineering-copilot\Platform.Engineering.Copilot.sln]
C:\projects\platform-engineering-copilot\tests\Platform.Engineering.Copilot.Chat.Tests\Platform.Engineering.Copilot.Chat.Tests.csproj : warning NU1902: Package 'MessagePack' 2.5.108 has a known moderate severity vulnerability, https://github.com/advisories/GHSA-qhmf-xw27-6rqr [C:\projects\platform-engineering-copilot\Platform.Engineering.Copilot.sln]
C:\projects\platform-engineering-copilot\tests\Platform.Engineering.Copilot.Chat.Tests\Platform.Engineering.Copilot.Chat.Tests.csproj : warning NU1902: Package 'MessagePack' 2.5.108 has a known moderate severity vulnerability, https://github.com/advisories/GHSA-v72x-2h86-7f8m [C:\projects\platform-engineering-copilot\Platform.Engineering.Copilot.sln]
C:\projects\platform-engineering-copilot\tests\Platform.Engineering.Copilot.Chat.Tests\Platform.Engineering.Copilot.Chat.Tests.csproj : warning NU1903: Package 'MessagePack' 2.5.108 has a known high severity vulnerability, https://github.com/advisories/GHSA-vh6j-jc39-fggf [C:\projects\platform-engineering-copilot\Platform.Engineering.Copilot.sln]
C:\projects\platform-engineering-copilot\tests\Platform.Engineering.Copilot.Chat.Tests\Platform.Engineering.Copilot.Chat.Tests.csproj : warning NU1902: Package 'MessagePack' 2.5.108 has a known moderate severity vulnerability, https://github.com/advisories/GHSA-w567-gjr2-hm5j [C:\projects\platform-engineering-copilot\Platform.Engineering.Copilot.sln]
C:\projects\platform-engineering-copilot\tests\Platform.Engineering.Copilot.Chat.Tests\Platform.Engineering.Copilot.Chat.Tests.csproj : warning NU1902: Package 'MessagePack' 2.5.108 has a known moderate severity vulnerability, https://github.com/advisories/GHSA-wfr3-xj75-pfwh [C:\projects\platform-engineering-copilot\Platform.Engineering.Copilot.sln]
C:\projects\platform-engineering-copilot\tests\Platform.Engineering.Copilot.Chat.Tests\Platform.Engineering.Copilot.Chat.Tests.csproj : warning NU1903: Package 'Microsoft.Kiota.Abstractions' 1.13.0 has a known high severity vulnerability, https://github.com/advisories/GHSA-7j59-v9qr-6fq9 [C:\projects\platform-engineering-copilot\Platform.Engineering.Copilot.sln]
C:\projects\platform-engineering-copilot\tests\Platform.Engineering.Copilot.Chat.Tests\Platform.Engineering.Copilot.Chat.Tests.csproj : warning NU1903: Package 'Microsoft.OpenApi' 2.0.0 has a known high severity vulnerability, https://github.com/advisories/GHSA-v5pm-xwqc-g5wc [C:\projects\platform-engineering-copilot\Platform.Engineering.Copilot.sln]
C:\projects\platform-engineering-copilot\tests\Platform.Engineering.Copilot.Chat.Tests\Platform.Engineering.Copilot.Chat.Tests.csproj : warning NU1902: Package 'Microsoft.Rest.ClientRuntime' 2.3.20 has a known moderate severity vulnerability, https://github.com/advisories/GHSA-whph-446h-6m9v [C:\projects\platform-engineering-copilot\Platform.Engineering.Copilot.sln]
C:\projects\platform-engineering-copilot\tests\Platform.Engineering.Copilot.Chat.Tests\Platform.Engineering.Copilot.Chat.Tests.csproj : warning NU1904: Package 'Microsoft.SemanticKernel.Core' 1.26.0 has a known critical severity vulnerability, https://github.com/advisories/GHSA-2ww3-72rp-wpp4 [C:\projects\platform-engineering-copilot\Platform.Engineering.Copilot.sln]
C:\projects\platform-engineering-copilot\tests\Platform.Engineering.Copilot.Chat.Tests\Platform.Engineering.Copilot.Chat.Tests.csproj : warning NU1902: Package 'OpenTelemetry.Api' 1.8.1 has a known moderate severity vulnerability, https://github.com/advisories/GHSA-g94r-2vxg-569j [C:\projects\platform-engineering-copilot\Platform.Engineering.Copilot.sln]
C:\projects\platform-engineering-copilot\tests\Platform.Engineering.Copilot.Chat.Tests\Platform.Engineering.Copilot.Chat.Tests.csproj : warning NU1903: Package 'System.Security.Cryptography.Xml' 9.0.0 has a known high severity vulnerability, https://github.com/advisories/GHSA-23rf-6693-g89p [C:\projects\platform-engineering-copilot\Platform.Engineering.Copilot.sln]
C:\projects\platform-engineering-copilot\tests\Platform.Engineering.Copilot.Chat.Tests\Platform.Engineering.Copilot.Chat.Tests.csproj : warning NU1903: Package 'System.Security.Cryptography.Xml' 9.0.0 has a known high severity vulnerability, https://github.com/advisories/GHSA-37gx-xxp4-5rgx [C:\projects\platform-engineering-copilot\Platform.Engineering.Copilot.sln]
C:\projects\platform-engineering-copilot\tests\Platform.Engineering.Copilot.Chat.Tests\Platform.Engineering.Copilot.Chat.Tests.csproj : warning NU1903: Package 'System.Security.Cryptography.Xml' 9.0.0 has a known high severity vulnerability, https://github.com/advisories/GHSA-6588-8gv4-xfgh [C:\projects\platform-engineering-copilot\Platform.Engineering.Copilot.sln]
C:\projects\platform-engineering-copilot\tests\Platform.Engineering.Copilot.Chat.Tests\Platform.Engineering.Copilot.Chat.Tests.csproj : warning NU1903: Package 'System.Security.Cryptography.Xml' 9.0.0 has a known high severity vulnerability, https://github.com/advisories/GHSA-8q5v-6pqq-x66h [C:\projects\platform-engineering-copilot\Platform.Engineering.Copilot.sln]
C:\projects\platform-engineering-copilot\tests\Platform.Engineering.Copilot.Chat.Tests\Platform.Engineering.Copilot.Chat.Tests.csproj : warning NU1903: Package 'System.Security.Cryptography.Xml' 9.0.0 has a known high severity vulnerability, https://github.com/advisories/GHSA-cvvh-rhrc-wg4q [C:\projects\platform-engineering-copilot\Platform.Engineering.Copilot.sln]
C:\projects\platform-engineering-copilot\tests\Platform.Engineering.Copilot.Chat.Tests\Platform.Engineering.Copilot.Chat.Tests.csproj : warning NU1903: Package 'System.Security.Cryptography.Xml' 9.0.0 has a known high severity vulnerability, https://github.com/advisories/GHSA-g8r8-53c2-pm3f [C:\projects\platform-engineering-copilot\Platform.Engineering.Copilot.sln]
C:\projects\platform-engineering-copilot\tests\Platform.Engineering.Copilot.Chat.Tests\Platform.Engineering.Copilot.Chat.Tests.csproj : warning NU1903: Package 'System.Security.Cryptography.Xml' 9.0.0 has a known high severity vulnerability, https://github.com/advisories/GHSA-mmjf-rqrv-855v [C:\projects\platform-engineering-copilot\Platform.Engineering.Copilot.sln]
C:\projects\platform-engineering-copilot\tests\Platform.Engineering.Copilot.Chat.Tests\Platform.Engineering.Copilot.Chat.Tests.csproj : warning NU1903: Package 'System.Security.Cryptography.Xml' 9.0.0 has a known high severity vulnerability, https://github.com/advisories/GHSA-w3x6-4m5h-cxqf [C:\projects\platform-engineering-copilot\Platform.Engineering.Copilot.sln]
C:\projects\platform-engineering-copilot\src\Platform.Engineering.Copilot.Core\Platform.Engineering.Copilot.Core.csproj : warning NU1510: PackageReference System.Text.Json will not be pruned. This package is automatically available and does not need to be referenced explicitly. Remove the PackageReference item. [C:\projects\platform-engineering-copilot\Platform.Engineering.Copilot.sln]
C:\projects\platform-engineering-copilot\src\Platform.Engineering.Copilot.Core\Platform.Engineering.Copilot.Core.csproj : warning NU1510: PackageReference System.Text.RegularExpressions will not be pruned. This package is automatically available and does not need to be referenced explicitly. Remove the PackageReference item. [C:\projects\platform-engineering-copilot\Platform.Engineering.Copilot.sln]
C:\projects\platform-engineering-copilot\src\Platform.Engineering.Copilot.Core\Platform.Engineering.Copilot.Core.csproj : warning NU1902: Package 'MessagePack' 2.5.108 has a known moderate severity vulnerability, https://github.com/advisories/GHSA-2f33-pr97-265q [C:\projects\platform-engineering-copilot\Platform.Engineering.Copilot.sln]
C:\projects\platform-engineering-copilot\src\Platform.Engineering.Copilot.Core\Platform.Engineering.Copilot.Core.csproj : warning NU1902: Package 'MessagePack' 2.5.108 has a known moderate severity vulnerability, https://github.com/advisories/GHSA-2x83-8g95-xh59 [C:\projects\platform-engineering-copilot\Platform.Engineering.Copilot.sln]
C:\projects\platform-engineering-copilot\src\Platform.Engineering.Copilot.Core\Platform.Engineering.Copilot.Core.csproj : warning NU1902: Package 'MessagePack' 2.5.108 has a known moderate severity vulnerability, https://github.com/advisories/GHSA-4qm4-8hg2-g2xm [C:\projects\platform-engineering-copilot\Platform.Engineering.Copilot.sln]
C:\projects\platform-engineering-copilot\src\Platform.Engineering.Copilot.Core\Platform.Engineering.Copilot.Core.csproj : warning NU1902: Package 'MessagePack' 2.5.108 has a known moderate severity vulnerability, https://github.com/advisories/GHSA-cj9g-3mj2-g8vv [C:\projects\platform-engineering-copilot\Platform.Engineering.Copilot.sln]
C:\projects\platform-engineering-copilot\src\Platform.Engineering.Copilot.Core\Platform.Engineering.Copilot.Core.csproj : warning NU1902: Package 'MessagePack' 2.5.108 has a known moderate severity vulnerability, https://github.com/advisories/GHSA-cxmj-83gh-fp49 [C:\projects\platform-engineering-copilot\Platform.Engineering.Copilot.sln]
C:\projects\platform-engineering-copilot\src\Platform.Engineering.Copilot.Core\Platform.Engineering.Copilot.Core.csproj : warning NU1903: Package 'MessagePack' 2.5.108 has a known high severity vulnerability, https://github.com/advisories/GHSA-hv8m-jj95-wg3x [C:\projects\platform-engineering-copilot\Platform.Engineering.Copilot.sln]
C:\projects\platform-engineering-copilot\src\Platform.Engineering.Copilot.Core\Platform.Engineering.Copilot.Core.csproj : warning NU1902: Package 'MessagePack' 2.5.108 has a known moderate severity vulnerability, https://github.com/advisories/GHSA-q2h6-ghwm-5qm8 [C:\projects\platform-engineering-copilot\Platform.Engineering.Copilot.sln]
C:\projects\platform-engineering-copilot\src\Platform.Engineering.Copilot.Core\Platform.Engineering.Copilot.Core.csproj : warning NU1902: Package 'MessagePack' 2.5.108 has a known moderate severity vulnerability, https://github.com/advisories/GHSA-qhmf-xw27-6rqr [C:\projects\platform-engineering-copilot\Platform.Engineering.Copilot.sln]
C:\projects\platform-engineering-copilot\src\Platform.Engineering.Copilot.Core\Platform.Engineering.Copilot.Core.csproj : warning NU1902: Package 'MessagePack' 2.5.108 has a known moderate severity vulnerability, https://github.com/advisories/GHSA-v72x-2h86-7f8m [C:\projects\platform-engineering-copilot\Platform.Engineering.Copilot.sln]
C:\projects\platform-engineering-copilot\src\Platform.Engineering.Copilot.Core\Platform.Engineering.Copilot.Core.csproj : warning NU1903: Package 'MessagePack' 2.5.108 has a known high severity vulnerability, https://github.com/advisories/GHSA-vh6j-jc39-fggf [C:\projects\platform-engineering-copilot\Platform.Engineering.Copilot.sln]
C:\projects\platform-engineering-copilot\src\Platform.Engineering.Copilot.Core\Platform.Engineering.Copilot.Core.csproj : warning NU1902: Package 'MessagePack' 2.5.108 has a known moderate severity vulnerability, https://github.com/advisories/GHSA-w567-gjr2-hm5j [C:\projects\platform-engineering-copilot\Platform.Engineering.Copilot.sln]
C:\projects\platform-engineering-copilot\src\Platform.Engineering.Copilot.Core\Platform.Engineering.Copilot.Core.csproj : warning NU1902: Package 'MessagePack' 2.5.108 has a known moderate severity vulnerability, https://github.com/advisories/GHSA-wfr3-xj75-pfwh [C:\projects\platform-engineering-copilot\Platform.Engineering.Copilot.sln]
C:\projects\platform-engineering-copilot\src\Platform.Engineering.Copilot.Core\Platform.Engineering.Copilot.Core.csproj : warning NU1903: Package 'Microsoft.Kiota.Abstractions' 1.13.0 has a known high severity vulnerability, https://github.com/advisories/GHSA-7j59-v9qr-6fq9 [C:\projects\platform-engineering-copilot\Platform.Engineering.Copilot.sln]
C:\projects\platform-engineering-copilot\src\Platform.Engineering.Copilot.Core\Platform.Engineering.Copilot.Core.csproj : warning NU1902: Package 'Microsoft.Rest.ClientRuntime' 2.3.20 has a known moderate severity vulnerability, https://github.com/advisories/GHSA-whph-446h-6m9v [C:\projects\platform-engineering-copilot\Platform.Engineering.Copilot.sln]
C:\projects\platform-engineering-copilot\src\Platform.Engineering.Copilot.Core\Platform.Engineering.Copilot.Core.csproj : warning NU1904: Package 'Microsoft.SemanticKernel.Core' 1.26.0 has a known critical severity vulnerability, https://github.com/advisories/GHSA-2ww3-72rp-wpp4 [C:\projects\platform-engineering-copilot\Platform.Engineering.Copilot.sln]
C:\projects\platform-engineering-copilot\src\Platform.Engineering.Copilot.Core\Platform.Engineering.Copilot.Core.csproj : warning NU1903: Package 'System.IO.Packaging' 8.0.0 has a known high severity vulnerability, https://github.com/advisories/GHSA-f32c-w444-8ppv [C:\projects\platform-engineering-copilot\Platform.Engineering.Copilot.sln]
C:\projects\platform-engineering-copilot\src\Platform.Engineering.Copilot.Core\Platform.Engineering.Copilot.Core.csproj : warning NU1903: Package 'System.IO.Packaging' 8.0.0 has a known high severity vulnerability, https://github.com/advisories/GHSA-qj66-m88j-hmgj [C:\projects\platform-engineering-copilot\Platform.Engineering.Copilot.sln]
C:\projects\platform-engineering-copilot\src\Platform.Engineering.Copilot.Core\Platform.Engineering.Copilot.Core.csproj : warning NU1903: Package 'System.Security.Cryptography.Xml' 9.0.0 has a known high severity vulnerability, https://github.com/advisories/GHSA-23rf-6693-g89p [C:\projects\platform-engineering-copilot\Platform.Engineering.Copilot.sln]
C:\projects\platform-engineering-copilot\src\Platform.Engineering.Copilot.Core\Platform.Engineering.Copilot.Core.csproj : warning NU1903: Package 'System.Security.Cryptography.Xml' 9.0.0 has a known high severity vulnerability, https://github.com/advisories/GHSA-37gx-xxp4-5rgx [C:\projects\platform-engineering-copilot\Platform.Engineering.Copilot.sln]
C:\projects\platform-engineering-copilot\src\Platform.Engineering.Copilot.Core\Platform.Engineering.Copilot.Core.csproj : warning NU1903: Package 'System.Security.Cryptography.Xml' 9.0.0 has a known high severity vulnerability, https://github.com/advisories/GHSA-6588-8gv4-xfgh [C:\projects\platform-engineering-copilot\Platform.Engineering.Copilot.sln]
C:\projects\platform-engineering-copilot\src\Platform.Engineering.Copilot.Core\Platform.Engineering.Copilot.Core.csproj : warning NU1903: Package 'System.Security.Cryptography.Xml' 9.0.0 has a known high severity vulnerability, https://github.com/advisories/GHSA-8q5v-6pqq-x66h [C:\projects\platform-engineering-copilot\Platform.Engineering.Copilot.sln]
C:\projects\platform-engineering-copilot\src\Platform.Engineering.Copilot.Core\Platform.Engineering.Copilot.Core.csproj : warning NU1903: Package 'System.Security.Cryptography.Xml' 9.0.0 has a known high severity vulnerability, https://github.com/advisories/GHSA-cvvh-rhrc-wg4q [C:\projects\platform-engineering-copilot\Platform.Engineering.Copilot.sln]
C:\projects\platform-engineering-copilot\src\Platform.Engineering.Copilot.Core\Platform.Engineering.Copilot.Core.csproj : warning NU1903: Package 'System.Security.Cryptography.Xml' 9.0.0 has a known high severity vulnerability, https://github.com/advisories/GHSA-g8r8-53c2-pm3f [C:\projects\platform-engineering-copilot\Platform.Engineering.Copilot.sln]
C:\projects\platform-engineering-copilot\src\Platform.Engineering.Copilot.Core\Platform.Engineering.Copilot.Core.csproj : warning NU1903: Package 'System.Security.Cryptography.Xml' 9.0.0 has a known high severity vulnerability, https://github.com/advisories/GHSA-mmjf-rqrv-855v [C:\projects\platform-engineering-copilot\Platform.Engineering.Copilot.sln]
C:\projects\platform-engineering-copilot\src\Platform.Engineering.Copilot.Core\Platform.Engineering.Copilot.Core.csproj : warning NU1903: Package 'System.Security.Cryptography.Xml' 9.0.0 has a known high severity vulnerability, https://github.com/advisories/GHSA-w3x6-4m5h-cxqf [C:\projects\platform-engineering-copilot\Platform.Engineering.Copilot.sln]
C:\projects\platform-engineering-copilot\src\Platform.Engineering.Copilot.Mcp\Platform.Engineering.Copilot.Mcp.csproj : warning NU1510: PackageReference System.Text.Json will not be pruned. This package is automatically available and does not need to be referenced explicitly. Remove the PackageReference item. [C:\projects\platform-engineering-copilot\Platform.Engineering.Copilot.sln]
C:\projects\platform-engineering-copilot\src\Platform.Engineering.Copilot.Mcp\Platform.Engineering.Copilot.Mcp.csproj : warning NU1608: Detected package version outside of dependency constraint: Microsoft.SemanticKernel.Connectors.AzureOpenAI 1.26.0 requires Azure.AI.OpenAI (= 2.1.0-beta.1) but version Azure.AI.OpenAI 2.1.0 was resolved. [C:\projects\platform-engineering-copilot\Platform.Engineering.Copilot.sln]
C:\projects\platform-engineering-copilot\src\Platform.Engineering.Copilot.Mcp\Platform.Engineering.Copilot.Mcp.csproj : warning NU1608: Detected package version outside of dependency constraint: Microsoft.SemanticKernel.Connectors.OpenAI 1.26.0 requires OpenAI (= 2.1.0-beta.1) but version OpenAI 2.2.0-beta.4 was resolved. [C:\projects\platform-engineering-copilot\Platform.Engineering.Copilot.sln]
C:\projects\platform-engineering-copilot\src\Platform.Engineering.Copilot.Mcp\Platform.Engineering.Copilot.Mcp.csproj : warning NU1902: Package 'MessagePack' 2.5.108 has a known moderate severity vulnerability, https://github.com/advisories/GHSA-2f33-pr97-265q [C:\projects\platform-engineering-copilot\Platform.Engineering.Copilot.sln]
C:\projects\platform-engineering-copilot\src\Platform.Engineering.Copilot.Mcp\Platform.Engineering.Copilot.Mcp.csproj : warning NU1902: Package 'MessagePack' 2.5.108 has a known moderate severity vulnerability, https://github.com/advisories/GHSA-2x83-8g95-xh59 [C:\projects\platform-engineering-copilot\Platform.Engineering.Copilot.sln]
C:\projects\platform-engineering-copilot\src\Platform.Engineering.Copilot.Mcp\Platform.Engineering.Copilot.Mcp.csproj : warning NU1902: Package 'MessagePack' 2.5.108 has a known moderate severity vulnerability, https://github.com/advisories/GHSA-4qm4-8hg2-g2xm [C:\projects\platform-engineering-copilot\Platform.Engineering.Copilot.sln]
C:\projects\platform-engineering-copilot\src\Platform.Engineering.Copilot.Mcp\Platform.Engineering.Copilot.Mcp.csproj : warning NU1902: Package 'MessagePack' 2.5.108 has a known moderate severity vulnerability, https://github.com/advisories/GHSA-cj9g-3mj2-g8vv [C:\projects\platform-engineering-copilot\Platform.Engineering.Copilot.sln]
C:\projects\platform-engineering-copilot\src\Platform.Engineering.Copilot.Mcp\Platform.Engineering.Copilot.Mcp.csproj : warning NU1902: Package 'MessagePack' 2.5.108 has a known moderate severity vulnerability, https://github.com/advisories/GHSA-cxmj-83gh-fp49 [C:\projects\platform-engineering-copilot\Platform.Engineering.Copilot.sln]
C:\projects\platform-engineering-copilot\src\Platform.Engineering.Copilot.Mcp\Platform.Engineering.Copilot.Mcp.csproj : warning NU1903: Package 'MessagePack' 2.5.108 has a known high severity vulnerability, https://github.com/advisories/GHSA-hv8m-jj95-wg3x [C:\projects\platform-engineering-copilot\Platform.Engineering.Copilot.sln]
C:\projects\platform-engineering-copilot\src\Platform.Engineering.Copilot.Mcp\Platform.Engineering.Copilot.Mcp.csproj : warning NU1902: Package 'MessagePack' 2.5.108 has a known moderate severity vulnerability, https://github.com/advisories/GHSA-q2h6-ghwm-5qm8 [C:\projects\platform-engineering-copilot\Platform.Engineering.Copilot.sln]
C:\projects\platform-engineering-copilot\src\Platform.Engineering.Copilot.Mcp\Platform.Engineering.Copilot.Mcp.csproj : warning NU1902: Package 'MessagePack' 2.5.108 has a known moderate severity vulnerability, https://github.com/advisories/GHSA-qhmf-xw27-6rqr [C:\projects\platform-engineering-copilot\Platform.Engineering.Copilot.sln]
C:\projects\platform-engineering-copilot\src\Platform.Engineering.Copilot.Mcp\Platform.Engineering.Copilot.Mcp.csproj : warning NU1902: Package 'MessagePack' 2.5.108 has a known moderate severity vulnerability, https://github.com/advisories/GHSA-v72x-2h86-7f8m [C:\projects\platform-engineering-copilot\Platform.Engineering.Copilot.sln]
C:\projects\platform-engineering-copilot\src\Platform.Engineering.Copilot.Mcp\Platform.Engineering.Copilot.Mcp.csproj : warning NU1903: Package 'MessagePack' 2.5.108 has a known high severity vulnerability, https://github.com/advisories/GHSA-vh6j-jc39-fggf [C:\projects\platform-engineering-copilot\Platform.Engineering.Copilot.sln]
C:\projects\platform-engineering-copilot\src\Platform.Engineering.Copilot.Mcp\Platform.Engineering.Copilot.Mcp.csproj : warning NU1902: Package 'MessagePack' 2.5.108 has a known moderate severity vulnerability, https://github.com/advisories/GHSA-w567-gjr2-hm5j [C:\projects\platform-engineering-copilot\Platform.Engineering.Copilot.sln]
C:\projects\platform-engineering-copilot\src\Platform.Engineering.Copilot.Mcp\Platform.Engineering.Copilot.Mcp.csproj : warning NU1902: Package 'MessagePack' 2.5.108 has a known moderate severity vulnerability, https://github.com/advisories/GHSA-wfr3-xj75-pfwh [C:\projects\platform-engineering-copilot\Platform.Engineering.Copilot.sln]
C:\projects\platform-engineering-copilot\src\Platform.Engineering.Copilot.Mcp\Platform.Engineering.Copilot.Mcp.csproj : warning NU1903: Package 'Microsoft.Kiota.Abstractions' 1.13.0 has a known high severity vulnerability, https://github.com/advisories/GHSA-7j59-v9qr-6fq9 [C:\projects\platform-engineering-copilot\Platform.Engineering.Copilot.sln]
C:\projects\platform-engineering-copilot\src\Platform.Engineering.Copilot.Mcp\Platform.Engineering.Copilot.Mcp.csproj : warning NU1902: Package 'Microsoft.Rest.ClientRuntime' 2.3.20 has a known moderate severity vulnerability, https://github.com/advisories/GHSA-whph-446h-6m9v [C:\projects\platform-engineering-copilot\Platform.Engineering.Copilot.sln]
C:\projects\platform-engineering-copilot\src\Platform.Engineering.Copilot.Mcp\Platform.Engineering.Copilot.Mcp.csproj : warning NU1904: Package 'Microsoft.SemanticKernel.Core' 1.26.0 has a known critical severity vulnerability, https://github.com/advisories/GHSA-2ww3-72rp-wpp4 [C:\projects\platform-engineering-copilot\Platform.Engineering.Copilot.sln]
C:\projects\platform-engineering-copilot\src\Platform.Engineering.Copilot.Mcp\Platform.Engineering.Copilot.Mcp.csproj : warning NU1902: Package 'OpenTelemetry.Api' 1.8.1 has a known moderate severity vulnerability, https://github.com/advisories/GHSA-g94r-2vxg-569j [C:\projects\platform-engineering-copilot\Platform.Engineering.Copilot.sln]
C:\projects\platform-engineering-copilot\src\Platform.Engineering.Copilot.Mcp\Platform.Engineering.Copilot.Mcp.csproj : warning NU1903: Package 'System.Security.Cryptography.Xml' 9.0.0 has a known high severity vulnerability, https://github.com/advisories/GHSA-23rf-6693-g89p [C:\projects\platform-engineering-copilot\Platform.Engineering.Copilot.sln]
C:\projects\platform-engineering-copilot\src\Platform.Engineering.Copilot.Mcp\Platform.Engineering.Copilot.Mcp.csproj : warning NU1903: Package 'System.Security.Cryptography.Xml' 9.0.0 has a known high severity vulnerability, https://github.com/advisories/GHSA-37gx-xxp4-5rgx [C:\projects\platform-engineering-copilot\Platform.Engineering.Copilot.sln]
C:\projects\platform-engineering-copilot\src\Platform.Engineering.Copilot.Mcp\Platform.Engineering.Copilot.Mcp.csproj : warning NU1903: Package 'System.Security.Cryptography.Xml' 9.0.0 has a known high severity vulnerability, https://github.com/advisories/GHSA-6588-8gv4-xfgh [C:\projects\platform-engineering-copilot\Platform.Engineering.Copilot.sln]
C:\projects\platform-engineering-copilot\src\Platform.Engineering.Copilot.Mcp\Platform.Engineering.Copilot.Mcp.csproj : warning NU1903: Package 'System.Security.Cryptography.Xml' 9.0.0 has a known high severity vulnerability, https://github.com/advisories/GHSA-8q5v-6pqq-x66h [C:\projects\platform-engineering-copilot\Platform.Engineering.Copilot.sln]
C:\projects\platform-engineering-copilot\src\Platform.Engineering.Copilot.Mcp\Platform.Engineering.Copilot.Mcp.csproj : warning NU1903: Package 'System.Security.Cryptography.Xml' 9.0.0 has a known high severity vulnerability, https://github.com/advisories/GHSA-cvvh-rhrc-wg4q [C:\projects\platform-engineering-copilot\Platform.Engineering.Copilot.sln]
C:\projects\platform-engineering-copilot\src\Platform.Engineering.Copilot.Mcp\Platform.Engineering.Copilot.Mcp.csproj : warning NU1903: Package 'System.Security.Cryptography.Xml' 9.0.0 has a known high severity vulnerability, https://github.com/advisories/GHSA-g8r8-53c2-pm3f [C:\projects\platform-engineering-copilot\Platform.Engineering.Copilot.sln]
C:\projects\platform-engineering-copilot\src\Platform.Engineering.Copilot.Mcp\Platform.Engineering.Copilot.Mcp.csproj : warning NU1903: Package 'System.Security.Cryptography.Xml' 9.0.0 has a known high severity vulnerability, https://github.com/advisories/GHSA-mmjf-rqrv-855v [C:\projects\platform-engineering-copilot\Platform.Engineering.Copilot.sln]
C:\projects\platform-engineering-copilot\src\Platform.Engineering.Copilot.Mcp\Platform.Engineering.Copilot.Mcp.csproj : warning NU1903: Package 'System.Security.Cryptography.Xml' 9.0.0 has a known high severity vulnerability, https://github.com/advisories/GHSA-w3x6-4m5h-cxqf [C:\projects\platform-engineering-copilot\Platform.Engineering.Copilot.sln]
C:\projects\platform-engineering-copilot\tests\Platform.Engineering.Copilot.Core.Tests\Platform.Engineering.Copilot.Core.Tests.csproj : warning NU1902: Package 'MessagePack' 2.5.108 has a known moderate severity vulnerability, https://github.com/advisories/GHSA-2f33-pr97-265q
C:\projects\platform-engineering-copilot\tests\Platform.Engineering.Copilot.Core.Tests\Platform.Engineering.Copilot.Core.Tests.csproj : warning NU1902: Package 'MessagePack' 2.5.108 has a known moderate severity vulnerability, https://github.com/advisories/GHSA-2x83-8g95-xh59
C:\projects\platform-engineering-copilot\tests\Platform.Engineering.Copilot.Core.Tests\Platform.Engineering.Copilot.Core.Tests.csproj : warning NU1902: Package 'MessagePack' 2.5.108 has a known moderate severity vulnerability, https://github.com/advisories/GHSA-4qm4-8hg2-g2xm
C:\projects\platform-engineering-copilot\tests\Platform.Engineering.Copilot.Core.Tests\Platform.Engineering.Copilot.Core.Tests.csproj : warning NU1902: Package 'MessagePack' 2.5.108 has a known moderate severity vulnerability, https://github.com/advisories/GHSA-cj9g-3mj2-g8vv
C:\projects\platform-engineering-copilot\tests\Platform.Engineering.Copilot.Core.Tests\Platform.Engineering.Copilot.Core.Tests.csproj : warning NU1902: Package 'MessagePack' 2.5.108 has a known moderate severity vulnerability, https://github.com/advisories/GHSA-cxmj-83gh-fp49
C:\projects\platform-engineering-copilot\tests\Platform.Engineering.Copilot.Core.Tests\Platform.Engineering.Copilot.Core.Tests.csproj : warning NU1903: Package 'MessagePack' 2.5.108 has a known high severity vulnerability, https://github.com/advisories/GHSA-hv8m-jj95-wg3x
C:\projects\platform-engineering-copilot\tests\Platform.Engineering.Copilot.Core.Tests\Platform.Engineering.Copilot.Core.Tests.csproj : warning NU1902: Package 'MessagePack' 2.5.108 has a known moderate severity vulnerability, https://github.com/advisories/GHSA-q2h6-ghwm-5qm8
C:\projects\platform-engineering-copilot\tests\Platform.Engineering.Copilot.Core.Tests\Platform.Engineering.Copilot.Core.Tests.csproj : warning NU1902: Package 'MessagePack' 2.5.108 has a known moderate severity vulnerability, https://github.com/advisories/GHSA-qhmf-xw27-6rqr
C:\projects\platform-engineering-copilot\tests\Platform.Engineering.Copilot.Core.Tests\Platform.Engineering.Copilot.Core.Tests.csproj : warning NU1902: Package 'MessagePack' 2.5.108 has a known moderate severity vulnerability, https://github.com/advisories/GHSA-v72x-2h86-7f8m
C:\projects\platform-engineering-copilot\tests\Platform.Engineering.Copilot.Core.Tests\Platform.Engineering.Copilot.Core.Tests.csproj : warning NU1903: Package 'MessagePack' 2.5.108 has a known high severity vulnerability, https://github.com/advisories/GHSA-vh6j-jc39-fggf
C:\projects\platform-engineering-copilot\tests\Platform.Engineering.Copilot.Core.Tests\Platform.Engineering.Copilot.Core.Tests.csproj : warning NU1902: Package 'MessagePack' 2.5.108 has a known moderate severity vulnerability, https://github.com/advisories/GHSA-w567-gjr2-hm5j
C:\projects\platform-engineering-copilot\tests\Platform.Engineering.Copilot.Core.Tests\Platform.Engineering.Copilot.Core.Tests.csproj : warning NU1902: Package 'MessagePack' 2.5.108 has a known moderate severity vulnerability, https://github.com/advisories/GHSA-wfr3-xj75-pfwh
C:\projects\platform-engineering-copilot\tests\Platform.Engineering.Copilot.Core.Tests\Platform.Engineering.Copilot.Core.Tests.csproj : warning NU1903: Package 'Microsoft.Kiota.Abstractions' 1.13.0 has a known high severity vulnerability, https://github.com/advisories/GHSA-7j59-v9qr-6fq9
C:\projects\platform-engineering-copilot\tests\Platform.Engineering.Copilot.Core.Tests\Platform.Engineering.Copilot.Core.Tests.csproj : warning NU1902: Package 'Microsoft.Rest.ClientRuntime' 2.3.20 has a known moderate severity vulnerability, https://github.com/advisories/GHSA-whph-446h-6m9v
C:\projects\platform-engineering-copilot\tests\Platform.Engineering.Copilot.Core.Tests\Platform.Engineering.Copilot.Core.Tests.csproj : warning NU1904: Package 'Microsoft.SemanticKernel.Core' 1.26.0 has a known critical severity vulnerability, https://github.com/advisories/GHSA-2ww3-72rp-wpp4
C:\projects\platform-engineering-copilot\tests\Platform.Engineering.Copilot.Core.Tests\Platform.Engineering.Copilot.Core.Tests.csproj : warning NU1903: Package 'System.IO.Packaging' 8.0.0 has a known high severity vulnerability, https://github.com/advisories/GHSA-f32c-w444-8ppv
C:\projects\platform-engineering-copilot\tests\Platform.Engineering.Copilot.Core.Tests\Platform.Engineering.Copilot.Core.Tests.csproj : warning NU1903: Package 'System.IO.Packaging' 8.0.0 has a known high severity vulnerability, https://github.com/advisories/GHSA-qj66-m88j-hmgj
C:\projects\platform-engineering-copilot\tests\Platform.Engineering.Copilot.Core.Tests\Platform.Engineering.Copilot.Core.Tests.csproj : warning NU1903: Package 'System.Security.Cryptography.Xml' 9.0.0 has a known high severity vulnerability, https://github.com/advisories/GHSA-23rf-6693-g89p
C:\projects\platform-engineering-copilot\tests\Platform.Engineering.Copilot.Core.Tests\Platform.Engineering.Copilot.Core.Tests.csproj : warning NU1903: Package 'System.Security.Cryptography.Xml' 9.0.0 has a known high severity vulnerability, https://github.com/advisories/GHSA-37gx-xxp4-5rgx
C:\projects\platform-engineering-copilot\tests\Platform.Engineering.Copilot.Core.Tests\Platform.Engineering.Copilot.Core.Tests.csproj : warning NU1903: Package 'System.Security.Cryptography.Xml' 9.0.0 has a known high severity vulnerability, https://github.com/advisories/GHSA-6588-8gv4-xfgh
C:\projects\platform-engineering-copilot\tests\Platform.Engineering.Copilot.Core.Tests\Platform.Engineering.Copilot.Core.Tests.csproj : warning NU1903: Package 'System.Security.Cryptography.Xml' 9.0.0 has a known high severity vulnerability, https://github.com/advisories/GHSA-8q5v-6pqq-x66h
C:\projects\platform-engineering-copilot\tests\Platform.Engineering.Copilot.Core.Tests\Platform.Engineering.Copilot.Core.Tests.csproj : warning NU1903: Package 'System.Security.Cryptography.Xml' 9.0.0 has a known high severity vulnerability, https://github.com/advisories/GHSA-cvvh-rhrc-wg4q
C:\projects\platform-engineering-copilot\tests\Platform.Engineering.Copilot.Core.Tests\Platform.Engineering.Copilot.Core.Tests.csproj : warning NU1903: Package 'System.Security.Cryptography.Xml' 9.0.0 has a known high severity vulnerability, https://github.com/advisories/GHSA-g8r8-53c2-pm3f
C:\projects\platform-engineering-copilot\tests\Platform.Engineering.Copilot.Core.Tests\Platform.Engineering.Copilot.Core.Tests.csproj : warning NU1903: Package 'System.Security.Cryptography.Xml' 9.0.0 has a known high severity vulnerability, https://github.com/advisories/GHSA-mmjf-rqrv-855v
C:\projects\platform-engineering-copilot\tests\Platform.Engineering.Copilot.Core.Tests\Platform.Engineering.Copilot.Core.Tests.csproj : warning NU1903: Package 'System.Security.Cryptography.Xml' 9.0.0 has a known high severity vulnerability, https://github.com/advisories/GHSA-w3x6-4m5h-cxqf
C:\projects\platform-engineering-copilot\src\Platform.Engineering.Copilot.Mcp\Platform.Engineering.Copilot.Mcp.csproj : warning NU1510: PackageReference System.Text.Json will not be pruned. This package is automatically available and does not need to be referenced explicitly. Remove the PackageReference item.
C:\projects\platform-engineering-copilot\src\Platform.Engineering.Copilot.Channels\Platform.Engineering.Copilot.Channels.csproj : warning NU1510: PackageReference System.Text.Json will not be pruned. This package is automatically available and does not need to be referenced explicitly. Remove the PackageReference item.
C:\projects\platform-engineering-copilot\src\Platform.Engineering.Copilot.Mcp\Platform.Engineering.Copilot.Mcp.csproj : warning NU1608: Detected package version outside of dependency constraint: Microsoft.SemanticKernel.Connectors.AzureOpenAI 1.26.0 requires Azure.AI.OpenAI (= 2.1.0-beta.1) but version Azure.AI.OpenAI 2.1.0 was resolved.
C:\projects\platform-engineering-copilot\src\Platform.Engineering.Copilot.Channels\Platform.Engineering.Copilot.Channels.csproj : warning NU1903: Package 'Newtonsoft.Json' 11.0.2 has a known high severity vulnerability, https://github.com/advisories/GHSA-5crp-9r3c-p9vr
C:\projects\platform-engineering-copilot\src\Platform.Engineering.Copilot.Mcp\Platform.Engineering.Copilot.Mcp.csproj : warning NU1608: Detected package version outside of dependency constraint: Microsoft.SemanticKernel.Connectors.OpenAI 1.26.0 requires OpenAI (= 2.1.0-beta.1) but version OpenAI 2.2.0-beta.4 was resolved.
C:\projects\platform-engineering-copilot\src\Platform.Engineering.Copilot.Mcp\Platform.Engineering.Copilot.Mcp.csproj : warning NU1902: Package 'MessagePack' 2.5.108 has a known moderate severity vulnerability, https://github.com/advisories/GHSA-2f33-pr97-265q
C:\projects\platform-engineering-copilot\src\Platform.Engineering.Copilot.Mcp\Platform.Engineering.Copilot.Mcp.csproj : warning NU1902: Package 'MessagePack' 2.5.108 has a known moderate severity vulnerability, https://github.com/advisories/GHSA-2x83-8g95-xh59
C:\projects\platform-engineering-copilot\src\Platform.Engineering.Copilot.Mcp\Platform.Engineering.Copilot.Mcp.csproj : warning NU1902: Package 'MessagePack' 2.5.108 has a known moderate severity vulnerability, https://github.com/advisories/GHSA-4qm4-8hg2-g2xm
C:\projects\platform-engineering-copilot\src\Platform.Engineering.Copilot.Mcp\Platform.Engineering.Copilot.Mcp.csproj : warning NU1902: Package 'MessagePack' 2.5.108 has a known moderate severity vulnerability, https://github.com/advisories/GHSA-cj9g-3mj2-g8vv
C:\projects\platform-engineering-copilot\src\Platform.Engineering.Copilot.Mcp\Platform.Engineering.Copilot.Mcp.csproj : warning NU1902: Package 'MessagePack' 2.5.108 has a known moderate severity vulnerability, https://github.com/advisories/GHSA-cxmj-83gh-fp49
C:\projects\platform-engineering-copilot\src\Platform.Engineering.Copilot.Mcp\Platform.Engineering.Copilot.Mcp.csproj : warning NU1903: Package 'MessagePack' 2.5.108 has a known high severity vulnerability, https://github.com/advisories/GHSA-hv8m-jj95-wg3x
C:\projects\platform-engineering-copilot\src\Platform.Engineering.Copilot.Mcp\Platform.Engineering.Copilot.Mcp.csproj : warning NU1902: Package 'MessagePack' 2.5.108 has a known moderate severity vulnerability, https://github.com/advisories/GHSA-q2h6-ghwm-5qm8
C:\projects\platform-engineering-copilot\src\Platform.Engineering.Copilot.Mcp\Platform.Engineering.Copilot.Mcp.csproj : warning NU1902: Package 'MessagePack' 2.5.108 has a known moderate severity vulnerability, https://github.com/advisories/GHSA-qhmf-xw27-6rqr
C:\projects\platform-engineering-copilot\src\Platform.Engineering.Copilot.Mcp\Platform.Engineering.Copilot.Mcp.csproj : warning NU1902: Package 'MessagePack' 2.5.108 has a known moderate severity vulnerability, https://github.com/advisories/GHSA-v72x-2h86-7f8m
C:\projects\platform-engineering-copilot\src\Platform.Engineering.Copilot.Mcp\Platform.Engineering.Copilot.Mcp.csproj : warning NU1903: Package 'MessagePack' 2.5.108 has a known high severity vulnerability, https://github.com/advisories/GHSA-vh6j-jc39-fggf
C:\projects\platform-engineering-copilot\src\Platform.Engineering.Copilot.Mcp\Platform.Engineering.Copilot.Mcp.csproj : warning NU1902: Package 'MessagePack' 2.5.108 has a known moderate severity vulnerability, https://github.com/advisories/GHSA-w567-gjr2-hm5j
C:\projects\platform-engineering-copilot\src\Platform.Engineering.Copilot.Mcp\Platform.Engineering.Copilot.Mcp.csproj : warning NU1902: Package 'MessagePack' 2.5.108 has a known moderate severity vulnerability, https://github.com/advisories/GHSA-wfr3-xj75-pfwh
C:\projects\platform-engineering-copilot\src\Platform.Engineering.Copilot.Mcp\Platform.Engineering.Copilot.Mcp.csproj : warning NU1903: Package 'Microsoft.Kiota.Abstractions' 1.13.0 has a known high severity vulnerability, https://github.com/advisories/GHSA-7j59-v9qr-6fq9
C:\projects\platform-engineering-copilot\src\Platform.Engineering.Copilot.Mcp\Platform.Engineering.Copilot.Mcp.csproj : warning NU1902: Package 'Microsoft.Rest.ClientRuntime' 2.3.20 has a known moderate severity vulnerability, https://github.com/advisories/GHSA-whph-446h-6m9v
C:\projects\platform-engineering-copilot\src\Platform.Engineering.Copilot.Mcp\Platform.Engineering.Copilot.Mcp.csproj : warning NU1904: Package 'Microsoft.SemanticKernel.Core' 1.26.0 has a known critical severity vulnerability, https://github.com/advisories/GHSA-2ww3-72rp-wpp4
C:\projects\platform-engineering-copilot\src\Platform.Engineering.Copilot.Mcp\Platform.Engineering.Copilot.Mcp.csproj : warning NU1902: Package 'OpenTelemetry.Api' 1.8.1 has a known moderate severity vulnerability, https://github.com/advisories/GHSA-g94r-2vxg-569j
C:\projects\platform-engineering-copilot\src\Platform.Engineering.Copilot.Mcp\Platform.Engineering.Copilot.Mcp.csproj : warning NU1903: Package 'System.Security.Cryptography.Xml' 9.0.0 has a known high severity vulnerability, https://github.com/advisories/GHSA-23rf-6693-g89p
C:\projects\platform-engineering-copilot\src\Platform.Engineering.Copilot.Mcp\Platform.Engineering.Copilot.Mcp.csproj : warning NU1903: Package 'System.Security.Cryptography.Xml' 9.0.0 has a known high severity vulnerability, https://github.com/advisories/GHSA-37gx-xxp4-5rgx
C:\projects\platform-engineering-copilot\src\Platform.Engineering.Copilot.Mcp\Platform.Engineering.Copilot.Mcp.csproj : warning NU1903: Package 'System.Security.Cryptography.Xml' 9.0.0 has a known high severity vulnerability, https://github.com/advisories/GHSA-6588-8gv4-xfgh
C:\projects\platform-engineering-copilot\src\Platform.Engineering.Copilot.Mcp\Platform.Engineering.Copilot.Mcp.csproj : warning NU1903: Package 'System.Security.Cryptography.Xml' 9.0.0 has a known high severity vulnerability, https://github.com/advisories/GHSA-8q5v-6pqq-x66h
C:\projects\platform-engineering-copilot\src\Platform.Engineering.Copilot.Mcp\Platform.Engineering.Copilot.Mcp.csproj : warning NU1903: Package 'System.Security.Cryptography.Xml' 9.0.0 has a known high severity vulnerability, https://github.com/advisories/GHSA-cvvh-rhrc-wg4q
C:\projects\platform-engineering-copilot\src\Platform.Engineering.Copilot.Mcp\Platform.Engineering.Copilot.Mcp.csproj : warning NU1903: Package 'System.Security.Cryptography.Xml' 9.0.0 has a known high severity vulnerability, https://github.com/advisories/GHSA-g8r8-53c2-pm3f
C:\projects\platform-engineering-copilot\src\Platform.Engineering.Copilot.Mcp\Platform.Engineering.Copilot.Mcp.csproj : warning NU1903: Package 'System.Security.Cryptography.Xml' 9.0.0 has a known high severity vulnerability, https://github.com/advisories/GHSA-mmjf-rqrv-855v
C:\projects\platform-engineering-copilot\src\Platform.Engineering.Copilot.Mcp\Platform.Engineering.Copilot.Mcp.csproj : warning NU1903: Package 'System.Security.Cryptography.Xml' 9.0.0 has a known high severity vulnerability, https://github.com/advisories/GHSA-w3x6-4m5h-cxqf
C:\projects\platform-engineering-copilot\src\Platform.Engineering.Copilot.Agents\Platform.Engineering.Copilot.Agents.csproj : warning NU1608: Detected package version outside of dependency constraint: Microsoft.SemanticKernel.Connectors.AzureOpenAI 1.26.0 requires Azure.AI.OpenAI (= 2.1.0-beta.1) but version Azure.AI.OpenAI 2.1.0 was resolved.
C:\projects\platform-engineering-copilot\src\Platform.Engineering.Copilot.Agents\Platform.Engineering.Copilot.Agents.csproj : warning NU1608: Detected package version outside of dependency constraint: Microsoft.SemanticKernel.Connectors.OpenAI 1.26.0 requires OpenAI (= 2.1.0-beta.1) but version OpenAI 2.2.0-beta.4 was resolved.
C:\projects\platform-engineering-copilot\src\Platform.Engineering.Copilot.Agents\Platform.Engineering.Copilot.Agents.csproj : warning NU1902: Package 'MessagePack' 2.5.108 has a known moderate severity vulnerability, https://github.com/advisories/GHSA-2f33-pr97-265q
C:\projects\platform-engineering-copilot\src\Platform.Engineering.Copilot.Agents\Platform.Engineering.Copilot.Agents.csproj : warning NU1902: Package 'MessagePack' 2.5.108 has a known moderate severity vulnerability, https://github.com/advisories/GHSA-2x83-8g95-xh59
C:\projects\platform-engineering-copilot\src\Platform.Engineering.Copilot.Agents\Platform.Engineering.Copilot.Agents.csproj : warning NU1902: Package 'MessagePack' 2.5.108 has a known moderate severity vulnerability, https://github.com/advisories/GHSA-4qm4-8hg2-g2xm
C:\projects\platform-engineering-copilot\src\Platform.Engineering.Copilot.Agents\Platform.Engineering.Copilot.Agents.csproj : warning NU1902: Package 'MessagePack' 2.5.108 has a known moderate severity vulnerability, https://github.com/advisories/GHSA-cj9g-3mj2-g8vv
C:\projects\platform-engineering-copilot\src\Platform.Engineering.Copilot.Agents\Platform.Engineering.Copilot.Agents.csproj : warning NU1902: Package 'MessagePack' 2.5.108 has a known moderate severity vulnerability, https://github.com/advisories/GHSA-cxmj-83gh-fp49
C:\projects\platform-engineering-copilot\src\Platform.Engineering.Copilot.Agents\Platform.Engineering.Copilot.Agents.csproj : warning NU1903: Package 'MessagePack' 2.5.108 has a known high severity vulnerability, https://github.com/advisories/GHSA-hv8m-jj95-wg3x
C:\projects\platform-engineering-copilot\src\Platform.Engineering.Copilot.Agents\Platform.Engineering.Copilot.Agents.csproj : warning NU1902: Package 'MessagePack' 2.5.108 has a known moderate severity vulnerability, https://github.com/advisories/GHSA-q2h6-ghwm-5qm8
C:\projects\platform-engineering-copilot\src\Platform.Engineering.Copilot.Agents\Platform.Engineering.Copilot.Agents.csproj : warning NU1902: Package 'MessagePack' 2.5.108 has a known moderate severity vulnerability, https://github.com/advisories/GHSA-qhmf-xw27-6rqr
C:\projects\platform-engineering-copilot\src\Platform.Engineering.Copilot.Agents\Platform.Engineering.Copilot.Agents.csproj : warning NU1902: Package 'MessagePack' 2.5.108 has a known moderate severity vulnerability, https://github.com/advisories/GHSA-v72x-2h86-7f8m
C:\projects\platform-engineering-copilot\src\Platform.Engineering.Copilot.Agents\Platform.Engineering.Copilot.Agents.csproj : warning NU1903: Package 'MessagePack' 2.5.108 has a known high severity vulnerability, https://github.com/advisories/GHSA-vh6j-jc39-fggf
C:\projects\platform-engineering-copilot\src\Platform.Engineering.Copilot.Agents\Platform.Engineering.Copilot.Agents.csproj : warning NU1902: Package 'MessagePack' 2.5.108 has a known moderate severity vulnerability, https://github.com/advisories/GHSA-w567-gjr2-hm5j
C:\projects\platform-engineering-copilot\src\Platform.Engineering.Copilot.Agents\Platform.Engineering.Copilot.Agents.csproj : warning NU1902: Package 'MessagePack' 2.5.108 has a known moderate severity vulnerability, https://github.com/advisories/GHSA-wfr3-xj75-pfwh
C:\projects\platform-engineering-copilot\src\Platform.Engineering.Copilot.Agents\Platform.Engineering.Copilot.Agents.csproj : warning NU1903: Package 'Microsoft.Kiota.Abstractions' 1.13.0 has a known high severity vulnerability, https://github.com/advisories/GHSA-7j59-v9qr-6fq9
C:\projects\platform-engineering-copilot\src\Platform.Engineering.Copilot.Agents\Platform.Engineering.Copilot.Agents.csproj : warning NU1902: Package 'Microsoft.Rest.ClientRuntime' 2.3.20 has a known moderate severity vulnerability, https://github.com/advisories/GHSA-whph-446h-6m9v
C:\projects\platform-engineering-copilot\src\Platform.Engineering.Copilot.Agents\Platform.Engineering.Copilot.Agents.csproj : warning NU1904: Package 'Microsoft.SemanticKernel.Core' 1.26.0 has a known critical severity vulnerability, https://github.com/advisories/GHSA-2ww3-72rp-wpp4
C:\projects\platform-engineering-copilot\src\Platform.Engineering.Copilot.Agents\Platform.Engineering.Copilot.Agents.csproj : warning NU1903: Package 'System.Security.Cryptography.Xml' 9.0.0 has a known high severity vulnerability, https://github.com/advisories/GHSA-23rf-6693-g89p
C:\projects\platform-engineering-copilot\src\Platform.Engineering.Copilot.Agents\Platform.Engineering.Copilot.Agents.csproj : warning NU1903: Package 'System.Security.Cryptography.Xml' 9.0.0 has a known high severity vulnerability, https://github.com/advisories/GHSA-37gx-xxp4-5rgx
C:\projects\platform-engineering-copilot\src\Platform.Engineering.Copilot.Agents\Platform.Engineering.Copilot.Agents.csproj : warning NU1903: Package 'System.Security.Cryptography.Xml' 9.0.0 has a known high severity vulnerability, https://github.com/advisories/GHSA-6588-8gv4-xfgh
C:\projects\platform-engineering-copilot\src\Platform.Engineering.Copilot.Agents\Platform.Engineering.Copilot.Agents.csproj : warning NU1903: Package 'System.Security.Cryptography.Xml' 9.0.0 has a known high severity vulnerability, https://github.com/advisories/GHSA-8q5v-6pqq-x66h
C:\projects\platform-engineering-copilot\src\Platform.Engineering.Copilot.Agents\Platform.Engineering.Copilot.Agents.csproj : warning NU1903: Package 'System.Security.Cryptography.Xml' 9.0.0 has a known high severity vulnerability, https://github.com/advisories/GHSA-cvvh-rhrc-wg4q
C:\projects\platform-engineering-copilot\src\Platform.Engineering.Copilot.Agents\Platform.Engineering.Copilot.Agents.csproj : warning NU1903: Package 'System.Security.Cryptography.Xml' 9.0.0 has a known high severity vulnerability, https://github.com/advisories/GHSA-g8r8-53c2-pm3f
C:\projects\platform-engineering-copilot\src\Platform.Engineering.Copilot.Agents\Platform.Engineering.Copilot.Agents.csproj : warning NU1903: Package 'System.Security.Cryptography.Xml' 9.0.0 has a known high severity vulnerability, https://github.com/advisories/GHSA-mmjf-rqrv-855v
C:\projects\platform-engineering-copilot\src\Platform.Engineering.Copilot.Agents\Platform.Engineering.Copilot.Agents.csproj : warning NU1903: Package 'System.Security.Cryptography.Xml' 9.0.0 has a known high severity vulnerability, https://github.com/advisories/GHSA-w3x6-4m5h-cxqf
C:\projects\platform-engineering-copilot\src\Platform.Engineering.Copilot.State\Platform.Engineering.Copilot.State.csproj : warning NU1510: PackageReference System.Text.Json will not be pruned. This package is automatically available and does not need to be referenced explicitly. Remove the PackageReference item.
C:\projects\platform-engineering-copilot\tests\Platform.Engineering.Copilot.Chat.Tests\Platform.Engineering.Copilot.Chat.Tests.csproj : warning NU1608: Detected package version outside of dependency constraint: Microsoft.SemanticKernel.Connectors.AzureOpenAI 1.26.0 requires Azure.AI.OpenAI (= 2.1.0-beta.1) but version Azure.AI.OpenAI 2.1.0 was resolved.
C:\projects\platform-engineering-copilot\tests\Platform.Engineering.Copilot.Chat.Tests\Platform.Engineering.Copilot.Chat.Tests.csproj : warning NU1608: Detected package version outside of dependency constraint: Microsoft.SemanticKernel.Connectors.OpenAI 1.26.0 requires OpenAI (= 2.1.0-beta.1) but version OpenAI 2.2.0-beta.4 was resolved.
C:\projects\platform-engineering-copilot\tests\Platform.Engineering.Copilot.Chat.Tests\Platform.Engineering.Copilot.Chat.Tests.csproj : warning NU1902: Package 'MessagePack' 2.5.108 has a known moderate severity vulnerability, https://github.com/advisories/GHSA-2f33-pr97-265q
C:\projects\platform-engineering-copilot\tests\Platform.Engineering.Copilot.Chat.Tests\Platform.Engineering.Copilot.Chat.Tests.csproj : warning NU1902: Package 'MessagePack' 2.5.108 has a known moderate severity vulnerability, https://github.com/advisories/GHSA-2x83-8g95-xh59
C:\projects\platform-engineering-copilot\tests\Platform.Engineering.Copilot.Chat.Tests\Platform.Engineering.Copilot.Chat.Tests.csproj : warning NU1902: Package 'MessagePack' 2.5.108 has a known moderate severity vulnerability, https://github.com/advisories/GHSA-4qm4-8hg2-g2xm
C:\projects\platform-engineering-copilot\tests\Platform.Engineering.Copilot.Chat.Tests\Platform.Engineering.Copilot.Chat.Tests.csproj : warning NU1902: Package 'MessagePack' 2.5.108 has a known moderate severity vulnerability, https://github.com/advisories/GHSA-cj9g-3mj2-g8vv
C:\projects\platform-engineering-copilot\tests\Platform.Engineering.Copilot.Chat.Tests\Platform.Engineering.Copilot.Chat.Tests.csproj : warning NU1902: Package 'MessagePack' 2.5.108 has a known moderate severity vulnerability, https://github.com/advisories/GHSA-cxmj-83gh-fp49
C:\projects\platform-engineering-copilot\tests\Platform.Engineering.Copilot.Chat.Tests\Platform.Engineering.Copilot.Chat.Tests.csproj : warning NU1903: Package 'MessagePack' 2.5.108 has a known high severity vulnerability, https://github.com/advisories/GHSA-hv8m-jj95-wg3x
C:\projects\platform-engineering-copilot\tests\Platform.Engineering.Copilot.Chat.Tests\Platform.Engineering.Copilot.Chat.Tests.csproj : warning NU1902: Package 'MessagePack' 2.5.108 has a known moderate severity vulnerability, https://github.com/advisories/GHSA-q2h6-ghwm-5qm8
C:\projects\platform-engineering-copilot\tests\Platform.Engineering.Copilot.Chat.Tests\Platform.Engineering.Copilot.Chat.Tests.csproj : warning NU1902: Package 'MessagePack' 2.5.108 has a known moderate severity vulnerability, https://github.com/advisories/GHSA-qhmf-xw27-6rqr
C:\projects\platform-engineering-copilot\tests\Platform.Engineering.Copilot.Chat.Tests\Platform.Engineering.Copilot.Chat.Tests.csproj : warning NU1902: Package 'MessagePack' 2.5.108 has a known moderate severity vulnerability, https://github.com/advisories/GHSA-v72x-2h86-7f8m
C:\projects\platform-engineering-copilot\tests\Platform.Engineering.Copilot.Chat.Tests\Platform.Engineering.Copilot.Chat.Tests.csproj : warning NU1903: Package 'MessagePack' 2.5.108 has a known high severity vulnerability, https://github.com/advisories/GHSA-vh6j-jc39-fggf
C:\projects\platform-engineering-copilot\tests\Platform.Engineering.Copilot.Chat.Tests\Platform.Engineering.Copilot.Chat.Tests.csproj : warning NU1902: Package 'MessagePack' 2.5.108 has a known moderate severity vulnerability, https://github.com/advisories/GHSA-w567-gjr2-hm5j
C:\projects\platform-engineering-copilot\tests\Platform.Engineering.Copilot.Chat.Tests\Platform.Engineering.Copilot.Chat.Tests.csproj : warning NU1902: Package 'MessagePack' 2.5.108 has a known moderate severity vulnerability, https://github.com/advisories/GHSA-wfr3-xj75-pfwh
C:\projects\platform-engineering-copilot\tests\Platform.Engineering.Copilot.Chat.Tests\Platform.Engineering.Copilot.Chat.Tests.csproj : warning NU1903: Package 'Microsoft.Kiota.Abstractions' 1.13.0 has a known high severity vulnerability, https://github.com/advisories/GHSA-7j59-v9qr-6fq9
C:\projects\platform-engineering-copilot\tests\Platform.Engineering.Copilot.Chat.Tests\Platform.Engineering.Copilot.Chat.Tests.csproj : warning NU1903: Package 'Microsoft.OpenApi' 2.0.0 has a known high severity vulnerability, https://github.com/advisories/GHSA-v5pm-xwqc-g5wc
C:\projects\platform-engineering-copilot\tests\Platform.Engineering.Copilot.Chat.Tests\Platform.Engineering.Copilot.Chat.Tests.csproj : warning NU1902: Package 'Microsoft.Rest.ClientRuntime' 2.3.20 has a known moderate severity vulnerability, https://github.com/advisories/GHSA-whph-446h-6m9v
C:\projects\platform-engineering-copilot\tests\Platform.Engineering.Copilot.Chat.Tests\Platform.Engineering.Copilot.Chat.Tests.csproj : warning NU1904: Package 'Microsoft.SemanticKernel.Core' 1.26.0 has a known critical severity vulnerability, https://github.com/advisories/GHSA-2ww3-72rp-wpp4
C:\projects\platform-engineering-copilot\tests\Platform.Engineering.Copilot.Chat.Tests\Platform.Engineering.Copilot.Chat.Tests.csproj : warning NU1902: Package 'OpenTelemetry.Api' 1.8.1 has a known moderate severity vulnerability, https://github.com/advisories/GHSA-g94r-2vxg-569j
C:\projects\platform-engineering-copilot\tests\Platform.Engineering.Copilot.Chat.Tests\Platform.Engineering.Copilot.Chat.Tests.csproj : warning NU1903: Package 'System.Security.Cryptography.Xml' 9.0.0 has a known high severity vulnerability, https://github.com/advisories/GHSA-23rf-6693-g89p
C:\projects\platform-engineering-copilot\tests\Platform.Engineering.Copilot.Chat.Tests\Platform.Engineering.Copilot.Chat.Tests.csproj : warning NU1903: Package 'System.Security.Cryptography.Xml' 9.0.0 has a known high severity vulnerability, https://github.com/advisories/GHSA-37gx-xxp4-5rgx
C:\projects\platform-engineering-copilot\tests\Platform.Engineering.Copilot.Chat.Tests\Platform.Engineering.Copilot.Chat.Tests.csproj : warning NU1903: Package 'System.Security.Cryptography.Xml' 9.0.0 has a known high severity vulnerability, https://github.com/advisories/GHSA-6588-8gv4-xfgh
C:\projects\platform-engineering-copilot\tests\Platform.Engineering.Copilot.Chat.Tests\Platform.Engineering.Copilot.Chat.Tests.csproj : warning NU1903: Package 'System.Security.Cryptography.Xml' 9.0.0 has a known high severity vulnerability, https://github.com/advisories/GHSA-8q5v-6pqq-x66h
C:\projects\platform-engineering-copilot\tests\Platform.Engineering.Copilot.Chat.Tests\Platform.Engineering.Copilot.Chat.Tests.csproj : warning NU1903: Package 'System.Security.Cryptography.Xml' 9.0.0 has a known high severity vulnerability, https://github.com/advisories/GHSA-cvvh-rhrc-wg4q
C:\projects\platform-engineering-copilot\tests\Platform.Engineering.Copilot.Chat.Tests\Platform.Engineering.Copilot.Chat.Tests.csproj : warning NU1903: Package 'System.Security.Cryptography.Xml' 9.0.0 has a known high severity vulnerability, https://github.com/advisories/GHSA-g8r8-53c2-pm3f
C:\projects\platform-engineering-copilot\tests\Platform.Engineering.Copilot.Chat.Tests\Platform.Engineering.Copilot.Chat.Tests.csproj : warning NU1903: Package 'System.Security.Cryptography.Xml' 9.0.0 has a known high severity vulnerability, https://github.com/advisories/GHSA-mmjf-rqrv-855v
C:\projects\platform-engineering-copilot\tests\Platform.Engineering.Copilot.Chat.Tests\Platform.Engineering.Copilot.Chat.Tests.csproj : warning NU1903: Package 'System.Security.Cryptography.Xml' 9.0.0 has a known high severity vulnerability, https://github.com/advisories/GHSA-w3x6-4m5h-cxqf
C:\projects\platform-engineering-copilot\src\Platform.Engineering.Copilot.Chat\Platform.Engineering.Copilot.Chat.csproj : warning NU1510: PackageReference Microsoft.AspNetCore.SignalR will not be pruned. This package is automatically available and does not need to be referenced explicitly. Remove the PackageReference item.
C:\projects\platform-engineering-copilot\src\Platform.Engineering.Copilot.Chat\Platform.Engineering.Copilot.Chat.csproj : warning NU1510: PackageReference System.Text.Json will not be pruned. This package is automatically available and does not need to be referenced explicitly. Remove the PackageReference item.
C:\projects\platform-engineering-copilot\src\Platform.Engineering.Copilot.Chat\Platform.Engineering.Copilot.Chat.csproj : warning NU1510: PackageReference Microsoft.AspNetCore.Http.Features will not be pruned. This package is automatically available and does not need to be referenced explicitly. Remove the PackageReference item.
C:\projects\platform-engineering-copilot\src\Platform.Engineering.Copilot.Chat\Platform.Engineering.Copilot.Chat.csproj : warning NU1608: Detected package version outside of dependency constraint: Microsoft.SemanticKernel.Connectors.AzureOpenAI 1.26.0 requires Azure.AI.OpenAI (= 2.1.0-beta.1) but version Azure.AI.OpenAI 2.1.0 was resolved.
C:\projects\platform-engineering-copilot\src\Platform.Engineering.Copilot.Chat\Platform.Engineering.Copilot.Chat.csproj : warning NU1608: Detected package version outside of dependency constraint: Microsoft.SemanticKernel.Connectors.OpenAI 1.26.0 requires OpenAI (= 2.1.0-beta.1) but version OpenAI 2.2.0-beta.4 was resolved.
C:\projects\platform-engineering-copilot\src\Platform.Engineering.Copilot.Chat\Platform.Engineering.Copilot.Chat.csproj : warning NU1902: Package 'MessagePack' 2.5.108 has a known moderate severity vulnerability, https://github.com/advisories/GHSA-2f33-pr97-265q
C:\projects\platform-engineering-copilot\src\Platform.Engineering.Copilot.Chat\Platform.Engineering.Copilot.Chat.csproj : warning NU1902: Package 'MessagePack' 2.5.108 has a known moderate severity vulnerability, https://github.com/advisories/GHSA-2x83-8g95-xh59
C:\projects\platform-engineering-copilot\src\Platform.Engineering.Copilot.Chat\Platform.Engineering.Copilot.Chat.csproj : warning NU1902: Package 'MessagePack' 2.5.108 has a known moderate severity vulnerability, https://github.com/advisories/GHSA-4qm4-8hg2-g2xm
C:\projects\platform-engineering-copilot\src\Platform.Engineering.Copilot.Chat\Platform.Engineering.Copilot.Chat.csproj : warning NU1902: Package 'MessagePack' 2.5.108 has a known moderate severity vulnerability, https://github.com/advisories/GHSA-cj9g-3mj2-g8vv
C:\projects\platform-engineering-copilot\src\Platform.Engineering.Copilot.Chat\Platform.Engineering.Copilot.Chat.csproj : warning NU1902: Package 'MessagePack' 2.5.108 has a known moderate severity vulnerability, https://github.com/advisories/GHSA-cxmj-83gh-fp49
C:\projects\platform-engineering-copilot\src\Platform.Engineering.Copilot.Chat\Platform.Engineering.Copilot.Chat.csproj : warning NU1903: Package 'MessagePack' 2.5.108 has a known high severity vulnerability, https://github.com/advisories/GHSA-hv8m-jj95-wg3x
C:\projects\platform-engineering-copilot\src\Platform.Engineering.Copilot.Chat\Platform.Engineering.Copilot.Chat.csproj : warning NU1902: Package 'MessagePack' 2.5.108 has a known moderate severity vulnerability, https://github.com/advisories/GHSA-q2h6-ghwm-5qm8
C:\projects\platform-engineering-copilot\src\Platform.Engineering.Copilot.Chat\Platform.Engineering.Copilot.Chat.csproj : warning NU1902: Package 'MessagePack' 2.5.108 has a known moderate severity vulnerability, https://github.com/advisories/GHSA-qhmf-xw27-6rqr
C:\projects\platform-engineering-copilot\src\Platform.Engineering.Copilot.Chat\Platform.Engineering.Copilot.Chat.csproj : warning NU1902: Package 'MessagePack' 2.5.108 has a known moderate severity vulnerability, https://github.com/advisories/GHSA-v72x-2h86-7f8m
C:\projects\platform-engineering-copilot\src\Platform.Engineering.Copilot.Chat\Platform.Engineering.Copilot.Chat.csproj : warning NU1903: Package 'MessagePack' 2.5.108 has a known high severity vulnerability, https://github.com/advisories/GHSA-vh6j-jc39-fggf
C:\projects\platform-engineering-copilot\src\Platform.Engineering.Copilot.Chat\Platform.Engineering.Copilot.Chat.csproj : warning NU1902: Package 'MessagePack' 2.5.108 has a known moderate severity vulnerability, https://github.com/advisories/GHSA-w567-gjr2-hm5j
C:\projects\platform-engineering-copilot\src\Platform.Engineering.Copilot.Chat\Platform.Engineering.Copilot.Chat.csproj : warning NU1902: Package 'MessagePack' 2.5.108 has a known moderate severity vulnerability, https://github.com/advisories/GHSA-wfr3-xj75-pfwh
C:\projects\platform-engineering-copilot\src\Platform.Engineering.Copilot.Chat\Platform.Engineering.Copilot.Chat.csproj : warning NU1903: Package 'Microsoft.Kiota.Abstractions' 1.13.0 has a known high severity vulnerability, https://github.com/advisories/GHSA-7j59-v9qr-6fq9
C:\projects\platform-engineering-copilot\src\Platform.Engineering.Copilot.Chat\Platform.Engineering.Copilot.Chat.csproj : warning NU1903: Package 'Microsoft.OpenApi' 2.0.0 has a known high severity vulnerability, https://github.com/advisories/GHSA-v5pm-xwqc-g5wc
C:\projects\platform-engineering-copilot\src\Platform.Engineering.Copilot.Chat\Platform.Engineering.Copilot.Chat.csproj : warning NU1902: Package 'Microsoft.Rest.ClientRuntime' 2.3.20 has a known moderate severity vulnerability, https://github.com/advisories/GHSA-whph-446h-6m9v
C:\projects\platform-engineering-copilot\src\Platform.Engineering.Copilot.Chat\Platform.Engineering.Copilot.Chat.csproj : warning NU1904: Package 'Microsoft.SemanticKernel.Core' 1.26.0 has a known critical severity vulnerability, https://github.com/advisories/GHSA-2ww3-72rp-wpp4
C:\projects\platform-engineering-copilot\src\Platform.Engineering.Copilot.Chat\Platform.Engineering.Copilot.Chat.csproj : warning NU1902: Package 'OpenTelemetry.Api' 1.8.1 has a known moderate severity vulnerability, https://github.com/advisories/GHSA-g94r-2vxg-569j
C:\projects\platform-engineering-copilot\tests\Platform.Engineering.Copilot.Mcp.Tests\Platform.Engineering.Copilot.Mcp.Tests.csproj : warning NU1608: Detected package version outside of dependency constraint: Microsoft.SemanticKernel.Connectors.AzureOpenAI 1.26.0 requires Azure.AI.OpenAI (= 2.1.0-beta.1) but version Azure.AI.OpenAI 2.1.0 was resolved.
C:\projects\platform-engineering-copilot\tests\Platform.Engineering.Copilot.Mcp.Tests\Platform.Engineering.Copilot.Mcp.Tests.csproj : warning NU1608: Detected package version outside of dependency constraint: Microsoft.SemanticKernel.Connectors.OpenAI 1.26.0 requires OpenAI (= 2.1.0-beta.1) but version OpenAI 2.2.0-beta.4 was resolved.
C:\projects\platform-engineering-copilot\tests\Platform.Engineering.Copilot.Mcp.Tests\Platform.Engineering.Copilot.Mcp.Tests.csproj : warning NU1902: Package 'MessagePack' 2.5.108 has a known moderate severity vulnerability, https://github.com/advisories/GHSA-2f33-pr97-265q
C:\projects\platform-engineering-copilot\tests\Platform.Engineering.Copilot.Mcp.Tests\Platform.Engineering.Copilot.Mcp.Tests.csproj : warning NU1902: Package 'MessagePack' 2.5.108 has a known moderate severity vulnerability, https://github.com/advisories/GHSA-2x83-8g95-xh59
C:\projects\platform-engineering-copilot\tests\Platform.Engineering.Copilot.Mcp.Tests\Platform.Engineering.Copilot.Mcp.Tests.csproj : warning NU1902: Package 'MessagePack' 2.5.108 has a known moderate severity vulnerability, https://github.com/advisories/GHSA-4qm4-8hg2-g2xm
C:\projects\platform-engineering-copilot\tests\Platform.Engineering.Copilot.Mcp.Tests\Platform.Engineering.Copilot.Mcp.Tests.csproj : warning NU1902: Package 'MessagePack' 2.5.108 has a known moderate severity vulnerability, https://github.com/advisories/GHSA-cj9g-3mj2-g8vv
C:\projects\platform-engineering-copilot\tests\Platform.Engineering.Copilot.Mcp.Tests\Platform.Engineering.Copilot.Mcp.Tests.csproj : warning NU1902: Package 'MessagePack' 2.5.108 has a known moderate severity vulnerability, https://github.com/advisories/GHSA-cxmj-83gh-fp49
C:\projects\platform-engineering-copilot\tests\Platform.Engineering.Copilot.Mcp.Tests\Platform.Engineering.Copilot.Mcp.Tests.csproj : warning NU1903: Package 'MessagePack' 2.5.108 has a known high severity vulnerability, https://github.com/advisories/GHSA-hv8m-jj95-wg3x
C:\projects\platform-engineering-copilot\tests\Platform.Engineering.Copilot.Mcp.Tests\Platform.Engineering.Copilot.Mcp.Tests.csproj : warning NU1902: Package 'MessagePack' 2.5.108 has a known moderate severity vulnerability, https://github.com/advisories/GHSA-q2h6-ghwm-5qm8
C:\projects\platform-engineering-copilot\tests\Platform.Engineering.Copilot.Mcp.Tests\Platform.Engineering.Copilot.Mcp.Tests.csproj : warning NU1902: Package 'MessagePack' 2.5.108 has a known moderate severity vulnerability, https://github.com/advisories/GHSA-qhmf-xw27-6rqr
C:\projects\platform-engineering-copilot\tests\Platform.Engineering.Copilot.Mcp.Tests\Platform.Engineering.Copilot.Mcp.Tests.csproj : warning NU1902: Package 'MessagePack' 2.5.108 has a known moderate severity vulnerability, https://github.com/advisories/GHSA-v72x-2h86-7f8m
C:\projects\platform-engineering-copilot\tests\Platform.Engineering.Copilot.Mcp.Tests\Platform.Engineering.Copilot.Mcp.Tests.csproj : warning NU1903: Package 'MessagePack' 2.5.108 has a known high severity vulnerability, https://github.com/advisories/GHSA-vh6j-jc39-fggf
C:\projects\platform-engineering-copilot\tests\Platform.Engineering.Copilot.Mcp.Tests\Platform.Engineering.Copilot.Mcp.Tests.csproj : warning NU1902: Package 'MessagePack' 2.5.108 has a known moderate severity vulnerability, https://github.com/advisories/GHSA-w567-gjr2-hm5j
C:\projects\platform-engineering-copilot\tests\Platform.Engineering.Copilot.Mcp.Tests\Platform.Engineering.Copilot.Mcp.Tests.csproj : warning NU1902: Package 'MessagePack' 2.5.108 has a known moderate severity vulnerability, https://github.com/advisories/GHSA-wfr3-xj75-pfwh
C:\projects\platform-engineering-copilot\tests\Platform.Engineering.Copilot.Mcp.Tests\Platform.Engineering.Copilot.Mcp.Tests.csproj : warning NU1903: Package 'Microsoft.Kiota.Abstractions' 1.13.0 has a known high severity vulnerability, https://github.com/advisories/GHSA-7j59-v9qr-6fq9
C:\projects\platform-engineering-copilot\tests\Platform.Engineering.Copilot.Mcp.Tests\Platform.Engineering.Copilot.Mcp.Tests.csproj : warning NU1902: Package 'Microsoft.Rest.ClientRuntime' 2.3.20 has a known moderate severity vulnerability, https://github.com/advisories/GHSA-whph-446h-6m9v
C:\projects\platform-engineering-copilot\tests\Platform.Engineering.Copilot.Mcp.Tests\Platform.Engineering.Copilot.Mcp.Tests.csproj : warning NU1904: Package 'Microsoft.SemanticKernel.Core' 1.26.0 has a known critical severity vulnerability, https://github.com/advisories/GHSA-2ww3-72rp-wpp4
C:\projects\platform-engineering-copilot\tests\Platform.Engineering.Copilot.Mcp.Tests\Platform.Engineering.Copilot.Mcp.Tests.csproj : warning NU1902: Package 'OpenTelemetry.Api' 1.8.1 has a known moderate severity vulnerability, https://github.com/advisories/GHSA-g94r-2vxg-569j
C:\projects\platform-engineering-copilot\tests\Platform.Engineering.Copilot.Mcp.Tests\Platform.Engineering.Copilot.Mcp.Tests.csproj : warning NU1903: Package 'System.Security.Cryptography.Xml' 9.0.0 has a known high severity vulnerability, https://github.com/advisories/GHSA-23rf-6693-g89p
C:\projects\platform-engineering-copilot\tests\Platform.Engineering.Copilot.Mcp.Tests\Platform.Engineering.Copilot.Mcp.Tests.csproj : warning NU1903: Package 'System.Security.Cryptography.Xml' 9.0.0 has a known high severity vulnerability, https://github.com/advisories/GHSA-37gx-xxp4-5rgx
C:\projects\platform-engineering-copilot\tests\Platform.Engineering.Copilot.Mcp.Tests\Platform.Engineering.Copilot.Mcp.Tests.csproj : warning NU1903: Package 'System.Security.Cryptography.Xml' 9.0.0 has a known high severity vulnerability, https://github.com/advisories/GHSA-6588-8gv4-xfgh
C:\projects\platform-engineering-copilot\tests\Platform.Engineering.Copilot.Mcp.Tests\Platform.Engineering.Copilot.Mcp.Tests.csproj : warning NU1903: Package 'System.Security.Cryptography.Xml' 9.0.0 has a known high severity vulnerability, https://github.com/advisories/GHSA-8q5v-6pqq-x66h
C:\projects\platform-engineering-copilot\tests\Platform.Engineering.Copilot.Mcp.Tests\Platform.Engineering.Copilot.Mcp.Tests.csproj : warning NU1903: Package 'System.Security.Cryptography.Xml' 9.0.0 has a known high severity vulnerability, https://github.com/advisories/GHSA-cvvh-rhrc-wg4q
C:\projects\platform-engineering-copilot\tests\Platform.Engineering.Copilot.Mcp.Tests\Platform.Engineering.Copilot.Mcp.Tests.csproj : warning NU1903: Package 'System.Security.Cryptography.Xml' 9.0.0 has a known high severity vulnerability, https://github.com/advisories/GHSA-g8r8-53c2-pm3f
C:\projects\platform-engineering-copilot\tests\Platform.Engineering.Copilot.Mcp.Tests\Platform.Engineering.Copilot.Mcp.Tests.csproj : warning NU1903: Package 'System.Security.Cryptography.Xml' 9.0.0 has a known high severity vulnerability, https://github.com/advisories/GHSA-mmjf-rqrv-855v
C:\projects\platform-engineering-copilot\tests\Platform.Engineering.Copilot.Mcp.Tests\Platform.Engineering.Copilot.Mcp.Tests.csproj : warning NU1903: Package 'System.Security.Cryptography.Xml' 9.0.0 has a known high severity vulnerability, https://github.com/advisories/GHSA-w3x6-4m5h-cxqf
C:\projects\platform-engineering-copilot\tests\Platform.Engineering.Copilot.Agents.Tests\Platform.Engineering.Copilot.Agents.Tests.csproj : warning NU1608: Detected package version outside of dependency constraint: Microsoft.SemanticKernel.Connectors.AzureOpenAI 1.26.0 requires Azure.AI.OpenAI (= 2.1.0-beta.1) but version Azure.AI.OpenAI 2.1.0 was resolved.
C:\projects\platform-engineering-copilot\tests\Platform.Engineering.Copilot.Agents.Tests\Platform.Engineering.Copilot.Agents.Tests.csproj : warning NU1608: Detected package version outside of dependency constraint: Microsoft.SemanticKernel.Connectors.OpenAI 1.26.0 requires OpenAI (= 2.1.0-beta.1) but version OpenAI 2.2.0-beta.4 was resolved.
C:\projects\platform-engineering-copilot\tests\Platform.Engineering.Copilot.Agents.Tests\Platform.Engineering.Copilot.Agents.Tests.csproj : warning NU1902: Package 'MessagePack' 2.5.108 has a known moderate severity vulnerability, https://github.com/advisories/GHSA-2f33-pr97-265q
C:\projects\platform-engineering-copilot\tests\Platform.Engineering.Copilot.Agents.Tests\Platform.Engineering.Copilot.Agents.Tests.csproj : warning NU1902: Package 'MessagePack' 2.5.108 has a known moderate severity vulnerability, https://github.com/advisories/GHSA-2x83-8g95-xh59
C:\projects\platform-engineering-copilot\tests\Platform.Engineering.Copilot.Agents.Tests\Platform.Engineering.Copilot.Agents.Tests.csproj : warning NU1902: Package 'MessagePack' 2.5.108 has a known moderate severity vulnerability, https://github.com/advisories/GHSA-4qm4-8hg2-g2xm
C:\projects\platform-engineering-copilot\tests\Platform.Engineering.Copilot.Agents.Tests\Platform.Engineering.Copilot.Agents.Tests.csproj : warning NU1902: Package 'MessagePack' 2.5.108 has a known moderate severity vulnerability, https://github.com/advisories/GHSA-cj9g-3mj2-g8vv
C:\projects\platform-engineering-copilot\tests\Platform.Engineering.Copilot.Agents.Tests\Platform.Engineering.Copilot.Agents.Tests.csproj : warning NU1902: Package 'MessagePack' 2.5.108 has a known moderate severity vulnerability, https://github.com/advisories/GHSA-cxmj-83gh-fp49
C:\projects\platform-engineering-copilot\tests\Platform.Engineering.Copilot.Agents.Tests\Platform.Engineering.Copilot.Agents.Tests.csproj : warning NU1903: Package 'MessagePack' 2.5.108 has a known high severity vulnerability, https://github.com/advisories/GHSA-hv8m-jj95-wg3x
C:\projects\platform-engineering-copilot\tests\Platform.Engineering.Copilot.Agents.Tests\Platform.Engineering.Copilot.Agents.Tests.csproj : warning NU1902: Package 'MessagePack' 2.5.108 has a known moderate severity vulnerability, https://github.com/advisories/GHSA-q2h6-ghwm-5qm8
C:\projects\platform-engineering-copilot\tests\Platform.Engineering.Copilot.Agents.Tests\Platform.Engineering.Copilot.Agents.Tests.csproj : warning NU1902: Package 'MessagePack' 2.5.108 has a known moderate severity vulnerability, https://github.com/advisories/GHSA-qhmf-xw27-6rqr
C:\projects\platform-engineering-copilot\tests\Platform.Engineering.Copilot.Agents.Tests\Platform.Engineering.Copilot.Agents.Tests.csproj : warning NU1902: Package 'MessagePack' 2.5.108 has a known moderate severity vulnerability, https://github.com/advisories/GHSA-v72x-2h86-7f8m
C:\projects\platform-engineering-copilot\tests\Platform.Engineering.Copilot.Agents.Tests\Platform.Engineering.Copilot.Agents.Tests.csproj : warning NU1903: Package 'MessagePack' 2.5.108 has a known high severity vulnerability, https://github.com/advisories/GHSA-vh6j-jc39-fggf
C:\projects\platform-engineering-copilot\tests\Platform.Engineering.Copilot.Agents.Tests\Platform.Engineering.Copilot.Agents.Tests.csproj : warning NU1902: Package 'MessagePack' 2.5.108 has a known moderate severity vulnerability, https://github.com/advisories/GHSA-w567-gjr2-hm5j
C:\projects\platform-engineering-copilot\tests\Platform.Engineering.Copilot.Agents.Tests\Platform.Engineering.Copilot.Agents.Tests.csproj : warning NU1902: Package 'MessagePack' 2.5.108 has a known moderate severity vulnerability, https://github.com/advisories/GHSA-wfr3-xj75-pfwh
C:\projects\platform-engineering-copilot\tests\Platform.Engineering.Copilot.Agents.Tests\Platform.Engineering.Copilot.Agents.Tests.csproj : warning NU1903: Package 'Microsoft.Kiota.Abstractions' 1.13.0 has a known high severity vulnerability, https://github.com/advisories/GHSA-7j59-v9qr-6fq9
C:\projects\platform-engineering-copilot\tests\Platform.Engineering.Copilot.Agents.Tests\Platform.Engineering.Copilot.Agents.Tests.csproj : warning NU1902: Package 'Microsoft.Rest.ClientRuntime' 2.3.20 has a known moderate severity vulnerability, https://github.com/advisories/GHSA-whph-446h-6m9v
C:\projects\platform-engineering-copilot\tests\Platform.Engineering.Copilot.Agents.Tests\Platform.Engineering.Copilot.Agents.Tests.csproj : warning NU1904: Package 'Microsoft.SemanticKernel.Core' 1.26.0 has a known critical severity vulnerability, https://github.com/advisories/GHSA-2ww3-72rp-wpp4
C:\projects\platform-engineering-copilot\tests\Platform.Engineering.Copilot.Agents.Tests\Platform.Engineering.Copilot.Agents.Tests.csproj : warning NU1903: Package 'System.Security.Cryptography.Xml' 9.0.0 has a known high severity vulnerability, https://github.com/advisories/GHSA-23rf-6693-g89p
C:\projects\platform-engineering-copilot\tests\Platform.Engineering.Copilot.Agents.Tests\Platform.Engineering.Copilot.Agents.Tests.csproj : warning NU1903: Package 'System.Security.Cryptography.Xml' 9.0.0 has a known high severity vulnerability, https://github.com/advisories/GHSA-37gx-xxp4-5rgx
C:\projects\platform-engineering-copilot\tests\Platform.Engineering.Copilot.Agents.Tests\Platform.Engineering.Copilot.Agents.Tests.csproj : warning NU1903: Package 'System.Security.Cryptography.Xml' 9.0.0 has a known high severity vulnerability, https://github.com/advisories/GHSA-6588-8gv4-xfgh
C:\projects\platform-engineering-copilot\tests\Platform.Engineering.Copilot.Agents.Tests\Platform.Engineering.Copilot.Agents.Tests.csproj : warning NU1903: Package 'System.Security.Cryptography.Xml' 9.0.0 has a known high severity vulnerability, https://github.com/advisories/GHSA-8q5v-6pqq-x66h
C:\projects\platform-engineering-copilot\tests\Platform.Engineering.Copilot.Agents.Tests\Platform.Engineering.Copilot.Agents.Tests.csproj : warning NU1903: Package 'System.Security.Cryptography.Xml' 9.0.0 has a known high severity vulnerability, https://github.com/advisories/GHSA-cvvh-rhrc-wg4q
C:\projects\platform-engineering-copilot\tests\Platform.Engineering.Copilot.Agents.Tests\Platform.Engineering.Copilot.Agents.Tests.csproj : warning NU1903: Package 'System.Security.Cryptography.Xml' 9.0.0 has a known high severity vulnerability, https://github.com/advisories/GHSA-g8r8-53c2-pm3f
C:\projects\platform-engineering-copilot\tests\Platform.Engineering.Copilot.Agents.Tests\Platform.Engineering.Copilot.Agents.Tests.csproj : warning NU1903: Package 'System.Security.Cryptography.Xml' 9.0.0 has a known high severity vulnerability, https://github.com/advisories/GHSA-mmjf-rqrv-855v
C:\projects\platform-engineering-copilot\tests\Platform.Engineering.Copilot.Agents.Tests\Platform.Engineering.Copilot.Agents.Tests.csproj : warning NU1903: Package 'System.Security.Cryptography.Xml' 9.0.0 has a known high severity vulnerability, https://github.com/advisories/GHSA-w3x6-4m5h-cxqf
C:\projects\platform-engineering-copilot\src\Platform.Engineering.Copilot.Core\Platform.Engineering.Copilot.Core.csproj : warning NU1510: PackageReference System.Text.Json will not be pruned. This package is automatically available and does not need to be referenced explicitly. Remove the PackageReference item.
C:\projects\platform-engineering-copilot\src\Platform.Engineering.Copilot.Core\Platform.Engineering.Copilot.Core.csproj : warning NU1510: PackageReference System.Text.RegularExpressions will not be pruned. This package is automatically available and does not need to be referenced explicitly. Remove the PackageReference item.
C:\projects\platform-engineering-copilot\src\Platform.Engineering.Copilot.Core\Platform.Engineering.Copilot.Core.csproj : warning NU1902: Package 'MessagePack' 2.5.108 has a known moderate severity vulnerability, https://github.com/advisories/GHSA-2f33-pr97-265q
C:\projects\platform-engineering-copilot\src\Platform.Engineering.Copilot.Core\Platform.Engineering.Copilot.Core.csproj : warning NU1902: Package 'MessagePack' 2.5.108 has a known moderate severity vulnerability, https://github.com/advisories/GHSA-2x83-8g95-xh59
C:\projects\platform-engineering-copilot\src\Platform.Engineering.Copilot.Core\Platform.Engineering.Copilot.Core.csproj : warning NU1902: Package 'MessagePack' 2.5.108 has a known moderate severity vulnerability, https://github.com/advisories/GHSA-4qm4-8hg2-g2xm
C:\projects\platform-engineering-copilot\src\Platform.Engineering.Copilot.Core\Platform.Engineering.Copilot.Core.csproj : warning NU1902: Package 'MessagePack' 2.5.108 has a known moderate severity vulnerability, https://github.com/advisories/GHSA-cj9g-3mj2-g8vv
C:\projects\platform-engineering-copilot\src\Platform.Engineering.Copilot.Core\Platform.Engineering.Copilot.Core.csproj : warning NU1902: Package 'MessagePack' 2.5.108 has a known moderate severity vulnerability, https://github.com/advisories/GHSA-cxmj-83gh-fp49
C:\projects\platform-engineering-copilot\src\Platform.Engineering.Copilot.Core\Platform.Engineering.Copilot.Core.csproj : warning NU1903: Package 'MessagePack' 2.5.108 has a known high severity vulnerability, https://github.com/advisories/GHSA-hv8m-jj95-wg3x
C:\projects\platform-engineering-copilot\src\Platform.Engineering.Copilot.Core\Platform.Engineering.Copilot.Core.csproj : warning NU1902: Package 'MessagePack' 2.5.108 has a known moderate severity vulnerability, https://github.com/advisories/GHSA-q2h6-ghwm-5qm8
C:\projects\platform-engineering-copilot\src\Platform.Engineering.Copilot.Core\Platform.Engineering.Copilot.Core.csproj : warning NU1902: Package 'MessagePack' 2.5.108 has a known moderate severity vulnerability, https://github.com/advisories/GHSA-qhmf-xw27-6rqr
C:\projects\platform-engineering-copilot\src\Platform.Engineering.Copilot.Core\Platform.Engineering.Copilot.Core.csproj : warning NU1902: Package 'MessagePack' 2.5.108 has a known moderate severity vulnerability, https://github.com/advisories/GHSA-v72x-2h86-7f8m
C:\projects\platform-engineering-copilot\src\Platform.Engineering.Copilot.Core\Platform.Engineering.Copilot.Core.csproj : warning NU1903: Package 'MessagePack' 2.5.108 has a known high severity vulnerability, https://github.com/advisories/GHSA-vh6j-jc39-fggf
C:\projects\platform-engineering-copilot\src\Platform.Engineering.Copilot.Core\Platform.Engineering.Copilot.Core.csproj : warning NU1902: Package 'MessagePack' 2.5.108 has a known moderate severity vulnerability, https://github.com/advisories/GHSA-w567-gjr2-hm5j
C:\projects\platform-engineering-copilot\src\Platform.Engineering.Copilot.Core\Platform.Engineering.Copilot.Core.csproj : warning NU1902: Package 'MessagePack' 2.5.108 has a known moderate severity vulnerability, https://github.com/advisories/GHSA-wfr3-xj75-pfwh
C:\projects\platform-engineering-copilot\src\Platform.Engineering.Copilot.Core\Platform.Engineering.Copilot.Core.csproj : warning NU1903: Package 'Microsoft.Kiota.Abstractions' 1.13.0 has a known high severity vulnerability, https://github.com/advisories/GHSA-7j59-v9qr-6fq9
C:\projects\platform-engineering-copilot\src\Platform.Engineering.Copilot.Core\Platform.Engineering.Copilot.Core.csproj : warning NU1902: Package 'Microsoft.Rest.ClientRuntime' 2.3.20 has a known moderate severity vulnerability, https://github.com/advisories/GHSA-whph-446h-6m9v
C:\projects\platform-engineering-copilot\src\Platform.Engineering.Copilot.Core\Platform.Engineering.Copilot.Core.csproj : warning NU1904: Package 'Microsoft.SemanticKernel.Core' 1.26.0 has a known critical severity vulnerability, https://github.com/advisories/GHSA-2ww3-72rp-wpp4
C:\projects\platform-engineering-copilot\src\Platform.Engineering.Copilot.Core\Platform.Engineering.Copilot.Core.csproj : warning NU1903: Package 'System.IO.Packaging' 8.0.0 has a known high severity vulnerability, https://github.com/advisories/GHSA-f32c-w444-8ppv
C:\projects\platform-engineering-copilot\src\Platform.Engineering.Copilot.Core\Platform.Engineering.Copilot.Core.csproj : warning NU1903: Package 'System.IO.Packaging' 8.0.0 has a known high severity vulnerability, https://github.com/advisories/GHSA-qj66-m88j-hmgj
C:\projects\platform-engineering-copilot\src\Platform.Engineering.Copilot.Core\Platform.Engineering.Copilot.Core.csproj : warning NU1903: Package 'System.Security.Cryptography.Xml' 9.0.0 has a known high severity vulnerability, https://github.com/advisories/GHSA-23rf-6693-g89p
C:\projects\platform-engineering-copilot\src\Platform.Engineering.Copilot.Core\Platform.Engineering.Copilot.Core.csproj : warning NU1903: Package 'System.Security.Cryptography.Xml' 9.0.0 has a known high severity vulnerability, https://github.com/advisories/GHSA-37gx-xxp4-5rgx
C:\projects\platform-engineering-copilot\src\Platform.Engineering.Copilot.Core\Platform.Engineering.Copilot.Core.csproj : warning NU1903: Package 'System.Security.Cryptography.Xml' 9.0.0 has a known high severity vulnerability, https://github.com/advisories/GHSA-6588-8gv4-xfgh
C:\projects\platform-engineering-copilot\src\Platform.Engineering.Copilot.Core\Platform.Engineering.Copilot.Core.csproj : warning NU1903: Package 'System.Security.Cryptography.Xml' 9.0.0 has a known high severity vulnerability, https://github.com/advisories/GHSA-8q5v-6pqq-x66h
C:\projects\platform-engineering-copilot\src\Platform.Engineering.Copilot.Core\Platform.Engineering.Copilot.Core.csproj : warning NU1903: Package 'System.Security.Cryptography.Xml' 9.0.0 has a known high severity vulnerability, https://github.com/advisories/GHSA-cvvh-rhrc-wg4q
C:\projects\platform-engineering-copilot\src\Platform.Engineering.Copilot.Core\Platform.Engineering.Copilot.Core.csproj : warning NU1903: Package 'System.Security.Cryptography.Xml' 9.0.0 has a known high severity vulnerability, https://github.com/advisories/GHSA-g8r8-53c2-pm3f
C:\projects\platform-engineering-copilot\src\Platform.Engineering.Copilot.Core\Platform.Engineering.Copilot.Core.csproj : warning NU1903: Package 'System.Security.Cryptography.Xml' 9.0.0 has a known high severity vulnerability, https://github.com/advisories/GHSA-mmjf-rqrv-855v
C:\projects\platform-engineering-copilot\src\Platform.Engineering.Copilot.Core\Platform.Engineering.Copilot.Core.csproj : warning NU1903: Package 'System.Security.Cryptography.Xml' 9.0.0 has a known high severity vulnerability, https://github.com/advisories/GHSA-w3x6-4m5h-cxqf
C:\projects\platform-engineering-copilot\src\Platform.Engineering.Copilot.Core\Data\Repositories\ComplianceAssessmentRepository.cs(12,47): error CS0535: 'ComplianceAssessmentRepository' does not implement interface member 'IComplianceAssessmentRepository.GetBySubscriptionAsync(string, CancellationToken)' [C:\projects\platform-engineering-copilot\src\Platform.Engineering.Copilot.Core\Platform.Engineering.Copilot.Core.csproj]
    414 Warning(s)
    1 Error(s)

Time Elapsed 00:00:04.61
